CMD:bin/cbp.cai traces/media/media_3_trace.gz
CSC TABLE SIZE: 69125000000 instrs 
10000000 instrs 
15000000 instrs 
20000000 instrs 
EOF
WINDOW_SIZE = 1024
FETCH_WIDTH = 16
FETCH_NUM_BRANCH = 16
FETCH_STOP_AT_INDIRECT = 1
FETCH_STOP_AT_TAKEN = 1
FETCH_MODEL_ICACHE = 1
PERFECT_BRANCH_PRED = 0
PERFECT_INDIRECT_PRED = 1
PIPELINE_FILL_LATENCY = 10
NUM_LDST_LANES = 8
NUM_ALU_LANES = 16
MEMORY HIERARCHY CONFIGURATION---------------------
STRIDE Prefetcher = 1
PERFECT_CACHE = 0
WRITE_ALLOCATE = 1
Within-pipeline factors:
	AGEN latency = 1 cycle
	Store Queue (SQ): SQ size = window size, oracle memory disambiguation, store-load forwarding = 1 cycle after store's or load's agen.
	* Note: A store searches the L1$ at commit. The store is released
	* from the SQ and window, whether it hits or misses. Store misses
	* are buffered until the block is allocated and the store is
	* performed in the L1$. While buffered, conflicting loads get
	* the store's data as they would from the SQ.
I$: 128 KB, 8-way set-assoc., 64B block size
L1$: 128 KB, 8-way set-assoc., 64B block size, 3-cycle search latency
L2$: 4 MB, 8-way set-assoc., 64B block size, 12-cycle search latency
L3$: 32 MB, 16-way set-assoc., 128B block size, 50-cycle search latency
Main Memory: 150-cycle fixed search time
---------------------------STORE QUEUE MEASUREMENTS (Full Simulation i.e. Counts Not Reset When Warmup Ends)---------------------------
Number of loads: 5528910
Number of loads that miss in SQ: 4070015 (73.61%)
Number of PFs issued to the memory system 576046
---------------------------------------------------------------------------------------------------------------------------------------
------------------------MEMORY HIERARCHY MEASUREMENTS (Full Simulation i.e. Counts Not Reset When Warmup Ends)-------------------------
I$:
	accesses   = 25633385
	misses     = 4126
	miss ratio = 0.02%
	pf accesses   = 0
	pf misses     = 0
	pf miss ratio = -nan%
L1$:
	accesses   = 7816636
	misses     = 9985
	miss ratio = 0.13%
	pf accesses   = 576046
	pf misses     = 1520
	pf miss ratio = 0.26%
L2$:
	accesses   = 14111
	misses     = 5675
	miss ratio = 40.22%
	pf accesses   = 1520
	pf misses     = 805
	pf miss ratio = 52.96%
L3$:
	accesses   = 5675
	misses     = 3246
	miss ratio = 57.20%
	pf accesses   = 805
	pf misses     = 478
	pf miss ratio = 59.38%
---------------------------------------------------------------------------------------------------------------------------------------
----------------------------------------------Prefetcher (Full Simulation i.e. No Warmup)----------------------------------------------
Num Trainings :5528910
Num Prefetches generated :613649
Num Prefetches issued :3266968
Num Prefetches filtered by PF queue :277451
Num untimely prefetches dropped from PF queue :37603
Num prefetches not issued LDST contention :2690922
Num prefetches not issued stride 0 :1370082
---------------------------------------------------------------------------------------------------------------------------------------

-------------------------------ILP LIMIT STUDY (Full Simulation i.e. Counts Not Reset When Warmup Ends)--------------------------------
instructions = 20000046
cycles       = 3509777
CycWP        = 710368
IPC          = 5.6984

---------------------------------------------------------------------------------------------------------------------------------------

-----------------------------------------------BRANCH PREDICTION MEASUREMENTS (Full Simulation i.e. Counts Not Reset When Warmup Ends)----------------------------------------------
Type                   NumBr     MispBr        mr     mpki
CondDirect          1130407      26886   2.3784%   1.3443
JumpDirect           262037          0   0.0000%   0.0000
JumpIndirect         101821          0   0.0000%   0.0000
JumpReturn           221710          0   0.0000%   0.0000
Not control        23917410          0   0.0000%   0.0000
------------------------------------------------------------------------------------------------------------------------------------------------------------------------------------

------------------------------------------------------DIRECT CONDITIONAL BRANCH PREDICTION MEASUREMENTS (Last 10M instructions)-----------------------------------------------------
       Instr       Cycles      IPC      NumBr     MispBr BrPerCyc MispBrPerCyc        MR     MPKI      CycWP   CycWPAvg   CycWPPKI
    10000046      1589100   6.2929     568763      11678   0.3579       0.0073   2.0532%   1.1678     322555    27.6207    32.2554
------------------------------------------------------------------------------------------------------------------------------------------------------------------------------------

------------------------------------------------------DIRECT CONDITIONAL BRANCH PREDICTION MEASUREMENTS (Last 25M instructions)-----------------------------------------------------
       Instr       Cycles      IPC      NumBr     MispBr BrPerCyc MispBrPerCyc        MR     MPKI      CycWP   CycWPAvg   CycWPPKI
    20000046      3509777   5.6984    1130407      26886   0.3221       0.0077   2.3784%   1.3443     710368    26.4215    35.5183
-------------------------------------------------------------------------------------------------------------------------------------------------------------------------------------

---------------------------------------------------------DIRECT CONDITIONAL BRANCH PREDICTION MEASUREMENTS (50 Perc instructions)---------------------------------------------------
       Instr       Cycles      IPC      NumBr     MispBr BrPerCyc MispBrPerCyc        MR     MPKI      CycWP   CycWPAvg   CycWPPKI
    10000046      1589100   6.2929     568763      11678   0.3579       0.0073   2.0532%   1.1678     322555    27.6207    32.2554
------------------------------------------------------------------------------------------------------------------------------------------------------------------------------------

-------------------------------------DIRECT CONDITIONAL BRANCH PREDICTION MEASUREMENTS (Full Simulation i.e. Counts Not Reset When Warmup Ends)-------------------------------------
       Instr       Cycles      IPC      NumBr     MispBr BrPerCyc MispBrPerCyc        MR     MPKI      CycWP   CycWPAvg   CycWPPKI
    20000046      3509777   5.6984    1130407      26886   0.3221       0.0077   2.3784%   1.3443     710368    26.4215    35.5183
------------------------------------------------------------------------------------------------------------------------------------------------------------------------------------
 Read 20000046 instrs 

ExecTime = 196.43095111846924
