CMD:bin/cbp.tage192 traces/int/int_32_trace.gz
 (TOTAL 1559831 bits 190.4 KBs) 5000000 instrs 
10000000 instrs 
15000000 instrs 
20000000 instrs 
25000000 instrs 
30000000 instrs 
35000000 instrs 
40000000 instrs 
45000000 instrs 
50000000 instrs 
55000000 instrs 
60000000 instrs 
65000000 instrs 
70000000 instrs 
75000000 instrs 
80000000 instrs 
85000000 instrs 
90000000 instrs 
95000000 instrs 
100000000 instrs 
105000000 instrs 
110000000 instrs 
EOF
WINDOW_SIZE = 1024
FETCH_WIDTH = 16
FETCH_NUM_BRANCH = 16
FETCH_STOP_AT_INDIRECT = 1
FETCH_STOP_AT_TAKEN = 1
FETCH_MODEL_ICACHE = 1
PERFECT_BRANCH_PRED = 0
PERFECT_INDIRECT_PRED = 1
PIPELINE_FILL_LATENCY = 10
NUM_LDST_LANES = 8
NUM_ALU_LANES = 16
MEMORY HIERARCHY CONFIGURATION---------------------
STRIDE Prefetcher = 1
PERFECT_CACHE = 0
WRITE_ALLOCATE = 1
Within-pipeline factors:
	AGEN latency = 1 cycle
	Store Queue (SQ): SQ size = window size, oracle memory disambiguation, store-load forwarding = 1 cycle after store's or load's agen.
	* Note: A store searches the L1$ at commit. The store is released
	* from the SQ and window, whether it hits or misses. Store misses
	* are buffered until the block is allocated and the store is
	* performed in the L1$. While buffered, conflicting loads get
	* the store's data as they would from the SQ.
I$: 128 KB, 8-way set-assoc., 64B block size
L1$: 128 KB, 8-way set-assoc., 64B block size, 3-cycle search latency
L2$: 4 MB, 8-way set-assoc., 64B block size, 12-cycle search latency
L3$: 32 MB, 16-way set-assoc., 128B block size, 50-cycle search latency
Main Memory: 150-cycle fixed search time
---------------------------STORE QUEUE MEASUREMENTS (Full Simulation i.e. Counts Not Reset When Warmup Ends)---------------------------
Number of loads: 23777737
Number of loads that miss in SQ: 20713605 (87.11%)
Number of PFs issued to the memory system 5606379
---------------------------------------------------------------------------------------------------------------------------------------
------------------------MEMORY HIERARCHY MEASUREMENTS (Full Simulation i.e. Counts Not Reset When Warmup Ends)-------------------------
I$:
	accesses   = 112478986
	misses     = 321
	miss ratio = 0.00%
	pf accesses   = 0
	pf misses     = 0
	pf miss ratio = -nan%
L1$:
	accesses   = 31229540
	misses     = 837726
	miss ratio = 2.68%
	pf accesses   = 5606379
	pf misses     = 54359
	pf miss ratio = 0.97%
L2$:
	accesses   = 838047
	misses     = 507221
	miss ratio = 60.52%
	pf accesses   = 54359
	pf misses     = 8428
	pf miss ratio = 15.50%
L3$:
	accesses   = 507221
	misses     = 242431
	miss ratio = 47.80%
	pf accesses   = 8428
	pf misses     = 1435
	pf miss ratio = 17.03%
---------------------------------------------------------------------------------------------------------------------------------------
----------------------------------------------Prefetcher (Full Simulation i.e. No Warmup)----------------------------------------------
Num Trainings :23777737
Num Prefetches generated :5617231
Num Prefetches issued :6598425
Num Prefetches filtered by PF queue :27663
Num untimely prefetches dropped from PF queue :10852
Num prefetches not issued LDST contention :992046
Num prefetches not issued stride 0 :8409602
---------------------------------------------------------------------------------------------------------------------------------------

-------------------------------ILP LIMIT STUDY (Full Simulation i.e. Counts Not Reset When Warmup Ends)--------------------------------
instructions = 110000052
cycles       = 85487934
CycWP        = 73315967
IPC          = 1.2867

---------------------------------------------------------------------------------------------------------------------------------------

-----------------------------------------------BRANCH PREDICTION MEASUREMENTS (Full Simulation i.e. Counts Not Reset When Warmup Ends)----------------------------------------------
Type                   NumBr     MispBr        mr     mpki
CondDirect         12636052     728758   5.7673%   6.6251
JumpDirect           925785          0   0.0000%   0.0000
JumpIndirect         379166          0   0.0000%   0.0000
JumpReturn            95339          0   0.0000%   0.0000
Not control        98442644          0   0.0000%   0.0000
------------------------------------------------------------------------------------------------------------------------------------------------------------------------------------

------------------------------------------------------DIRECT CONDITIONAL BRANCH PREDICTION MEASUREMENTS (Last 10M instructions)-----------------------------------------------------
       Instr       Cycles      IPC      NumBr     MispBr BrPerCyc MispBrPerCyc        MR     MPKI      CycWP   CycWPAvg   CycWPPKI
    10000052      6339690   1.5774    1149333      61228   0.1813       0.0097   5.3273%   6.1228    5269424    86.0623   526.9397
------------------------------------------------------------------------------------------------------------------------------------------------------------------------------------

------------------------------------------------------DIRECT CONDITIONAL BRANCH PREDICTION MEASUREMENTS (Last 25M instructions)-----------------------------------------------------
       Instr       Cycles      IPC      NumBr     MispBr BrPerCyc MispBrPerCyc        MR     MPKI      CycWP   CycWPAvg   CycWPPKI
    25000052     16249946   1.5385    2869319     160152   0.1766       0.0099   5.5815%   6.4061   13566245    84.7086   542.6487
-------------------------------------------------------------------------------------------------------------------------------------------------------------------------------------

---------------------------------------------------------DIRECT CONDITIONAL BRANCH PREDICTION MEASUREMENTS (50 Perc instructions)---------------------------------------------------
       Instr       Cycles      IPC      NumBr     MispBr BrPerCyc MispBrPerCyc        MR     MPKI      CycWP   CycWPAvg   CycWPPKI
    55000052     37577176   1.4637    6322521     358123   0.1683       0.0095   5.6642%   6.5113   31573044    88.1626   574.0548
------------------------------------------------------------------------------------------------------------------------------------------------------------------------------------

-------------------------------------DIRECT CONDITIONAL BRANCH PREDICTION MEASUREMENTS (Full Simulation i.e. Counts Not Reset When Warmup Ends)-------------------------------------
       Instr       Cycles      IPC      NumBr     MispBr BrPerCyc MispBrPerCyc        MR     MPKI      CycWP   CycWPAvg   CycWPPKI
   110000052     85487934   1.2867   12636052     728758   0.1478       0.0085   5.7673%   6.6251   73315967   100.6040   666.5085
------------------------------------------------------------------------------------------------------------------------------------------------------------------------------------
 Read 110000052 instrs 

 (TAGE 1354797)  (LOOP 9984)  (SC 195050)  (TOTAL 1559831 bits 190.4 KBs) 
ExecTime = 1236.535926103592
