CMD:bin/cbp.tage192 traces/int/int_4_trace.gz
 (TOTAL 1559831 bits 190.4 KBs) 5000000 instrs 
10000000 instrs 
15000000 instrs 
20000000 instrs 
25000000 instrs 
30000000 instrs 
35000000 instrs 
40000000 instrs 
45000000 instrs 
50000000 instrs 
55000000 instrs 
EOF
WINDOW_SIZE = 1024
FETCH_WIDTH = 16
FETCH_NUM_BRANCH = 16
FETCH_STOP_AT_INDIRECT = 1
FETCH_STOP_AT_TAKEN = 1
FETCH_MODEL_ICACHE = 1
PERFECT_BRANCH_PRED = 0
PERFECT_INDIRECT_PRED = 1
PIPELINE_FILL_LATENCY = 10
NUM_LDST_LANES = 8
NUM_ALU_LANES = 16
MEMORY HIERARCHY CONFIGURATION---------------------
STRIDE Prefetcher = 1
PERFECT_CACHE = 0
WRITE_ALLOCATE = 1
Within-pipeline factors:
	AGEN latency = 1 cycle
	Store Queue (SQ): SQ size = window size, oracle memory disambiguation, store-load forwarding = 1 cycle after store's or load's agen.
	* Note: A store searches the L1$ at commit. The store is released
	* from the SQ and window, whether it hits or misses. Store misses
	* are buffered until the block is allocated and the store is
	* performed in the L1$. While buffered, conflicting loads get
	* the store's data as they would from the SQ.
I$: 128 KB, 8-way set-assoc., 64B block size
L1$: 128 KB, 8-way set-assoc., 64B block size, 3-cycle search latency
L2$: 4 MB, 8-way set-assoc., 64B block size, 12-cycle search latency
L3$: 32 MB, 16-way set-assoc., 128B block size, 50-cycle search latency
Main Memory: 150-cycle fixed search time
---------------------------STORE QUEUE MEASUREMENTS (Full Simulation i.e. Counts Not Reset When Warmup Ends)---------------------------
Number of loads: 15430338
Number of loads that miss in SQ: 12970587 (84.06%)
Number of PFs issued to the memory system 2045026
---------------------------------------------------------------------------------------------------------------------------------------
------------------------MEMORY HIERARCHY MEASUREMENTS (Full Simulation i.e. Counts Not Reset When Warmup Ends)-------------------------
I$:
	accesses   = 68723301
	misses     = 38138
	miss ratio = 0.06%
	pf accesses   = 0
	pf misses     = 0
	pf miss ratio = -nan%
L1$:
	accesses   = 24046369
	misses     = 48123
	miss ratio = 0.20%
	pf accesses   = 2045026
	pf misses     = 12634
	pf miss ratio = 0.62%
L2$:
	accesses   = 86261
	misses     = 27495
	miss ratio = 31.87%
	pf accesses   = 12634
	pf misses     = 11086
	pf miss ratio = 87.75%
L3$:
	accesses   = 27495
	misses     = 16823
	miss ratio = 61.19%
	pf accesses   = 11086
	pf misses     = 5559
	pf miss ratio = 50.14%
---------------------------------------------------------------------------------------------------------------------------------------
----------------------------------------------Prefetcher (Full Simulation i.e. No Warmup)----------------------------------------------
Num Trainings :15430338
Num Prefetches generated :2052027
Num Prefetches issued :4045294
Num Prefetches filtered by PF queue :171208
Num untimely prefetches dropped from PF queue :7001
Num prefetches not issued LDST contention :2000268
Num prefetches not issued stride 0 :4995635
---------------------------------------------------------------------------------------------------------------------------------------

-------------------------------ILP LIMIT STUDY (Full Simulation i.e. Counts Not Reset When Warmup Ends)--------------------------------
instructions = 59999657
cycles       = 13484491
CycWP        = 4961649
IPC          = 4.4495

---------------------------------------------------------------------------------------------------------------------------------------

-----------------------------------------------BRANCH PREDICTION MEASUREMENTS (Full Simulation i.e. Counts Not Reset When Warmup Ends)----------------------------------------------
Type                   NumBr     MispBr        mr     mpki
CondDirect          7683892     229641   2.9886%   3.8274
JumpDirect          1614191          0   0.0000%   0.0000
JumpIndirect         199504          0   0.0000%   0.0000
JumpReturn           784179          0   0.0000%   0.0000
Not control        58441535          0   0.0000%   0.0000
------------------------------------------------------------------------------------------------------------------------------------------------------------------------------------

------------------------------------------------------DIRECT CONDITIONAL BRANCH PREDICTION MEASUREMENTS (Last 10M instructions)-----------------------------------------------------
       Instr       Cycles      IPC      NumBr     MispBr BrPerCyc MispBrPerCyc        MR     MPKI      CycWP   CycWPAvg   CycWPPKI
    10999657      2325003   4.7310    1446743      37611   0.6223       0.0162   2.5997%   3.4193     801171    21.3015    72.8360
------------------------------------------------------------------------------------------------------------------------------------------------------------------------------------

------------------------------------------------------DIRECT CONDITIONAL BRANCH PREDICTION MEASUREMENTS (Last 25M instructions)-----------------------------------------------------
       Instr       Cycles      IPC      NumBr     MispBr BrPerCyc MispBrPerCyc        MR     MPKI      CycWP   CycWPAvg   CycWPPKI
    25999657      5556025   4.6795    3403917      92074   0.6127       0.0166   2.7049%   3.5414    1961554    21.3041    75.4454
-------------------------------------------------------------------------------------------------------------------------------------------------------------------------------------

---------------------------------------------------------DIRECT CONDITIONAL BRANCH PREDICTION MEASUREMENTS (50 Perc instructions)---------------------------------------------------
       Instr       Cycles      IPC      NumBr     MispBr BrPerCyc MispBrPerCyc        MR     MPKI      CycWP   CycWPAvg   CycWPPKI
    30999657      6705090   4.6233    4061423     113789   0.6057       0.0170   2.8017%   3.6707    2418850    21.2573    78.0283
------------------------------------------------------------------------------------------------------------------------------------------------------------------------------------

-------------------------------------DIRECT CONDITIONAL BRANCH PREDICTION MEASUREMENTS (Full Simulation i.e. Counts Not Reset When Warmup Ends)-------------------------------------
       Instr       Cycles      IPC      NumBr     MispBr BrPerCyc MispBrPerCyc        MR     MPKI      CycWP   CycWPAvg   CycWPPKI
    59999657     13484491   4.4495    7683892     229641   0.5698       0.0170   2.9886%   3.8274    4961649    21.6061    82.6946
------------------------------------------------------------------------------------------------------------------------------------------------------------------------------------
 Read 59999657 instrs 

 (TAGE 1354797)  (LOOP 9984)  (SC 195050)  (TOTAL 1559831 bits 190.4 KBs) 
ExecTime = 902.5279638767242
