CMD:bin/cbp.man traces/infra/infra_1_trace.gz
 (TAGE 1217581)  (LOOP 3648)  (SC 197568) 
 (TOTAL 1418797 bits 173.192993 KB) 
 TAGE Low Bank Used: 6
 TAGE High Bank Used: 15
 (Hard Branch Table 4559)  (Correlation Table 108576)  (Load Value Correlated Predictor Top 40041) 
 (Load Value Correlated Predictor TOTAL 18.698242 KB) 
 (Hard Branch Table 4559)  (Correlation Table 108576)  (Load Value Correlated Predictor Top 40041) 
 (Load Value Correlated Predictor TOTAL 18.698242 KB) 
[0, 0x800020a8], 33554563
[0x400000701840, 0xffff000008081c04], 288224878595563536
[0x706060, 0xffff000008081c04], 288225978107191024
[0x40000061dae0, 0xffff000008081c04], 288224878595578118
[0x40000061dae0, 0xffff000008081c04], 288224878595578118
[0x40000061dae0, 0xffff000008081c04], 288224878595578118
[0x40000061d224, 0xffff000008081c04], 288224878595578153
[0x4000006696dc, 0xffff000008081c04], 288224878595573270
[0x40000061d224, 0xffff000008081c04], 288224878595578153
[0x40000061d2f0, 0xffff000008081c04], 288224878595578150
[0x40000061b2f8, 0xffff000008081c04], 288224878595578278
[0x400000489dd0, 0xffff000008081c04], 288224878595603962
[0x4000006fc290, 0xffff000008081c04], 288224878595563879
[0x4000006fc604, 0xffff000008081c04], 288224878595563865
[0xffffbf6b6980, 0xffff000008081c04], 288221580077724363
[0xffffbf6b6980, 0xffff000008081c04], 288221580077724363
[0xffffbf6b68a0, 0xffff000008081c04], 288221580077724367
[0xffffbf6b68a0, 0xffff000008081c04], 288221580077724367
[0xffffbf6b68a0, 0xffff000008081c04], 288221580077724367
[0xffffbf6b68a0, 0xffff000008081c04], 288221580077724367
[0xffffbf6b68a0, 0xffff000008081c04], 288221580077724367
[0xffffbf6b68a0, 0xffff000008081c04], 288221580077724367
[0xffffbf6b68a0, 0xffff000008081c04], 288221580077724367
[0xffffbf6b68a0, 0xffff000008081c04], 288221580077724367
[0xffffbf6b68a0, 0xffff000008081c04], 288221580077724367
[0xffffbf6b6980, 0xffff000008081c04], 288221580077724363
[0xffffbf6b6980, 0xffff000008081c04], 288221580077724363
[0xffffbf6b6830, 0xffff000008081c04], 288221580077724369
[0xffffbf6b6830, 0xffff000008081c04], 288221580077724369
[0xffffbf3c44cc, 0xffff000008081c04], 288221580077772638
[0x4000006fc604, 0xffff000008081c04], 288224878595563865
[0xffffbf6b6980, 0xffff000008081c04], 288221580077724363
[0xffffbf6b6980, 0xffff000008081c04], 288221580077724363
[0xffffbf6b68a0, 0xffff000008081c04], 288221580077724367
[0xffffbf6b68a0, 0xffff000008081c04], 288221580077724367
[0xffffbf6b6980, 0xffff000008081c04], 288221580077724363
[0xffffbf6b6980, 0xffff000008081c04], 288221580077724363
[0xffffbf6b6830, 0xffff000008081c04], 288221580077724369
[0xffffbf6b6830, 0xffff000008081c04], 288221580077724369
[0xffffbf3c44cc, 0xffff000008081c04], 288221580077772638
[0x4000006fc604, 0xffff000008081c04], 288224878595563865
[0xffffbf6b6980, 0xffff000008081c04], 288221580077724363
[0xffffbf6b6980, 0xffff000008081c04], 288221580077724363
[0xffffbf6b68a0, 0xffff000008081c04], 288221580077724367
[0xffffbf6b68a0, 0xffff000008081c04], 288221580077724367
[0xffffbf6b68a0, 0xffff000008081c04], 288221580077724367
[0xffffbf6b68a0, 0xffff000008081c04], 288221580077724367
[0xffffbf6b6980, 0xffff000008081c04], 288221580077724363
[0xffffbf6b6980, 0xffff000008081c04], 288221580077724363
[0xffffbf6b6830, 0xffff000008081c04], 288221580077724369
[0xffffbf6b6830, 0xffff000008081c04], 288221580077724369
[0xffffbf3c44cc, 0xffff000008081c04], 288221580077772638
[0x40000044b4e0, 0xffff000008081c04], 288224878595607966
[0x4000006fc604, 0xffff000008081c04], 288224878595563865
[0xffffbf6b6980, 0xffff000008081c04], 288221580077724363
[0xffffbf6b6980, 0xffff000008081c04], 288221580077724363
[0xffffbf6b68a0, 0xffff000008081c04], 288221580077724367
[0xffffbf6b68a0, 0xffff000008081c04], 288221580077724367
[0xffffbf6b68a0, 0xffff000008081c04], 288221580077724367
[0xffffbf6b68a0, 0xffff000008081c04], 288221580077724367
[0xffffbf6b68a0, 0xffff000008081c04], 288221580077724367
[0xffffbf6b68a0, 0xffff000008081c04], 288221580077724367
[0xffffbf6b6980, 0xffff000008081c04], 288221580077724363
[0xffffbf6b6980, 0xffff000008081c04], 288221580077724363
[0xffffbf6b6830, 0xffff000008081c04], 288221580077724369
[0xffffbf6b6830, 0xffff000008081c04], 288221580077724369
[0xffffbf3c44cc, 0xffff000008081c04], 288221580077772638
[0x4000006fc604, 0xffff000008081c04], 288224878595563865
[0xffffbf6b6980, 0xffff000008081c04], 288221580077724363
[0xffffbf6b6980, 0xffff000008081c04], 288221580077724363
[0xffffbf6b68a0, 0xffff000008081c04], 288221580077724367
[0xffffbf6b68a0, 0xffff000008081c04], 288221580077724367
[0xffffbf6b68a0, 0xffff000008081c04], 288221580077724367
[0xffffbf6b68a0, 0xffff000008081c04], 288221580077724367
[0xffffbf6b68a0, 0xffff000008081c04], 288221580077724367
[0xffffbf6b68a0, 0xffff000008081c04], 288221580077724367
[0xffffbf6b68a0, 0xffff000008081c04], 288221580077724367
[0xffffbf6b68a0, 0xffff000008081c04], 288221580077724367
[0xffffbf6b68a0, 0xffff000008081c04], 288221580077724367
[0xffffbf6b68a0, 0xffff000008081c04], 288221580077724367
[0xffffbf6b6980, 0xffff000008081c04], 288221580077724363
[0xffffbf6b6980, 0xffff000008081c04], 288221580077724363
[0xffffbf6b6830, 0xffff000008081c04], 288221580077724369
[0xffffbf6b6830, 0xffff000008081c04], 288221580077724369
[0xffffbf3c44cc, 0xffff000008081c04], 288221580077772638
[0x4000006fc604, 0xffff000008081c04], 288224878595563865
[0xffffbf6b6980, 0xffff000008081c04], 288221580077724363
[0xffffbf6b6980, 0xffff000008081c04], 288221580077724363
[0xffffbf6b68a0, 0xffff000008081c04], 288221580077724367
[0xffffbf6b68a0, 0xffff000008081c04], 288221580077724367
[0xffffbf6b6980, 0xffff000008081c04], 288221580077724363
[0xffffbf6b6980, 0xffff000008081c04], 288221580077724363
[0xffffbf6b6830, 0xffff000008081c04], 288221580077724369
[0xffffbf6b6830, 0xffff000008081c04], 288221580077724369
[0xffffbf3c44cc, 0xffff000008081c04], 288221580077772638
[0x4000006d7dd0, 0xffff000008081c04], 288224878595566202
[0x4000000233c0, 0xffff000008081c04], 288224878595676066
[0x4000006cd090, 0xffff000008081c04], 288224878595566895
[0x40000067174c, 0xffff000008081c04], 288224878595572756
[0x4000007013f8, 0xffff000008081c04], 288224878595563554
[0x4000006fc604, 0xffff000008081c04], 288224878595563865
[0xffffbf6b6980, 0xffff000008081c04], 288221580077724363
[0xffffbf6b6980, 0xffff000008081c04], 288221580077724363
[0xffffbf6b68a0, 0xffff000008081c04], 288221580077724367
[0xffffbf6b68a0, 0xffff000008081c04], 288221580077724367
[0xffffbf6b68a0, 0xffff000008081c04], 288221580077724367
[0xffffbf6b68a0, 0xffff000008081c04], 288221580077724367
[0xffffbf6b68a0, 0xffff000008081c04], 288221580077724367
[0xffffbf6b68a0, 0xffff000008081c04], 288221580077724367
[0xffffbf6b68a0, 0xffff000008081c04], 288221580077724367
[0xffffbf6b68a0, 0xffff000008081c04], 288221580077724367
[0xffffbf6b68a0, 0xffff000008081c04], 288221580077724367
[0xffffbf6b68a0, 0xffff000008081c04], 288221580077724367
[0xffffbf6b68a0, 0xffff000008081c04], 288221580077724367
[0xffffbf6b68a0, 0xffff000008081c04], 288221580077724367
[0xffffbf6b68a0, 0xffff000008081c04], 288221580077724367
[0xffffbf6b68a0, 0xffff000008081c04], 288221580077724367
[0xffffbf6b68a0, 0xffff000008081c04], 288221580077724367
[0xffffbf6b68a0, 0xffff000008081c04], 288221580077724367
[0xffffbf6b68a0, 0xffff000008081c04], 288221580077724367
[0xffffbf6b68a0, 0xffff000008081c04], 288221580077724367
[0xffffbf6b68a0, 0xffff000008081c04], 288221580077724367
[0xffffbf6b68a0, 0xffff000008081c04], 288221580077724367
[0xffffbf6b6980, 0xffff000008081c04], 288221580077724363
[0xffffbf6b6980, 0xffff000008081c04], 288221580077724363
[0xffffbf6b6830, 0xffff000008081c04], 288221580077724369
[0xffffbf6b6830, 0xffff000008081c04], 288221580077724369
[0xffffbf3c44cc, 0xffff000008081c04], 288221580077772638
[0x4000006fc604, 0xffff000008081c04], 288224878595563865
[0xffffbf6b6980, 0xffff000008081c04], 288221580077724363
[0xffffbf6b6980, 0xffff000008081c04], 288221580077724363
[0xffffbf6b68a0, 0xffff000008081c04], 288221580077724367
[0xffffbf6b6980, 0xffff000008081c04], 288221580077724363
[0xffffbf6b6980, 0xffff000008081c04], 288221580077724363
[0xffffbf6b6830, 0xffff000008081c04], 288221580077724369
[0xffffbf6b6830, 0xffff000008081c04], 288221580077724369
[0xffffbf3c44cc, 0xffff000008081c04], 288221580077772638
[0x4000000235f8, 0xffff000008081c04], 288224878595676058
[0x4c6380, 0xffff000008081c04], 288225978107227875
[0x477820, 0xffff000008081c04], 288225978107232913
5000000 instrs 
10000000 instrs 
15000000 instrs 
20000000 instrs 
25000000 instrs 
30000000 instrs 
35000000 instrs 
[0x4000000235f8, 0xffff000008081c04], 288224878595676058
[0x4000006fc604, 0xffff000008081c04], 288224878595563865
[0xffffbf6b6980, 0xffff000008081c04], 288221580077724363
[0xffffbf6b6980, 0xffff000008081c04], 288221580077724363
[0xffffbf6b68a0, 0xffff000008081c04], 288221580077724367
[0xffffbf6b68a0, 0xffff000008081c04], 288221580077724367
[0xffffbf6b68a0, 0xffff000008081c04], 288221580077724367
[0xffffbf6b68a0, 0xffff000008081c04], 288221580077724367
[0xffffbf6b68a0, 0xffff000008081c04], 288221580077724367
[0xffffbf6b68a0, 0xffff000008081c04], 288221580077724367
[0xffffbf6b68a0, 0xffff000008081c04], 288221580077724367
[0xffffbf6b68a0, 0xffff000008081c04], 288221580077724367
[0xffffbf6b68a0, 0xffff000008081c04], 288221580077724367
[0xffffbf6b68a0, 0xffff000008081c04], 288221580077724367
[0xffffbf6b68a0, 0xffff000008081c04], 288221580077724367
[0xffffbf6b68a0, 0xffff000008081c04], 288221580077724367
[0xffffbf6b68a0, 0xffff000008081c04], 288221580077724367
[0xffffbf6b68a0, 0xffff000008081c04], 288221580077724367
[0xffffbf6b68a0, 0xffff000008081c04], 288221580077724367
[0xffffbf6b68a0, 0xffff000008081c04], 288221580077724367
[0xffffbf6b68a0, 0xffff000008081c04], 288221580077724367
[0xffffbf6b68a0, 0xffff000008081c04], 288221580077724367
[0xffffbf6b68a0, 0xffff000008081c04], 288221580077724367
[0xffffbf6b68a0, 0xffff000008081c04], 288221580077724367
[0xffffbf6b68a0, 0xffff000008081c04], 288221580077724367
[0xffffbf6b68a0, 0xffff000008081c04], 288221580077724367
[0xffffbf6b68a0, 0xffff000008081c04], 288221580077724367
[0xffffbf6b68a0, 0xffff000008081c04], 288221580077724367
[0xffffbf6b68a0, 0xffff000008081c04], 288221580077724367
[0xffffbf6b68a0, 0xffff000008081c04], 288221580077724367
[0xffffbf6b68a0, 0xffff000008081c04], 288221580077724367
[0xffffbf6b68a0, 0xffff000008081c04], 288221580077724367
[0xffffbf6b68a0, 0xffff000008081c04], 288221580077724367
[0xffffbf6b68a0, 0xffff000008081c04], 288221580077724367
[0xffffbf6b68a0, 0xffff000008081c04], 288221580077724367
[0xffffbf6b68a0, 0xffff000008081c04], 288221580077724367
[0xffffbf6b68a0, 0xffff000008081c04], 288221580077724367
[0xffffbf6b68a0, 0xffff000008081c04], 288221580077724367
[0xffffbf6b68a0, 0xffff000008081c04], 288221580077724367
[0xffffbf6b68a0, 0xffff000008081c04], 288221580077724367
[0xffffbf6b68a0, 0xffff000008081c04], 288221580077724367
[0xffffbf6b68a0, 0xffff000008081c04], 288221580077724367
[0xffffbf6b68a0, 0xffff000008081c04], 288221580077724367
[0xffffbf6b68a0, 0xffff000008081c04], 288221580077724367
[0xffffbf6b68a0, 0xffff000008081c04], 288221580077724367
[0xffffbf6b68a0, 0xffff000008081c04], 288221580077724367
[0xffffbf6b68a0, 0xffff000008081c04], 288221580077724367
[0xffffbf6b68a0, 0xffff000008081c04], 288221580077724367
[0xffffbf6b68a0, 0xffff000008081c04], 288221580077724367
[0xffffbf6b68a0, 0xffff000008081c04], 288221580077724367
[0xffffbf6b68a0, 0xffff000008081c04], 288221580077724367
[0xffffbf6b68a0, 0xffff000008081c04], 288221580077724367
[0xffffbf6b68a0, 0xffff000008081c04], 288221580077724367
[0xffffbf6b68a0, 0xffff000008081c04], 288221580077724367
[0xffffbf6b68a0, 0xffff000008081c04], 288221580077724367
[0xffffbf6b68a0, 0xffff000008081c04], 288221580077724367
[0xffffbf6b68a0, 0xffff000008081c04], 288221580077724367
[0xffffbf6b68a0, 0xffff000008081c04], 288221580077724367
[0xffffbf6b68a0, 0xffff000008081c04], 288221580077724367
[0xffffbf6b68a0, 0xffff000008081c04], 288221580077724367
[0xffffbf6b68a0, 0xffff000008081c04], 288221580077724367
[0xffffbf6b68a0, 0xffff000008081c04], 288221580077724367
[0xffffbf6b68a0, 0xffff000008081c04], 288221580077724367
[0xffffbf6b68a0, 0xffff000008081c04], 288221580077724367
[0xffffbf6b68a0, 0xffff000008081c04], 288221580077724367
[0xffffbf6b68a0, 0xffff000008081c04], 288221580077724367
[0xffffbf6b68a0, 0xffff000008081c04], 288221580077724367
[0xffffbf6b68a0, 0xffff000008081c04], 288221580077724367
[0xffffbf6b68a0, 0xffff000008081c04], 288221580077724367
[0xffffbf6b68a0, 0xffff000008081c04], 288221580077724367
[0xffffbf6b68a0, 0xffff000008081c04], 288221580077724367
[0xffffbf6b68a0, 0xffff000008081c04], 288221580077724367
[0xffffbf6b68a0, 0xffff000008081c04], 288221580077724367
[0xffffbf6b68a0, 0xffff000008081c04], 288221580077724367
[0xffffbf6b68a0, 0xffff000008081c04], 288221580077724367
[0xffffbf6b68a0, 0xffff000008081c04], 288221580077724367
[0xffffbf6b68a0, 0xffff000008081c04], 288221580077724367
[0xffffbf6b68a0, 0xffff000008081c04], 288221580077724367
[0xffffbf6b68a0, 0xffff000008081c04], 288221580077724367
[0xffffbf6b68a0, 0xffff000008081c04], 288221580077724367
[0xffffbf6b68a0, 0xffff000008081c04], 288221580077724367
[0xffffbf6b68a0, 0xffff000008081c04], 288221580077724367
[0xffffbf6b68a0, 0xffff000008081c04], 288221580077724367
[0xffffbf6b68a0, 0xffff000008081c04], 288221580077724367
[0xffffbf6b68a0, 0xffff000008081c04], 288221580077724367
[0xffffbf6b68a0, 0xffff000008081c04], 288221580077724367
[0xffffbf6b68a0, 0xffff000008081c04], 288221580077724367
[0xffffbf6b68a0, 0xffff000008081c04], 288221580077724367
[0xffffbf6b68a0, 0xffff000008081c04], 288221580077724367
[0xffffbf6b68a0, 0xffff000008081c04], 288221580077724367
[0xffffbf6b68a0, 0xffff000008081c04], 288221580077724367
[0xffffbf6b68a0, 0xffff000008081c04], 288221580077724367
[0xffffbf6b68a0, 0xffff000008081c04], 288221580077724367
[0xffffbf6b68a0, 0xffff000008081c04], 288221580077724367
[0xffffbf6b68a0, 0xffff000008081c04], 288221580077724367
[0xffffbf6b68a0, 0xffff000008081c04], 288221580077724367
[0xffffbf6b68a0, 0xffff000008081c04], 288221580077724367
[0xffffbf6b68a0, 0xffff000008081c04], 288221580077724367
[0xffffbf6b68a0, 0xffff000008081c04], 288221580077724367
[0xffffbf6b68a0, 0xffff000008081c04], 288221580077724367
[0xffffbf6b68a0, 0xffff000008081c04], 288221580077724367
[0xffffbf6b68a0, 0xffff000008081c04], 288221580077724367
[0xffffbf6b68a0, 0xffff000008081c04], 288221580077724367
[0xffffbf6b68a0, 0xffff000008081c04], 288221580077724367
[0xffffbf6b68a0, 0xffff000008081c04], 288221580077724367
[0xffffbf6b68a0, 0xffff000008081c04], 288221580077724367
[0xffffbf6b68a0, 0xffff000008081c04], 288221580077724367
[0xffffbf6b68a0, 0xffff000008081c04], 288221580077724367
[0xffffbf6b68a0, 0xffff000008081c04], 288221580077724367
[0xffffbf6b68a0, 0xffff000008081c04], 288221580077724367
[0xffffbf6b68a0, 0xffff000008081c04], 288221580077724367
[0xffffbf6b68a0, 0xffff000008081c04], 288221580077724367
[0xffffbf6b68a0, 0xffff000008081c04], 288221580077724367
[0xffffbf6b68a0, 0xffff000008081c04], 288221580077724367
[0xffffbf6b68a0, 0xffff000008081c04], 288221580077724367
[0xffffbf6b68a0, 0xffff000008081c04], 288221580077724367
[0xffffbf6b68a0, 0xffff000008081c04], 288221580077724367
[0xffffbf6b68a0, 0xffff000008081c04], 288221580077724367
[0xffffbf6b6980, 0xffff000008081c04], 288221580077724363
[0xffffbf6b6980, 0xffff000008081c04], 288221580077724363
[0xffffbf6b6830, 0xffff000008081c04], 288221580077724369
[0xffffbf6b6830, 0xffff000008081c04], 288221580077724369
[0xffffbf3c44cc, 0xffff000008081c04], 288221580077772638
[0xffffbf6b6980, 0xffff000008081c04], 288221580077724363
[0xffffbf6b6980, 0xffff000008081c04], 288221580077724363
[0xffffbf6b68a0, 0xffff000008081c04], 288221580077724367
[0xffffbf6b68a0, 0xffff000008081c04], 288221580077724367
[0xffffbf6b68a0, 0xffff000008081c04], 288221580077724367
[0xffffbf6b68a0, 0xffff000008081c04], 288221580077724367
[0xffffbf6b68a0, 0xffff000008081c04], 288221580077724367
[0xffffbf6b68a0, 0xffff000008081c04], 288221580077724367
[0xffffbf6b68a0, 0xffff000008081c04], 288221580077724367
[0xffffbf6b68a0, 0xffff000008081c04], 288221580077724367
[0xffffbf6b68a0, 0xffff000008081c04], 288221580077724367
[0xffffbf6b68a0, 0xffff000008081c04], 288221580077724367
[0xffffbf6b68a0, 0xffff000008081c04], 288221580077724367
[0xffffbf6b68a0, 0xffff000008081c04], 288221580077724367
[0xffffbf6b68a0, 0xffff000008081c04], 288221580077724367
[0xffffbf6b68a0, 0xffff000008081c04], 288221580077724367
[0xffffbf6b68a0, 0xffff000008081c04], 288221580077724367
[0xffffbf6b68a0, 0xffff000008081c04], 288221580077724367
[0xffffbf6b68a0, 0xffff000008081c04], 288221580077724367
[0xffffbf6b68a0, 0xffff000008081c04], 288221580077724367
[0xffffbf6b68a0, 0xffff000008081c04], 288221580077724367
[0xffffbf6b68a0, 0xffff000008081c04], 288221580077724367
[0xffffbf6b68a0, 0xffff000008081c04], 288221580077724367
[0xffffbf6b68a0, 0xffff000008081c04], 288221580077724367
[0xffffbf6b68a0, 0xffff000008081c04], 288221580077724367
[0xffffbf6b68a0, 0xffff000008081c04], 288221580077724367
[0xffffbf6b68a0, 0xffff000008081c04], 288221580077724367
[0xffffbf6b68a0, 0xffff000008081c04], 288221580077724367
[0xffffbf6b68a0, 0xffff000008081c04], 288221580077724367
[0xffffbf6b68a0, 0xffff000008081c04], 288221580077724367
[0xffffbf6b68a0, 0xffff000008081c04], 288221580077724367
[0xffffbf6b68a0, 0xffff000008081c04], 288221580077724367
[0xffffbf6b68a0, 0xffff000008081c04], 288221580077724367
[0xffffbf6b68a0, 0xffff000008081c04], 288221580077724367
[0xffffbf6b68a0, 0xffff000008081c04], 288221580077724367
[0xffffbf6b68a0, 0xffff000008081c04], 288221580077724367
[0xffffbf6b68a0, 0xffff000008081c04], 288221580077724367
[0xffffbf6b68a0, 0xffff000008081c04], 288221580077724367
[0xffffbf6b68a0, 0xffff000008081c04], 288221580077724367
[0xffffbf6b68a0, 0xffff000008081c04], 288221580077724367
[0xffffbf6b68a0, 0xffff000008081c04], 288221580077724367
[0xffffbf6b68a0, 0xffff000008081c04], 288221580077724367
[0xffffbf6b68a0, 0xffff000008081c04], 288221580077724367
[0xffffbf6b68a0, 0xffff000008081c04], 288221580077724367
[0xffffbf6b68a0, 0xffff000008081c04], 288221580077724367
[0xffffbf6b68a0, 0xffff000008081c04], 288221580077724367
[0xffffbf6b68a0, 0xffff000008081c04], 288221580077724367
[0xffffbf6b68a0, 0xffff000008081c04], 288221580077724367
[0xffffbf6b68a0, 0xffff000008081c04], 288221580077724367
[0xffffbf6b68a0, 0xffff000008081c04], 288221580077724367
[0xffffbf6b68a0, 0xffff000008081c04], 288221580077724367
[0xffffbf6b68a0, 0xffff000008081c04], 288221580077724367
[0xffffbf6b68a0, 0xffff000008081c04], 288221580077724367
[0xffffbf6b68a0, 0xffff000008081c04], 288221580077724367
[0xffffbf6b68a0, 0xffff000008081c04], 288221580077724367
[0xffffbf6b68a0, 0xffff000008081c04], 288221580077724367
[0xffffbf6b68a0, 0xffff000008081c04], 288221580077724367
[0xffffbf6b68a0, 0xffff000008081c04], 288221580077724367
[0xffffbf6b68a0, 0xffff000008081c04], 288221580077724367
[0xffffbf6b68a0, 0xffff000008081c04], 288221580077724367
[0xffffbf6b68a0, 0xffff000008081c04], 288221580077724367
[0xffffbf6b68a0, 0xffff000008081c04], 288221580077724367
[0xffffbf6b68a0, 0xffff000008081c04], 288221580077724367
[0xffffbf6b68a0, 0xffff000008081c04], 288221580077724367
[0xffffbf6b68a0, 0xffff000008081c04], 288221580077724367
[0xffffbf6b68a0, 0xffff000008081c04], 288221580077724367
[0xffffbf6b68a0, 0xffff000008081c04], 288221580077724367
[0xffffbf6b68a0, 0xffff000008081c04], 288221580077724367
[0xffffbf6b68a0, 0xffff000008081c04], 288221580077724367
[0xffffbf6b68a0, 0xffff000008081c04], 288221580077724367
[0xffffbf6b68a0, 0xffff000008081c04], 288221580077724367
[0xffffbf6b68a0, 0xffff000008081c04], 288221580077724367
[0xffffbf6b68a0, 0xffff000008081c04], 288221580077724367
[0xffffbf6b68a0, 0xffff000008081c04], 288221580077724367
[0xffffbf6b68a0, 0xffff000008081c04], 288221580077724367
[0xffffbf6b68a0, 0xffff000008081c04], 288221580077724367
[0xffffbf6b68a0, 0xffff000008081c04], 288221580077724367
[0xffffbf6b68a0, 0xffff000008081c04], 288221580077724367
[0xffffbf6b68a0, 0xffff000008081c04], 288221580077724367
[0xffffbf6b68a0, 0xffff000008081c04], 288221580077724367
[0xffffbf6b68a0, 0xffff000008081c04], 288221580077724367
[0xffffbf6b68a0, 0xffff000008081c04], 288221580077724367
[0xffffbf6b68a0, 0xffff000008081c04], 288221580077724367
[0xffffbf6b68a0, 0xffff000008081c04], 288221580077724367
[0xffffbf6b68a0, 0xffff000008081c04], 288221580077724367
[0xffffbf6b68a0, 0xffff000008081c04], 288221580077724367
[0xffffbf6b68a0, 0xffff000008081c04], 288221580077724367
[0xffffbf6b68a0, 0xffff000008081c04], 288221580077724367
[0xffffbf6b68a0, 0xffff000008081c04], 288221580077724367
[0xffffbf6b68a0, 0xffff000008081c04], 288221580077724367
[0xffffbf6b68a0, 0xffff000008081c04], 288221580077724367
[0xffffbf6b68a0, 0xffff000008081c04], 288221580077724367
[0xffffbf6b68a0, 0xffff000008081c04], 288221580077724367
[0xffffbf6b68a0, 0xffff000008081c04], 288221580077724367
[0xffffbf6b68a0, 0xffff000008081c04], 288221580077724367
[0xffffbf6b6980, 0xffff000008081c04], 288221580077724363
[0xffffbf6b6980, 0xffff000008081c04], 288221580077724363
[0xffffbf6b6830, 0xffff000008081c04], 288221580077724369
[0xffffbf6b6830, 0xffff000008081c04], 288221580077724369
[0xffffbf3c44cc, 0xffff000008081c04], 288221580077772638
[0x4000006fc604, 0xffff000008081c04], 288224878595563865
EOF
-----------------------------------Load Value Correlated Predictor Stats-----------------------------------
Branch Entangling Table Touch: 0
Branch Entangling Table Insert: 0
Branch Entangling Table Load PC Changed: 0
Load-Branch Entangling Table Touch: 0
Load-Branch Entangling Table Insert: 0
Load-Branch Entangling Table Load PC Changed: 0
Load Value Correlated Predictor Predicted: 0
Load Value Correlated Predictor Predicted By Value: 90895
Load Value Correlated Predictor Predicted By Addr: 0
Load Value Correlated Predictor Not Predicted: 0
Load Value Correlated Predictor Not Predicted Due to Entangling Table Miss: 0
Load Value Correlated Predictor Not Predicted Due to Correlation Table Miss: 0
Load Value Correlated Predictor Not Predicted Due to Load Value Tracking Miss: 0
Load Value Correlated Predictor No Load Or Value Late: 0
Load Value Correlated Predictor Load Value Provided by DVTAGE: 0
Load Value Correlated Predictor Not Predicted Due to TAGE High Confidence: 0
Load Value Correlated Predictor Not Predicted Due to Low Correlation Confidence: 0
Load Value Correlated Predictor Correct: 78468
Load Value Correlated Predictor Incorrect: 42
Load Value Correlated Predictor Correct TAGE Correct: 76256
Load Value Correlated Predictor Correct TAGE Incorrect: 2212
Load Value Correlated Predictor Incorrect TAGE Correct: 21
Load Value Correlated Predictor Incorrect TAGE Incorrect: 21
Load Inst Bitmap Miss: 277795
Load Inst Bitmap Hit: 7792360
Load Inst Bitmap Max Usage: 1024
Load Value Correlated Predictor Accuracy: Nan
Branch Entangling Table Load PC Changed Ratio: Nan
Load Branch Entangling Table Load PC Changed Ratio: Nan
-----------------------------------------------------------------------------------------------------------
------------------------------------------- Hard Branch Table Stats --------------------------------------
  Update branches:                         4337669
  Update replaces:                           21526
  Update replaces failed:                  1177937
  Update decays:                               216
  Update decayed to zero:                    24461
  Update saturated:                           6718
  Query branches:                          8675338
  Query hard:                               619995
  Query not hard:                          8055343
------------------------------------------------------------------------------------------------

-------------------------------------- Correlation Table Stats ----------------------------------
  Total storage:                                        12.5 KB
  Total table entries:                                  4096
  Update count:                                      9299988
  Update hit:                                        6312065
  Update allocate:                                    135098
  Update dir changed:                                6078685
  Update replacement:                                  21345
  Update inserts:                                      24735
  Update inserts failed:                                1719
  Query hit:                                         3562748
  Query miss:                                        1640559
  Query conf saturated:                                90895
  Query conf low:                                    3471853
  Query direction changed:                           3443235
  Query high conf & direction changed:                     0
-------------------------------------------------------------------------------------------------
WINDOW_SIZE = 1024
FETCH_WIDTH = 16
FETCH_NUM_BRANCH = 16
FETCH_STOP_AT_INDIRECT = 1
FETCH_STOP_AT_TAKEN = 1
FETCH_MODEL_ICACHE = 1
PERFECT_BRANCH_PRED = 0
PERFECT_INDIRECT_PRED = 1
PIPELINE_FILL_LATENCY = 10
NUM_LDST_LANES = 8
NUM_ALU_LANES = 16
MEMORY HIERARCHY CONFIGURATION---------------------
STRIDE Prefetcher = 1
PERFECT_CACHE = 0
WRITE_ALLOCATE = 1
Within-pipeline factors:
	AGEN latency = 1 cycle
	Store Queue (SQ): SQ size = window size, oracle memory disambiguation, store-load forwarding = 1 cycle after store's or load's agen.
	* Note: A store searches the L1$ at commit. The store is released
	* from the SQ and window, whether it hits or misses. Store misses
	* are buffered until the block is allocated and the store is
	* performed in the L1$. While buffered, conflicting loads get
	* the store's data as they would from the SQ.
I$: 128 KB, 8-way set-assoc., 64B block size
L1$: 128 KB, 8-way set-assoc., 64B block size, 3-cycle search latency
L2$: 4 MB, 8-way set-assoc., 64B block size, 12-cycle search latency
L3$: 32 MB, 16-way set-assoc., 128B block size, 50-cycle search latency
Main Memory: 150-cycle fixed search time
---------------------------STORE QUEUE MEASUREMENTS (Full Simulation i.e. Counts Not Reset When Warmup Ends)---------------------------
Number of loads: 10751478
Number of loads that miss in SQ: 7296910 (67.87%)
Number of PFs issued to the memory system 422028
---------------------------------------------------------------------------------------------------------------------------------------
------------------------MEMORY HIERARCHY MEASUREMENTS (Full Simulation i.e. Counts Not Reset When Warmup Ends)-------------------------
I$:
	accesses   = 44486947
	misses     = 8084
	miss ratio = 0.02%
	pf accesses   = 0
	pf misses     = 0
	pf miss ratio = -nan%
L1$:
	accesses   = 17843483
	misses     = 25999
	miss ratio = 0.15%
	pf accesses   = 422028
	pf misses     = 13496
	pf miss ratio = 3.20%
L2$:
	accesses   = 34083
	misses     = 28122
	miss ratio = 82.51%
	pf accesses   = 13496
	pf misses     = 13395
	pf miss ratio = 99.25%
L3$:
	accesses   = 28122
	misses     = 15627
	miss ratio = 55.57%
	pf accesses   = 13395
	pf misses     = 6938
	pf miss ratio = 51.80%
---------------------------------------------------------------------------------------------------------------------------------------
----------------------------------------------Prefetcher (Full Simulation i.e. No Warmup)----------------------------------------------
Num Trainings :10751478
Num Prefetches generated :422256
Num Prefetches issued :527011
Num Prefetches filtered by PF queue :11370
Num untimely prefetches dropped from PF queue :228
Num prefetches not issued LDST contention :104983
Num prefetches not issued stride 0 :4131884
---------------------------------------------------------------------------------------------------------------------------------------

-------------------------------ILP LIMIT STUDY (Full Simulation i.e. Counts Not Reset When Warmup Ends)--------------------------------
instructions = 37799521
cycles       = 8161525
CycWP        = 550077
IPC          = 4.6314

---------------------------------------------------------------------------------------------------------------------------------------

-----------------------------------------------BRANCH PREDICTION MEASUREMENTS (Full Simulation i.e. Counts Not Reset When Warmup Ends)----------------------------------------------
Type                   NumBr     MispBr        mr     mpki
CondDirect          4337669      11037   0.2544%   0.2920
JumpDirect          1622093          0   0.0000%   0.0000
JumpIndirect        1105286          0   0.0000%   0.0000
JumpReturn          1078973          0   0.0000%   0.0000
Not control        36342926          0   0.0000%   0.0000
------------------------------------------------------------------------------------------------------------------------------------------------------------------------------------

------------------------------------------------------DIRECT CONDITIONAL BRANCH PREDICTION MEASUREMENTS (Last 10M instructions)-----------------------------------------------------
       Instr       Cycles      IPC      NumBr     MispBr BrPerCyc MispBrPerCyc        MR     MPKI      CycWP   CycWPAvg   CycWPPKI
    10799521      2064377   5.2314    1236669       1598   0.5991       0.0008   0.1292%   0.1480      67750    42.3967     6.2734
------------------------------------------------------------------------------------------------------------------------------------------------------------------------------------

------------------------------------------------------DIRECT CONDITIONAL BRANCH PREDICTION MEASUREMENTS (Last 25M instructions)-----------------------------------------------------
       Instr       Cycles      IPC      NumBr     MispBr BrPerCyc MispBrPerCyc        MR     MPKI      CycWP   CycWPAvg   CycWPPKI
    25799521      4824013   5.3481    2947405       3498   0.6110       0.0007   0.1187%   0.1356     144213    41.2273     5.5898
-------------------------------------------------------------------------------------------------------------------------------------------------------------------------------------

---------------------------------------------------------DIRECT CONDITIONAL BRANCH PREDICTION MEASUREMENTS (50 Perc instructions)---------------------------------------------------
       Instr       Cycles      IPC      NumBr     MispBr BrPerCyc MispBrPerCyc        MR     MPKI      CycWP   CycWPAvg   CycWPPKI
    19799521      3716469   5.3275    2263258       2503   0.6090       0.0007   0.1106%   0.1264     108333    43.2813     5.4715
------------------------------------------------------------------------------------------------------------------------------------------------------------------------------------

-------------------------------------DIRECT CONDITIONAL BRANCH PREDICTION MEASUREMENTS (Full Simulation i.e. Counts Not Reset When Warmup Ends)-------------------------------------
       Instr       Cycles      IPC      NumBr     MispBr BrPerCyc MispBrPerCyc        MR     MPKI      CycWP   CycWPAvg   CycWPPKI
    37799521      8161525   4.6314    4337669      11037   0.5315       0.0014   0.2544%   0.2920     550077    49.8394    14.5525
------------------------------------------------------------------------------------------------------------------------------------------------------------------------------------
 Read 37799521 instrs 

ExecTime = 408.255206823349
