CMD:bin/cbp.man traces/infra/infra_13_trace.gz
 (TAGE 1217581)  (LOOP 3648)  (SC 197568) 
 (TOTAL 1418797 bits 173.192993 KB) 
 TAGE Low Bank Used: 6
 TAGE High Bank Used: 15
 (Hard Branch Table 4559)  (Correlation Table 108576)  (Load Value Correlated Predictor Top 40041) 
 (Load Value Correlated Predictor TOTAL 18.698242 KB) 
 (Hard Branch Table 4559)  (Correlation Table 108576)  (Load Value Correlated Predictor Top 40041) 
 (Load Value Correlated Predictor TOTAL 18.698242 KB) 
[0, 0x80002968], 33554598
5000000 instrs 
10000000 instrs 
15000000 instrs 
20000000 instrs 
25000000 instrs 
30000000 instrs 
[0x400007ac5f00, 0x80000d00], 288229276671626937
35000000 instrs 
40000000 instrs 
[0xffff828b09c0, 0xffff7dfffe7fa404], 288223744754700906
[0xffff828ade08, 0xffff7dfffe7fa404], 288223744754701081
[0xffff828b0210, 0xffff7dfffe7fa404], 288223744754700937
[0xffff828b09c0, 0xffff7dfffe7fa404], 288223744754700906
[0xffff828ade08, 0xffff7dfffe7fa404], 288223744754701081
[0xffff828b0210, 0xffff7dfffe7fa404], 288223744754700937
[0xffff828b09c0, 0xffff7dfffe7fa404], 288223744754700906
[0xffff828ade08, 0xffff7dfffe7fa404], 288223744754701081
[0xffff828b0210, 0xffff7dfffe7fa404], 288223744754700937
[0xffff828b09c0, 0xffff7dfffe7fa404], 288223744754700906
[0xffff828ade08, 0xffff7dfffe7fa404], 288223744754701081
[0xffff828b0210, 0xffff7dfffe7fa404], 288223744754700937
[0xffff828b09c0, 0xffff7dfffe7fa404], 288223744754700906
[0xffff828ade08, 0xffff7dfffe7fa404], 288223744754701081
[0xffff828b0210, 0xffff7dfffe7fa404], 288223744754700937
45000000 instrs 
[0xffff828b09c0, 0xffff7dfffe7fa404], 288223744754700906
[0xffff828ade08, 0xffff7dfffe7fa404], 288223744754701081
[0xffff828b0210, 0xffff7dfffe7fa404], 288223744754700937
[0xffff828b09c0, 0xffff7dfffe7fa404], 288223744754700906
[0xffff828ade08, 0xffff7dfffe7fa404], 288223744754701081
[0xffff828b0210, 0xffff7dfffe7fa404], 288223744754700937
[0xffff828b09c0, 0xffff7dfffe7fa404], 288223744754700906
[0xffff828ade08, 0xffff7dfffe7fa404], 288223744754701081
[0xffff828b0210, 0xffff7dfffe7fa404], 288223744754700937
[0xffff828b09c0, 0xffff7dfffe7fa404], 288223744754700906
[0xffff828ade08, 0xffff7dfffe7fa404], 288223744754701081
[0xffff828b0210, 0xffff7dfffe7fa404], 288223744754700937
[0xffff828b09c0, 0xffff7dfffe7fa404], 288223744754700906
[0xffff828ade08, 0xffff7dfffe7fa404], 288223744754701081
[0xffff828b0210, 0xffff7dfffe7fa404], 288223744754700937
[0xffff828b09c0, 0xffff7dfffe7fa404], 288223744754700906
[0xffff828ade08, 0xffff7dfffe7fa404], 288223744754701081
[0xffff828b0210, 0xffff7dfffe7fa404], 288223744754700937
[0xffff828b09c0, 0xffff7dfffe7fa404], 288223744754700906
[0xffff828ade08, 0xffff7dfffe7fa404], 288223744754701081
[0xffff828b0210, 0xffff7dfffe7fa404], 288223744754700937
[0xffff828b09c0, 0xffff7dfffe7fa404], 288223744754700906
[0xffff828ade08, 0xffff7dfffe7fa404], 288223744754701081
[0xffff828b0210, 0xffff7dfffe7fa404], 288223744754700937
[0xffff828b09c0, 0xffff7dfffe7fa404], 288223744754700906
[0xffff828ade08, 0xffff7dfffe7fa404], 288223744754701081
[0xffff828b0210, 0xffff7dfffe7fa404], 288223744754700937
[0xffff828b09c0, 0xffff7dfffe7fa404], 288223744754700906
[0xffff828ade08, 0xffff7dfffe7fa404], 288223744754701081
[0xffff828b0210, 0xffff7dfffe7fa404], 288223744754700937
[0xffff828b09c0, 0xffff7dfffe7fa404], 288223744754700906
[0xffff828ade08, 0xffff7dfffe7fa404], 288223744754701081
[0xffff828b0210, 0xffff7dfffe7fa404], 288223744754700937
[0xffff828b09c0, 0xffff7dfffe7fa404], 288223744754700906
[0xffff828ade08, 0xffff7dfffe7fa404], 288223744754701081
[0xffff828b0210, 0xffff7dfffe7fa404], 288223744754700937
50000000 instrs 
[0x4000080b8f84, 0x80000d00], 288229276671529463
EOF
-----------------------------------Load Value Correlated Predictor Stats-----------------------------------
Branch Entangling Table Touch: 0
Branch Entangling Table Insert: 0
Branch Entangling Table Load PC Changed: 0
Load-Branch Entangling Table Touch: 0
Load-Branch Entangling Table Insert: 0
Load-Branch Entangling Table Load PC Changed: 0
Load Value Correlated Predictor Predicted: 0
Load Value Correlated Predictor Predicted By Value: 39482
Load Value Correlated Predictor Predicted By Addr: 0
Load Value Correlated Predictor Not Predicted: 0
Load Value Correlated Predictor Not Predicted Due to Entangling Table Miss: 0
Load Value Correlated Predictor Not Predicted Due to Correlation Table Miss: 0
Load Value Correlated Predictor Not Predicted Due to Load Value Tracking Miss: 0
Load Value Correlated Predictor No Load Or Value Late: 0
Load Value Correlated Predictor Load Value Provided by DVTAGE: 0
Load Value Correlated Predictor Not Predicted Due to TAGE High Confidence: 0
Load Value Correlated Predictor Not Predicted Due to Low Correlation Confidence: 0
Load Value Correlated Predictor Correct: 36645
Load Value Correlated Predictor Incorrect: 526
Load Value Correlated Predictor Correct TAGE Correct: 35449
Load Value Correlated Predictor Correct TAGE Incorrect: 1196
Load Value Correlated Predictor Incorrect TAGE Correct: 224
Load Value Correlated Predictor Incorrect TAGE Incorrect: 302
Load Inst Bitmap Miss: 400612
Load Inst Bitmap Hit: 12399148
Load Inst Bitmap Max Usage: 1024
Load Value Correlated Predictor Accuracy: Nan
Branch Entangling Table Load PC Changed Ratio: Nan
Load Branch Entangling Table Load PC Changed Ratio: Nan
-----------------------------------------------------------------------------------------------------------
------------------------------------------- Hard Branch Table Stats --------------------------------------
  Update branches:                         6532411
  Update replaces:                           24368
  Update replaces failed:                  2908329
  Update decays:                               326
  Update decayed to zero:                    25510
  Update saturated:                         182648
  Query branches:                         13064823
  Query hard:                              2640459
  Query not hard:                         10424364
------------------------------------------------------------------------------------------------

-------------------------------------- Correlation Table Stats ----------------------------------
  Total storage:                                        12.5 KB
  Total table entries:                                  4096
  Update count:                                     41310955
  Update hit:                                       14108425
  Update allocate:                                   5097587
  Update dir changed:                               13363778
  Update replacement:                                 924526
  Update inserts:                                     928622
  Update inserts failed:                             1148996
  Query hit:                                         4474419
  Query miss:                                       10964672
  Query conf saturated:                                39482
  Query conf low:                                    4434937
  Query direction changed:                           4047896
  Query high conf & direction changed:                     0
-------------------------------------------------------------------------------------------------
WINDOW_SIZE = 1024
FETCH_WIDTH = 16
FETCH_NUM_BRANCH = 16
FETCH_STOP_AT_INDIRECT = 1
FETCH_STOP_AT_TAKEN = 1
FETCH_MODEL_ICACHE = 1
PERFECT_BRANCH_PRED = 0
PERFECT_INDIRECT_PRED = 1
PIPELINE_FILL_LATENCY = 10
NUM_LDST_LANES = 8
NUM_ALU_LANES = 16
MEMORY HIERARCHY CONFIGURATION---------------------
STRIDE Prefetcher = 1
PERFECT_CACHE = 0
WRITE_ALLOCATE = 1
Within-pipeline factors:
	AGEN latency = 1 cycle
	Store Queue (SQ): SQ size = window size, oracle memory disambiguation, store-load forwarding = 1 cycle after store's or load's agen.
	* Note: A store searches the L1$ at commit. The store is released
	* from the SQ and window, whether it hits or misses. Store misses
	* are buffered until the block is allocated and the store is
	* performed in the L1$. While buffered, conflicting loads get
	* the store's data as they would from the SQ.
I$: 128 KB, 8-way set-assoc., 64B block size
L1$: 128 KB, 8-way set-assoc., 64B block size, 3-cycle search latency
L2$: 4 MB, 8-way set-assoc., 64B block size, 12-cycle search latency
L3$: 32 MB, 16-way set-assoc., 128B block size, 50-cycle search latency
Main Memory: 150-cycle fixed search time
---------------------------STORE QUEUE MEASUREMENTS (Full Simulation i.e. Counts Not Reset When Warmup Ends)---------------------------
Number of loads: 14122747
Number of loads that miss in SQ: 9459062 (66.98%)
Number of PFs issued to the memory system 553580
---------------------------------------------------------------------------------------------------------------------------------------
------------------------MEMORY HIERARCHY MEASUREMENTS (Full Simulation i.e. Counts Not Reset When Warmup Ends)-------------------------
I$:
	accesses   = 53652364
	misses     = 47929
	miss ratio = 0.09%
	pf accesses   = 0
	pf misses     = 0
	pf miss ratio = -nan%
L1$:
	accesses   = 22208979
	misses     = 228577
	miss ratio = 1.03%
	pf accesses   = 553580
	pf misses     = 11413
	pf miss ratio = 2.06%
L2$:
	accesses   = 276506
	misses     = 148804
	miss ratio = 53.82%
	pf accesses   = 11413
	pf misses     = 8054
	pf miss ratio = 70.57%
L3$:
	accesses   = 148804
	misses     = 74368
	miss ratio = 49.98%
	pf accesses   = 8054
	pf misses     = 3471
	pf miss ratio = 43.10%
---------------------------------------------------------------------------------------------------------------------------------------
----------------------------------------------Prefetcher (Full Simulation i.e. No Warmup)----------------------------------------------
Num Trainings :14122747
Num Prefetches generated :555338
Num Prefetches issued :2132715
Num Prefetches filtered by PF queue :15524
Num untimely prefetches dropped from PF queue :1758
Num prefetches not issued LDST contention :1579135
Num prefetches not issued stride 0 :7276058
---------------------------------------------------------------------------------------------------------------------------------------

-------------------------------ILP LIMIT STUDY (Full Simulation i.e. Counts Not Reset When Warmup Ends)--------------------------------
instructions = 50000052
cycles       = 20335754
CycWP        = 13530716
IPC          = 2.4587

---------------------------------------------------------------------------------------------------------------------------------------

-----------------------------------------------BRANCH PREDICTION MEASUREMENTS (Full Simulation i.e. Counts Not Reset When Warmup Ends)----------------------------------------------
Type                   NumBr     MispBr        mr     mpki
CondDirect          6532412     202931   3.1065%   4.0586
JumpDirect          1036864          0   0.0000%   0.0000
JumpIndirect          27919          0   0.0000%   0.0000
JumpReturn           530627          0   0.0000%   0.0000
Not control        45524542          0   0.0000%   0.0000
------------------------------------------------------------------------------------------------------------------------------------------------------------------------------------

------------------------------------------------------DIRECT CONDITIONAL BRANCH PREDICTION MEASUREMENTS (Last 10M instructions)-----------------------------------------------------
       Instr       Cycles      IPC      NumBr     MispBr BrPerCyc MispBrPerCyc        MR     MPKI      CycWP   CycWPAvg   CycWPPKI
    10000052      4005549   2.4965    1490854      15587   0.3722       0.0039   1.0455%   1.5587     875282    56.1546    87.5277
------------------------------------------------------------------------------------------------------------------------------------------------------------------------------------

------------------------------------------------------DIRECT CONDITIONAL BRANCH PREDICTION MEASUREMENTS (Last 25M instructions)-----------------------------------------------------
       Instr       Cycles      IPC      NumBr     MispBr BrPerCyc MispBrPerCyc        MR     MPKI      CycWP   CycWPAvg   CycWPPKI
    25000052      9595817   2.6053    3378036      82506   0.3520       0.0086   2.4424%   3.3002    5085623    61.6394   203.4245
-------------------------------------------------------------------------------------------------------------------------------------------------------------------------------------

---------------------------------------------------------DIRECT CONDITIONAL BRANCH PREDICTION MEASUREMENTS (50 Perc instructions)---------------------------------------------------
       Instr       Cycles      IPC      NumBr     MispBr BrPerCyc MispBrPerCyc        MR     MPKI      CycWP   CycWPAvg   CycWPPKI
    25000052      9595817   2.6053    3378036      82506   0.3520       0.0086   2.4424%   3.3002    5085623    61.6394   203.4245
------------------------------------------------------------------------------------------------------------------------------------------------------------------------------------

-------------------------------------DIRECT CONDITIONAL BRANCH PREDICTION MEASUREMENTS (Full Simulation i.e. Counts Not Reset When Warmup Ends)-------------------------------------
       Instr       Cycles      IPC      NumBr     MispBr BrPerCyc MispBrPerCyc        MR     MPKI      CycWP   CycWPAvg   CycWPPKI
    50000052     20335754   2.4587    6532412     202931   0.3212       0.0100   3.1065%   4.0586   13530716    66.6764   270.6140
------------------------------------------------------------------------------------------------------------------------------------------------------------------------------------
 Read 50000052 instrs 

ExecTime = 476.03786396980286
