CMD:bin/cbp.man traces/infra/infra_5_trace.gz
 (TAGE 1217581)  (LOOP 3648)  (SC 197568) 
 (TOTAL 1418797 bits 173.192993 KB) 
 TAGE Low Bank Used: 6
 TAGE High Bank Used: 15
 (Hard Branch Table 4559)  (Correlation Table 108576)  (Load Value Correlated Predictor Top 40041) 
 (Load Value Correlated Predictor TOTAL 18.698242 KB) 
 (Hard Branch Table 4559)  (Correlation Table 108576)  (Load Value Correlated Predictor Top 40041) 
 (Load Value Correlated Predictor TOTAL 18.698242 KB) 
[0, 0x800021c8], 33554568
5000000 instrs 
10000000 instrs 
[0x4000006affbc, 0x80000d00], 288229276673528887
15000000 instrs 
20000000 instrs 
25000000 instrs 
30000000 instrs 
35000000 instrs 
40000000 instrs 
[0x417afc, 0x80000d00], 33487434
EOF
-----------------------------------Load Value Correlated Predictor Stats-----------------------------------
Branch Entangling Table Touch: 0
Branch Entangling Table Insert: 0
Branch Entangling Table Load PC Changed: 0
Load-Branch Entangling Table Touch: 0
Load-Branch Entangling Table Insert: 0
Load-Branch Entangling Table Load PC Changed: 0
Load Value Correlated Predictor Predicted: 0
Load Value Correlated Predictor Predicted By Value: 119652
Load Value Correlated Predictor Predicted By Addr: 0
Load Value Correlated Predictor Not Predicted: 0
Load Value Correlated Predictor Not Predicted Due to Entangling Table Miss: 0
Load Value Correlated Predictor Not Predicted Due to Correlation Table Miss: 0
Load Value Correlated Predictor Not Predicted Due to Load Value Tracking Miss: 0
Load Value Correlated Predictor No Load Or Value Late: 0
Load Value Correlated Predictor Load Value Provided by DVTAGE: 0
Load Value Correlated Predictor Not Predicted Due to TAGE High Confidence: 0
Load Value Correlated Predictor Not Predicted Due to Low Correlation Confidence: 0
Load Value Correlated Predictor Correct: 86919
Load Value Correlated Predictor Incorrect: 274
Load Value Correlated Predictor Correct TAGE Correct: 82273
Load Value Correlated Predictor Correct TAGE Incorrect: 4646
Load Value Correlated Predictor Incorrect TAGE Correct: 189
Load Value Correlated Predictor Incorrect TAGE Incorrect: 85
Load Inst Bitmap Miss: 30109
Load Inst Bitmap Hit: 8384258
Load Inst Bitmap Max Usage: 114
Load Value Correlated Predictor Accuracy: Nan
Branch Entangling Table Load PC Changed Ratio: Nan
Load Branch Entangling Table Load PC Changed Ratio: Nan
-----------------------------------------------------------------------------------------------------------
------------------------------------------- Hard Branch Table Stats --------------------------------------
  Update branches:                         7268184
  Update replaces:                             179
  Update replaces failed:                     3257
  Update decays:                               363
  Update decayed to zero:                    45065
  Update saturated:                          87380
  Query branches:                         14536391
  Query hard:                              3390242
  Query not hard:                         11146149
------------------------------------------------------------------------------------------------

-------------------------------------- Correlation Table Stats ----------------------------------
  Total storage:                                        12.5 KB
  Total table entries:                                  4096
  Update count:                                     53106036
  Update hit:                                       27519924
  Update allocate:                                   2064181
  Update dir changed:                               26407752
  Update replacement:                                 525583
  Update inserts:                                     529670
  Update inserts failed:                              305667
  Query hit:                                         3755939
  Query miss:                                        2768610
  Query conf saturated:                               119652
  Query conf low:                                    3636287
  Query direction changed:                           3529568
  Query high conf & direction changed:                     0
-------------------------------------------------------------------------------------------------
WINDOW_SIZE = 1024
FETCH_WIDTH = 16
FETCH_NUM_BRANCH = 16
FETCH_STOP_AT_INDIRECT = 1
FETCH_STOP_AT_TAKEN = 1
FETCH_MODEL_ICACHE = 1
PERFECT_BRANCH_PRED = 0
PERFECT_INDIRECT_PRED = 1
PIPELINE_FILL_LATENCY = 10
NUM_LDST_LANES = 8
NUM_ALU_LANES = 16
MEMORY HIERARCHY CONFIGURATION---------------------
STRIDE Prefetcher = 1
PERFECT_CACHE = 0
WRITE_ALLOCATE = 1
Within-pipeline factors:
	AGEN latency = 1 cycle
	Store Queue (SQ): SQ size = window size, oracle memory disambiguation, store-load forwarding = 1 cycle after store's or load's agen.
	* Note: A store searches the L1$ at commit. The store is released
	* from the SQ and window, whether it hits or misses. Store misses
	* are buffered until the block is allocated and the store is
	* performed in the L1$. While buffered, conflicting loads get
	* the store's data as they would from the SQ.
I$: 128 KB, 8-way set-assoc., 64B block size
L1$: 128 KB, 8-way set-assoc., 64B block size, 3-cycle search latency
L2$: 4 MB, 8-way set-assoc., 64B block size, 12-cycle search latency
L3$: 32 MB, 16-way set-assoc., 128B block size, 50-cycle search latency
Main Memory: 150-cycle fixed search time
---------------------------STORE QUEUE MEASUREMENTS (Full Simulation i.e. Counts Not Reset When Warmup Ends)---------------------------
Number of loads: 9946691
Number of loads that miss in SQ: 5921040 (59.53%)
Number of PFs issued to the memory system 1813353
---------------------------------------------------------------------------------------------------------------------------------------
------------------------MEMORY HIERARCHY MEASUREMENTS (Full Simulation i.e. Counts Not Reset When Warmup Ends)-------------------------
I$:
	accesses   = 44638609
	misses     = 153
	miss ratio = 0.00%
	pf accesses   = 0
	pf misses     = 0
	pf miss ratio = -nan%
L1$:
	accesses   = 17155283
	misses     = 469790
	miss ratio = 2.74%
	pf accesses   = 1813353
	pf misses     = 310629
	pf miss ratio = 17.13%
L2$:
	accesses   = 469943
	misses     = 436815
	miss ratio = 92.95%
	pf accesses   = 310629
	pf misses     = 310616
	pf miss ratio = 100.00%
L3$:
	accesses   = 436815
	misses     = 197767
	miss ratio = 45.27%
	pf accesses   = 310616
	pf misses     = 151216
	pf miss ratio = 48.68%
---------------------------------------------------------------------------------------------------------------------------------------
----------------------------------------------Prefetcher (Full Simulation i.e. No Warmup)----------------------------------------------
Num Trainings :9946691
Num Prefetches generated :1814702
Num Prefetches issued :2185689
Num Prefetches filtered by PF queue :7231
Num untimely prefetches dropped from PF queue :1349
Num prefetches not issued LDST contention :372336
Num prefetches not issued stride 0 :3192925
---------------------------------------------------------------------------------------------------------------------------------------

-------------------------------ILP LIMIT STUDY (Full Simulation i.e. Counts Not Reset When Warmup Ends)--------------------------------
instructions = 40000016
cycles       = 34447204
CycWP        = 26273246
IPC          = 1.1612

---------------------------------------------------------------------------------------------------------------------------------------

-----------------------------------------------BRANCH PREDICTION MEASUREMENTS (Full Simulation i.e. Counts Not Reset When Warmup Ends)----------------------------------------------
Type                   NumBr     MispBr        mr     mpki
CondDirect          7268207      83630   1.1506%   2.0907
JumpDirect          1334211          0   0.0000%   0.0000
JumpIndirect          74309          0   0.0000%   0.0000
JumpReturn           740077          0   0.0000%   0.0000
Not control        35221805          0   0.0000%   0.0000
------------------------------------------------------------------------------------------------------------------------------------------------------------------------------------

------------------------------------------------------DIRECT CONDITIONAL BRANCH PREDICTION MEASUREMENTS (Last 10M instructions)-----------------------------------------------------
       Instr       Cycles      IPC      NumBr     MispBr BrPerCyc MispBrPerCyc        MR     MPKI      CycWP   CycWPAvg   CycWPPKI
    10000016     10356641   0.9656    1676519      28272   0.1619       0.0027   1.6864%   2.8272    8524383   301.5133   852.4369
------------------------------------------------------------------------------------------------------------------------------------------------------------------------------------

------------------------------------------------------DIRECT CONDITIONAL BRANCH PREDICTION MEASUREMENTS (Last 25M instructions)-----------------------------------------------------
       Instr       Cycles      IPC      NumBr     MispBr BrPerCyc MispBrPerCyc        MR     MPKI      CycWP   CycWPAvg   CycWPPKI
    25000016     25121481   0.9952    4471613      64387   0.1780       0.0026   1.4399%   2.5755   20192096   313.6052   807.6833
-------------------------------------------------------------------------------------------------------------------------------------------------------------------------------------

---------------------------------------------------------DIRECT CONDITIONAL BRANCH PREDICTION MEASUREMENTS (50 Perc instructions)---------------------------------------------------
       Instr       Cycles      IPC      NumBr     MispBr BrPerCyc MispBrPerCyc        MR     MPKI      CycWP   CycWPAvg   CycWPPKI
    20000016     22093619   0.9052    3539219      58332   0.1602       0.0026   1.6482%   2.9166   18252181   312.9017   912.6083
------------------------------------------------------------------------------------------------------------------------------------------------------------------------------------

-------------------------------------DIRECT CONDITIONAL BRANCH PREDICTION MEASUREMENTS (Full Simulation i.e. Counts Not Reset When Warmup Ends)-------------------------------------
       Instr       Cycles      IPC      NumBr     MispBr BrPerCyc MispBrPerCyc        MR     MPKI      CycWP   CycWPAvg   CycWPPKI
    40000016     34447204   1.1612    7268207      83630   0.2110       0.0024   1.1506%   2.0907   26273246   314.1605   656.8309
------------------------------------------------------------------------------------------------------------------------------------------------------------------------------------
 Read 40000016 instrs 

ExecTime = 504.4226677417755
