CMD:bin/cbp.man traces/infra/infra_4_trace.gz
 (TAGE 1217581)  (LOOP 3648)  (SC 197568) 
 (TOTAL 1418797 bits 173.192993 KB) 
 TAGE Low Bank Used: 6
 TAGE High Bank Used: 15
 (Hard Branch Table 4559)  (Correlation Table 108576)  (Load Value Correlated Predictor Top 40041) 
 (Load Value Correlated Predictor TOTAL 18.698242 KB) 
 (Hard Branch Table 4559)  (Correlation Table 108576)  (Load Value Correlated Predictor Top 40041) 
 (Load Value Correlated Predictor TOTAL 18.698242 KB) 
[0, 0x800021c4], 33554568
5000000 instrs 
10000000 instrs 
[0x40d550, 0x80000d00], 33488096
15000000 instrs 
20000000 instrs 
25000000 instrs 
30000000 instrs 
35000000 instrs 
40000000 instrs 
[0x4000001242ec, 0x80000d00], 288229276673619754
EOF
-----------------------------------Load Value Correlated Predictor Stats-----------------------------------
Branch Entangling Table Touch: 0
Branch Entangling Table Insert: 0
Branch Entangling Table Load PC Changed: 0
Load-Branch Entangling Table Touch: 0
Load-Branch Entangling Table Insert: 0
Load-Branch Entangling Table Load PC Changed: 0
Load Value Correlated Predictor Predicted: 0
Load Value Correlated Predictor Predicted By Value: 474825
Load Value Correlated Predictor Predicted By Addr: 0
Load Value Correlated Predictor Not Predicted: 0
Load Value Correlated Predictor Not Predicted Due to Entangling Table Miss: 0
Load Value Correlated Predictor Not Predicted Due to Correlation Table Miss: 0
Load Value Correlated Predictor Not Predicted Due to Load Value Tracking Miss: 0
Load Value Correlated Predictor No Load Or Value Late: 0
Load Value Correlated Predictor Load Value Provided by DVTAGE: 0
Load Value Correlated Predictor Not Predicted Due to TAGE High Confidence: 0
Load Value Correlated Predictor Not Predicted Due to Low Correlation Confidence: 0
Load Value Correlated Predictor Correct: 410775
Load Value Correlated Predictor Incorrect: 1030
Load Value Correlated Predictor Correct TAGE Correct: 385753
Load Value Correlated Predictor Correct TAGE Incorrect: 25022
Load Value Correlated Predictor Incorrect TAGE Correct: 470
Load Value Correlated Predictor Incorrect TAGE Incorrect: 560
Load Inst Bitmap Miss: 44270
Load Inst Bitmap Hit: 7301952
Load Inst Bitmap Max Usage: 589
Load Value Correlated Predictor Accuracy: Nan
Branch Entangling Table Load PC Changed Ratio: Nan
Load Branch Entangling Table Load PC Changed Ratio: Nan
-----------------------------------------------------------------------------------------------------------
------------------------------------------- Hard Branch Table Stats --------------------------------------
  Update branches:                         5987970
  Update replaces:                           27310
  Update replaces failed:                  1094596
  Update decays:                               299
  Update decayed to zero:                    28128
  Update saturated:                          87532
  Query branches:                         11976036
  Query hard:                              3169845
  Query not hard:                          8806191
------------------------------------------------------------------------------------------------

-------------------------------------- Correlation Table Stats ----------------------------------
  Total storage:                                        12.5 KB
  Total table entries:                                  4096
  Update count:                                     46784058
  Update hit:                                       17137693
  Update allocate:                                   1485446
  Update dir changed:                               15430823
  Update replacement:                                 364111
  Update inserts:                                     368207
  Update inserts failed:                              373564
  Query hit:                                         6853352
  Query miss:                                       15212729
  Query conf saturated:                               474825
  Query conf low:                                    6378527
  Query direction changed:                           6037540
  Query high conf & direction changed:                     0
-------------------------------------------------------------------------------------------------
WINDOW_SIZE = 1024
FETCH_WIDTH = 16
FETCH_NUM_BRANCH = 16
FETCH_STOP_AT_INDIRECT = 1
FETCH_STOP_AT_TAKEN = 1
FETCH_MODEL_ICACHE = 1
PERFECT_BRANCH_PRED = 0
PERFECT_INDIRECT_PRED = 1
PIPELINE_FILL_LATENCY = 10
NUM_LDST_LANES = 8
NUM_ALU_LANES = 16
MEMORY HIERARCHY CONFIGURATION---------------------
STRIDE Prefetcher = 1
PERFECT_CACHE = 0
WRITE_ALLOCATE = 1
Within-pipeline factors:
	AGEN latency = 1 cycle
	Store Queue (SQ): SQ size = window size, oracle memory disambiguation, store-load forwarding = 1 cycle after store's or load's agen.
	* Note: A store searches the L1$ at commit. The store is released
	* from the SQ and window, whether it hits or misses. Store misses
	* are buffered until the block is allocated and the store is
	* performed in the L1$. While buffered, conflicting loads get
	* the store's data as they would from the SQ.
I$: 128 KB, 8-way set-assoc., 64B block size
L1$: 128 KB, 8-way set-assoc., 64B block size, 3-cycle search latency
L2$: 4 MB, 8-way set-assoc., 64B block size, 12-cycle search latency
L3$: 32 MB, 16-way set-assoc., 128B block size, 50-cycle search latency
Main Memory: 150-cycle fixed search time
---------------------------STORE QUEUE MEASUREMENTS (Full Simulation i.e. Counts Not Reset When Warmup Ends)---------------------------
Number of loads: 10610594
Number of loads that miss in SQ: 5253717 (49.51%)
Number of PFs issued to the memory system 3412790
---------------------------------------------------------------------------------------------------------------------------------------
------------------------MEMORY HIERARCHY MEASUREMENTS (Full Simulation i.e. Counts Not Reset When Warmup Ends)-------------------------
I$:
	accesses   = 46988883
	misses     = 709
	miss ratio = 0.00%
	pf accesses   = 0
	pf misses     = 0
	pf miss ratio = -nan%
L1$:
	accesses   = 16846260
	misses     = 311564
	miss ratio = 1.85%
	pf accesses   = 3412790
	pf misses     = 78543
	pf miss ratio = 2.30%
L2$:
	accesses   = 312273
	misses     = 308176
	miss ratio = 98.69%
	pf accesses   = 78543
	pf misses     = 78131
	pf miss ratio = 99.48%
L3$:
	accesses   = 308176
	misses     = 151042
	miss ratio = 49.01%
	pf accesses   = 78131
	pf misses     = 48095
	pf miss ratio = 61.56%
---------------------------------------------------------------------------------------------------------------------------------------
----------------------------------------------Prefetcher (Full Simulation i.e. No Warmup)----------------------------------------------
Num Trainings :10610594
Num Prefetches generated :3422909
Num Prefetches issued :4585586
Num Prefetches filtered by PF queue :196342
Num untimely prefetches dropped from PF queue :10119
Num prefetches not issued LDST contention :1172796
Num prefetches not issued stride 0 :2605458
---------------------------------------------------------------------------------------------------------------------------------------

-------------------------------ILP LIMIT STUDY (Full Simulation i.e. Counts Not Reset When Warmup Ends)--------------------------------
instructions = 40000016
cycles       = 22743797
CycWP        = 10297901
IPC          = 1.7587

---------------------------------------------------------------------------------------------------------------------------------------

-----------------------------------------------BRANCH PREDICTION MEASUREMENTS (Full Simulation i.e. Counts Not Reset When Warmup Ends)----------------------------------------------
Type                   NumBr     MispBr        mr     mpki
CondDirect          5988066      73244   1.2232%   1.8311
JumpDirect          1869082          0   0.0000%   0.0000
JumpIndirect         914769          0   0.0000%   0.0000
JumpReturn           954174          0   0.0000%   0.0000
Not control        37262792          0   0.0000%   0.0000
------------------------------------------------------------------------------------------------------------------------------------------------------------------------------------

------------------------------------------------------DIRECT CONDITIONAL BRANCH PREDICTION MEASUREMENTS (Last 10M instructions)-----------------------------------------------------
       Instr       Cycles      IPC      NumBr     MispBr BrPerCyc MispBrPerCyc        MR     MPKI      CycWP   CycWPAvg   CycWPPKI
    10000016      5692590   1.7567    1479483      17223   0.2599       0.0030   1.1641%   1.7223    2543816   147.6988   254.3812
------------------------------------------------------------------------------------------------------------------------------------------------------------------------------------

------------------------------------------------------DIRECT CONDITIONAL BRANCH PREDICTION MEASUREMENTS (Last 25M instructions)-----------------------------------------------------
       Instr       Cycles      IPC      NumBr     MispBr BrPerCyc MispBrPerCyc        MR     MPKI      CycWP   CycWPAvg   CycWPPKI
    25000016     14153618   1.7663    3711547      43696   0.2622       0.0031   1.1773%   1.7478    6362926   145.6180   254.5169
-------------------------------------------------------------------------------------------------------------------------------------------------------------------------------------

---------------------------------------------------------DIRECT CONDITIONAL BRANCH PREDICTION MEASUREMENTS (50 Perc instructions)---------------------------------------------------
       Instr       Cycles      IPC      NumBr     MispBr BrPerCyc MispBrPerCyc        MR     MPKI      CycWP   CycWPAvg   CycWPPKI
    20000016     11315775   1.7674    2971304      34888   0.2626       0.0031   1.1742%   1.7444    5053670   144.8541   252.6833
------------------------------------------------------------------------------------------------------------------------------------------------------------------------------------

-------------------------------------DIRECT CONDITIONAL BRANCH PREDICTION MEASUREMENTS (Full Simulation i.e. Counts Not Reset When Warmup Ends)-------------------------------------
       Instr       Cycles      IPC      NumBr     MispBr BrPerCyc MispBrPerCyc        MR     MPKI      CycWP   CycWPAvg   CycWPPKI
    40000016     22743797   1.7587    5988066      73244   0.2633       0.0032   1.2232%   1.8311   10297901   140.5972   257.4474
------------------------------------------------------------------------------------------------------------------------------------------------------------------------------------
 Read 40000016 instrs 

ExecTime = 477.8087487220764
