CMD:bin/cbp.cai traces/int/int_0_trace.gz
CSC TABLE SIZE: 69125000000 instrs 
10000000 instrs 
15000000 instrs 
20000000 instrs 
25000000 instrs 
30000000 instrs 
35000000 instrs 
40000000 instrs 
EOF
WINDOW_SIZE = 1024
FETCH_WIDTH = 16
FETCH_NUM_BRANCH = 16
FETCH_STOP_AT_INDIRECT = 1
FETCH_STOP_AT_TAKEN = 1
FETCH_MODEL_ICACHE = 1
PERFECT_BRANCH_PRED = 0
PERFECT_INDIRECT_PRED = 1
PIPELINE_FILL_LATENCY = 10
NUM_LDST_LANES = 8
NUM_ALU_LANES = 16
MEMORY HIERARCHY CONFIGURATION---------------------
STRIDE Prefetcher = 1
PERFECT_CACHE = 0
WRITE_ALLOCATE = 1
Within-pipeline factors:
	AGEN latency = 1 cycle
	Store Queue (SQ): SQ size = window size, oracle memory disambiguation, store-load forwarding = 1 cycle after store's or load's agen.
	* Note: A store searches the L1$ at commit. The store is released
	* from the SQ and window, whether it hits or misses. Store misses
	* are buffered until the block is allocated and the store is
	* performed in the L1$. While buffered, conflicting loads get
	* the store's data as they would from the SQ.
I$: 128 KB, 8-way set-assoc., 64B block size
L1$: 128 KB, 8-way set-assoc., 64B block size, 3-cycle search latency
L2$: 4 MB, 8-way set-assoc., 64B block size, 12-cycle search latency
L3$: 32 MB, 16-way set-assoc., 128B block size, 50-cycle search latency
Main Memory: 150-cycle fixed search time
---------------------------STORE QUEUE MEASUREMENTS (Full Simulation i.e. Counts Not Reset When Warmup Ends)---------------------------
Number of loads: 6413385
Number of loads that miss in SQ: 6072836 (94.69%)
Number of PFs issued to the memory system 2379957
---------------------------------------------------------------------------------------------------------------------------------------
------------------------MEMORY HIERARCHY MEASUREMENTS (Full Simulation i.e. Counts Not Reset When Warmup Ends)-------------------------
I$:
	accesses   = 41766665
	misses     = 608
	miss ratio = 0.00%
	pf accesses   = 0
	pf misses     = 0
	pf miss ratio = -nan%
L1$:
	accesses   = 8536931
	misses     = 574865
	miss ratio = 6.73%
	pf accesses   = 2379957
	pf misses     = 33010
	pf miss ratio = 1.39%
L2$:
	accesses   = 575473
	misses     = 164912
	miss ratio = 28.66%
	pf accesses   = 33010
	pf misses     = 14352
	pf miss ratio = 43.48%
L3$:
	accesses   = 164912
	misses     = 102096
	miss ratio = 61.91%
	pf accesses   = 14352
	pf misses     = 3792
	pf miss ratio = 26.42%
---------------------------------------------------------------------------------------------------------------------------------------
----------------------------------------------Prefetcher (Full Simulation i.e. No Warmup)----------------------------------------------
Num Trainings :6413385
Num Prefetches generated :2381920
Num Prefetches issued :3318392
Num Prefetches filtered by PF queue :25665
Num untimely prefetches dropped from PF queue :1963
Num prefetches not issued LDST contention :938435
Num prefetches not issued stride 0 :1353510
---------------------------------------------------------------------------------------------------------------------------------------

-------------------------------ILP LIMIT STUDY (Full Simulation i.e. Counts Not Reset When Warmup Ends)--------------------------------
instructions = 40000041
cycles       = 14740978
CycWP        = 10071043
IPC          = 2.7135

---------------------------------------------------------------------------------------------------------------------------------------

-----------------------------------------------BRANCH PREDICTION MEASUREMENTS (Full Simulation i.e. Counts Not Reset When Warmup Ends)----------------------------------------------
Type                   NumBr     MispBr        mr     mpki
CondDirect          6223265     204777   3.2905%   5.1194
JumpDirect           199871          0   0.0000%   0.0000
JumpIndirect             58          0   0.0000%   0.0000
JumpReturn              774          0   0.0000%   0.0000
Not control        35342697          0   0.0000%   0.0000
------------------------------------------------------------------------------------------------------------------------------------------------------------------------------------

------------------------------------------------------DIRECT CONDITIONAL BRANCH PREDICTION MEASUREMENTS (Last 10M instructions)-----------------------------------------------------
       Instr       Cycles      IPC      NumBr     MispBr BrPerCyc MispBrPerCyc        MR     MPKI      CycWP   CycWPAvg   CycWPPKI
    10000041      3241706   3.0848    1602431      51261   0.4943       0.0158   3.1990%   5.1261    2145146    41.8475   214.5137
------------------------------------------------------------------------------------------------------------------------------------------------------------------------------------

------------------------------------------------------DIRECT CONDITIONAL BRANCH PREDICTION MEASUREMENTS (Last 25M instructions)-----------------------------------------------------
       Instr       Cycles      IPC      NumBr     MispBr BrPerCyc MispBrPerCyc        MR     MPKI      CycWP   CycWPAvg   CycWPPKI
    25000041      8512794   2.9368    3884210     126086   0.4563       0.0148   3.2461%   5.0434    5710333    45.2892   228.4129
-------------------------------------------------------------------------------------------------------------------------------------------------------------------------------------

---------------------------------------------------------DIRECT CONDITIONAL BRANCH PREDICTION MEASUREMENTS (50 Perc instructions)---------------------------------------------------
       Instr       Cycles      IPC      NumBr     MispBr BrPerCyc MispBrPerCyc        MR     MPKI      CycWP   CycWPAvg   CycWPPKI
    20000041      6533127   3.0613    3076555      99510   0.4709       0.0152   3.2345%   4.9755    4306025    43.2723   215.3008
------------------------------------------------------------------------------------------------------------------------------------------------------------------------------------

-------------------------------------DIRECT CONDITIONAL BRANCH PREDICTION MEASUREMENTS (Full Simulation i.e. Counts Not Reset When Warmup Ends)-------------------------------------
       Instr       Cycles      IPC      NumBr     MispBr BrPerCyc MispBrPerCyc        MR     MPKI      CycWP   CycWPAvg   CycWPPKI
    40000041     14740978   2.7135    6223265     204777   0.4222       0.0139   3.2905%   5.1194   10071043    49.1805   251.7758
------------------------------------------------------------------------------------------------------------------------------------------------------------------------------------
 Read 40000041 instrs 

ExecTime = 667.5851757526398
