CMD:bin/cbp.man traces/int/int_20_trace.gz
 (TAGE 1217581)  (LOOP 3648)  (SC 197568) 
 (TOTAL 1418797 bits 173.192993 KB) 
 TAGE Low Bank Used: 6
 TAGE High Bank Used: 15
 (Hard Branch Table 4559)  (Correlation Table 108576)  (Load Value Correlated Predictor Top 40041) 
 (Load Value Correlated Predictor TOTAL 18.698242 KB) 
 (Hard Branch Table 4559)  (Correlation Table 108576)  (Load Value Correlated Predictor Top 40041) 
 (Load Value Correlated Predictor TOTAL 18.698242 KB) 
[0, 0x80002968], 33554598
5000000 instrs 
[0x474774, 0xffff800008010c00], 288228177130481428
[0x474774, 0xffff800008010c00], 288228177130481428
[0x474774, 0xffff800008010c00], 288228177130481428
[0x474774, 0xffff800008010c00], 288228177130481428
[0x474774, 0xffff800008010c00], 288228177130481428
[0x474774, 0xffff800008010c00], 288228177130481428
[0x474774, 0xffff800008010c00], 288228177130481428
10000000 instrs 
[0x65c64c, 0x80000d00], 33450268
[0x474774, 0xffff800008010c00], 288228177130481428
[0x474774, 0xffff800008010c00], 288228177130481428
[0x474774, 0xffff800008010c00], 288228177130481428
[0x474774, 0xffff800008010c00], 288228177130481428
[0x474774, 0xffff800008010c00], 288228177130481428
[0x474774, 0xffff800008010c00], 288228177130481428
15000000 instrs 
[0xb02a7c, 0xffff800008010c00], 288228177130374024
20000000 instrs 
25000000 instrs 
30000000 instrs 
35000000 instrs 
40000000 instrs 
45000000 instrs 
50000000 instrs 
55000000 instrs 
60000000 instrs 
[0x5d76e8, 0x80000d00], 33458778
EOF
-----------------------------------Load Value Correlated Predictor Stats-----------------------------------
Branch Entangling Table Touch: 0
Branch Entangling Table Insert: 0
Branch Entangling Table Load PC Changed: 0
Load-Branch Entangling Table Touch: 0
Load-Branch Entangling Table Insert: 0
Load-Branch Entangling Table Load PC Changed: 0
Load Value Correlated Predictor Predicted: 0
Load Value Correlated Predictor Predicted By Value: 29333
Load Value Correlated Predictor Predicted By Addr: 0
Load Value Correlated Predictor Not Predicted: 0
Load Value Correlated Predictor Not Predicted Due to Entangling Table Miss: 0
Load Value Correlated Predictor Not Predicted Due to Correlation Table Miss: 0
Load Value Correlated Predictor Not Predicted Due to Load Value Tracking Miss: 0
Load Value Correlated Predictor No Load Or Value Late: 0
Load Value Correlated Predictor Load Value Provided by DVTAGE: 0
Load Value Correlated Predictor Not Predicted Due to TAGE High Confidence: 0
Load Value Correlated Predictor Not Predicted Due to Low Correlation Confidence: 0
Load Value Correlated Predictor Correct: 26780
Load Value Correlated Predictor Incorrect: 1116
Load Value Correlated Predictor Correct TAGE Correct: 26422
Load Value Correlated Predictor Correct TAGE Incorrect: 358
Load Value Correlated Predictor Incorrect TAGE Correct: 901
Load Value Correlated Predictor Incorrect TAGE Incorrect: 215
Load Inst Bitmap Miss: 1217116
Load Inst Bitmap Hit: 13466662
Load Inst Bitmap Max Usage: 1024
Load Value Correlated Predictor Accuracy: Nan
Branch Entangling Table Load PC Changed Ratio: Nan
Load Branch Entangling Table Load PC Changed Ratio: Nan
-----------------------------------------------------------------------------------------------------------
------------------------------------------- Hard Branch Table Stats --------------------------------------
  Update branches:                         9561404
  Update replaces:                           33243
  Update replaces failed:                  5958462
  Update decays:                               478
  Update decayed to zero:                    33794
  Update saturated:                          16689
  Query branches:                         19122809
  Query hard:                               787698
  Query not hard:                         18335111
------------------------------------------------------------------------------------------------

-------------------------------------- Correlation Table Stats ----------------------------------
  Total storage:                                        12.5 KB
  Total table entries:                                  4096
  Update count:                                     12300860
  Update hit:                                        3785379
  Update allocate:                                    559914
  Update dir changed:                                3404489
  Update replacement:                                 112354
  Update inserts:                                     116450
  Update inserts failed:                              169810
  Query hit:                                         1702802
  Query miss:                                        2963451
  Query conf saturated:                                29333
  Query conf low:                                    1673469
  Query direction changed:                           1569183
  Query high conf & direction changed:                     0
-------------------------------------------------------------------------------------------------
WINDOW_SIZE = 1024
FETCH_WIDTH = 16
FETCH_NUM_BRANCH = 16
FETCH_STOP_AT_INDIRECT = 1
FETCH_STOP_AT_TAKEN = 1
FETCH_MODEL_ICACHE = 1
PERFECT_BRANCH_PRED = 0
PERFECT_INDIRECT_PRED = 1
PIPELINE_FILL_LATENCY = 10
NUM_LDST_LANES = 8
NUM_ALU_LANES = 16
MEMORY HIERARCHY CONFIGURATION---------------------
STRIDE Prefetcher = 1
PERFECT_CACHE = 0
WRITE_ALLOCATE = 1
Within-pipeline factors:
	AGEN latency = 1 cycle
	Store Queue (SQ): SQ size = window size, oracle memory disambiguation, store-load forwarding = 1 cycle after store's or load's agen.
	* Note: A store searches the L1$ at commit. The store is released
	* from the SQ and window, whether it hits or misses. Store misses
	* are buffered until the block is allocated and the store is
	* performed in the L1$. While buffered, conflicting loads get
	* the store's data as they would from the SQ.
I$: 128 KB, 8-way set-assoc., 64B block size
L1$: 128 KB, 8-way set-assoc., 64B block size, 3-cycle search latency
L2$: 4 MB, 8-way set-assoc., 64B block size, 12-cycle search latency
L3$: 32 MB, 16-way set-assoc., 128B block size, 50-cycle search latency
Main Memory: 150-cycle fixed search time
---------------------------STORE QUEUE MEASUREMENTS (Full Simulation i.e. Counts Not Reset When Warmup Ends)---------------------------
Number of loads: 18126583
Number of loads that miss in SQ: 12826870 (70.76%)
Number of PFs issued to the memory system 1573480
---------------------------------------------------------------------------------------------------------------------------------------
------------------------MEMORY HIERARCHY MEASUREMENTS (Full Simulation i.e. Counts Not Reset When Warmup Ends)-------------------------
I$:
	accesses   = 68678744
	misses     = 47310
	miss ratio = 0.07%
	pf accesses   = 0
	pf misses     = 0
	pf miss ratio = -nan%
L1$:
	accesses   = 27658271
	misses     = 342380
	miss ratio = 1.24%
	pf accesses   = 1573480
	pf misses     = 122383
	pf miss ratio = 7.78%
L2$:
	accesses   = 389690
	misses     = 56975
	miss ratio = 14.62%
	pf accesses   = 122383
	pf misses     = 10636
	pf miss ratio = 8.69%
L3$:
	accesses   = 56975
	misses     = 34641
	miss ratio = 60.80%
	pf accesses   = 10636
	pf misses     = 5235
	pf miss ratio = 49.22%
---------------------------------------------------------------------------------------------------------------------------------------
----------------------------------------------Prefetcher (Full Simulation i.e. No Warmup)----------------------------------------------
Num Trainings :18126583
Num Prefetches generated :1579767
Num Prefetches issued :3676413
Num Prefetches filtered by PF queue :99842
Num untimely prefetches dropped from PF queue :6287
Num prefetches not issued LDST contention :2102933
Num prefetches not issued stride 0 :4348694
---------------------------------------------------------------------------------------------------------------------------------------

-------------------------------ILP LIMIT STUDY (Full Simulation i.e. Counts Not Reset When Warmup Ends)--------------------------------
instructions = 60000051
cycles       = 16770736
CycWP        = 4701151
IPC          = 3.5777

---------------------------------------------------------------------------------------------------------------------------------------

-----------------------------------------------BRANCH PREDICTION MEASUREMENTS (Full Simulation i.e. Counts Not Reset When Warmup Ends)----------------------------------------------
Type                   NumBr     MispBr        mr     mpki
CondDirect          9561405     141859   1.4837%   2.3643
JumpDirect          1957277          0   0.0000%   0.0000
JumpIndirect         445245          0   0.0000%   0.0000
JumpReturn           908136          0   0.0000%   0.0000
Not control        55806681          0   0.0000%   0.0000
------------------------------------------------------------------------------------------------------------------------------------------------------------------------------------

------------------------------------------------------DIRECT CONDITIONAL BRANCH PREDICTION MEASUREMENTS (Last 10M instructions)-----------------------------------------------------
       Instr       Cycles      IPC      NumBr     MispBr BrPerCyc MispBrPerCyc        MR     MPKI      CycWP   CycWPAvg   CycWPPKI
    10000051      2485350   4.0236    1668734      25358   0.6714       0.0102   1.5196%   2.5358     727731    28.6983    72.7727
------------------------------------------------------------------------------------------------------------------------------------------------------------------------------------

------------------------------------------------------DIRECT CONDITIONAL BRANCH PREDICTION MEASUREMENTS (Last 25M instructions)-----------------------------------------------------
       Instr       Cycles      IPC      NumBr     MispBr BrPerCyc MispBrPerCyc        MR     MPKI      CycWP   CycWPAvg   CycWPPKI
    25000051      5630671   4.4400    4043110      53454   0.7181       0.0095   1.3221%   2.1382    1509742    28.2438    60.3896
-------------------------------------------------------------------------------------------------------------------------------------------------------------------------------------

---------------------------------------------------------DIRECT CONDITIONAL BRANCH PREDICTION MEASUREMENTS (50 Perc instructions)---------------------------------------------------
       Instr       Cycles      IPC      NumBr     MispBr BrPerCyc MispBrPerCyc        MR     MPKI      CycWP   CycWPAvg   CycWPPKI
    30000051      6855641   4.3760    4877083      66750   0.7114       0.0097   1.3686%   2.2250    1895860    28.4024    63.1952
------------------------------------------------------------------------------------------------------------------------------------------------------------------------------------

-------------------------------------DIRECT CONDITIONAL BRANCH PREDICTION MEASUREMENTS (Full Simulation i.e. Counts Not Reset When Warmup Ends)-------------------------------------
       Instr       Cycles      IPC      NumBr     MispBr BrPerCyc MispBrPerCyc        MR     MPKI      CycWP   CycWPAvg   CycWPPKI
    60000051     16770736   3.5777    9561405     141859   0.5701       0.0085   1.4837%   2.3643    4701151    33.1396    78.3525
------------------------------------------------------------------------------------------------------------------------------------------------------------------------------------
 Read 60000051 instrs 

ExecTime = 1001.9364173412323
