CMD:bin/cbp.man traces/int/int_7_trace.gz
 (TAGE 1217581)  (LOOP 3648)  (SC 197568) 
 (TOTAL 1418797 bits 173.192993 KB) 
 TAGE Low Bank Used: 6
 TAGE High Bank Used: 15
 (Hard Branch Table 4559)  (Correlation Table 108576)  (Load Value Correlated Predictor Top 40041) 
 (Load Value Correlated Predictor TOTAL 18.698242 KB) 
 (Hard Branch Table 4559)  (Correlation Table 108576)  (Load Value Correlated Predictor Top 40041) 
 (Load Value Correlated Predictor TOTAL 18.698242 KB) 
[0, 0x800028e8], 33554596
5000000 instrs 
10000000 instrs 
[0xfffff3237af0, 0x80000d00], 288225978142126666
15000000 instrs 
[0xffffd48a8f84, 0xffff800008010c00], 288223779095435763
[0xffffd48a9000, 0xffff800008010c00], 288223779095435761
20000000 instrs 
[0xffffd48fc340, 0xffff800008010c00], 288223779095430436
[0xffffd48fc340, 0xffff800008010c00], 288223779095430436
[0xffffd48a9000, 0xffff800008010c00], 288223779095435761
25000000 instrs 
[0xffffd48a8f84, 0xffff800008010c00], 288223779095435763
30000000 instrs 
35000000 instrs 
40000000 instrs 
[0xfffff32910a0, 0x80000d00], 288225978142120947
EOF
-----------------------------------Load Value Correlated Predictor Stats-----------------------------------
Branch Entangling Table Touch: 0
Branch Entangling Table Insert: 0
Branch Entangling Table Load PC Changed: 0
Load-Branch Entangling Table Touch: 0
Load-Branch Entangling Table Insert: 0
Load-Branch Entangling Table Load PC Changed: 0
Load Value Correlated Predictor Predicted: 0
Load Value Correlated Predictor Predicted By Value: 50788
Load Value Correlated Predictor Predicted By Addr: 0
Load Value Correlated Predictor Not Predicted: 0
Load Value Correlated Predictor Not Predicted Due to Entangling Table Miss: 0
Load Value Correlated Predictor Not Predicted Due to Correlation Table Miss: 0
Load Value Correlated Predictor Not Predicted Due to Load Value Tracking Miss: 0
Load Value Correlated Predictor No Load Or Value Late: 0
Load Value Correlated Predictor Load Value Provided by DVTAGE: 0
Load Value Correlated Predictor Not Predicted Due to TAGE High Confidence: 0
Load Value Correlated Predictor Not Predicted Due to Low Correlation Confidence: 0
Load Value Correlated Predictor Correct: 48642
Load Value Correlated Predictor Incorrect: 528
Load Value Correlated Predictor Correct TAGE Correct: 48057
Load Value Correlated Predictor Correct TAGE Incorrect: 585
Load Value Correlated Predictor Incorrect TAGE Correct: 292
Load Value Correlated Predictor Incorrect TAGE Incorrect: 236
Load Inst Bitmap Miss: 1214220
Load Inst Bitmap Hit: 8251868
Load Inst Bitmap Max Usage: 1024
Load Value Correlated Predictor Accuracy: Nan
Branch Entangling Table Load PC Changed Ratio: Nan
Load Branch Entangling Table Load PC Changed Ratio: Nan
-----------------------------------------------------------------------------------------------------------
------------------------------------------- Hard Branch Table Stats --------------------------------------
  Update branches:                         5944144
  Update replaces:                           15123
  Update replaces failed:                  4451538
  Update decays:                               297
  Update decayed to zero:                    15007
  Update saturated:                          19627
  Query branches:                         11888289
  Query hard:                               977809
  Query not hard:                         10910480
------------------------------------------------------------------------------------------------

-------------------------------------- Correlation Table Stats ----------------------------------
  Total storage:                                        12.5 KB
  Total table entries:                                  4096
  Update count:                                     15329987
  Update hit:                                        4333583
  Update allocate:                                    544191
  Update dir changed:                                3912988
  Update replacement:                                 143996
  Update inserts:                                     148092
  Update inserts failed:                              150555
  Query hit:                                         2016441
  Query miss:                                        4260609
  Query conf saturated:                                50788
  Query conf low:                                    1965653
  Query direction changed:                           1811187
  Query high conf & direction changed:                     0
-------------------------------------------------------------------------------------------------
WINDOW_SIZE = 1024
FETCH_WIDTH = 16
FETCH_NUM_BRANCH = 16
FETCH_STOP_AT_INDIRECT = 1
FETCH_STOP_AT_TAKEN = 1
FETCH_MODEL_ICACHE = 1
PERFECT_BRANCH_PRED = 0
PERFECT_INDIRECT_PRED = 1
PIPELINE_FILL_LATENCY = 10
NUM_LDST_LANES = 8
NUM_ALU_LANES = 16
MEMORY HIERARCHY CONFIGURATION---------------------
STRIDE Prefetcher = 1
PERFECT_CACHE = 0
WRITE_ALLOCATE = 1
Within-pipeline factors:
	AGEN latency = 1 cycle
	Store Queue (SQ): SQ size = window size, oracle memory disambiguation, store-load forwarding = 1 cycle after store's or load's agen.
	* Note: A store searches the L1$ at commit. The store is released
	* from the SQ and window, whether it hits or misses. Store misses
	* are buffered until the block is allocated and the store is
	* performed in the L1$. While buffered, conflicting loads get
	* the store's data as they would from the SQ.
I$: 128 KB, 8-way set-assoc., 64B block size
L1$: 128 KB, 8-way set-assoc., 64B block size, 3-cycle search latency
L2$: 4 MB, 8-way set-assoc., 64B block size, 12-cycle search latency
L3$: 32 MB, 16-way set-assoc., 128B block size, 50-cycle search latency
Main Memory: 150-cycle fixed search time
---------------------------STORE QUEUE MEASUREMENTS (Full Simulation i.e. Counts Not Reset When Warmup Ends)---------------------------
Number of loads: 11765054
Number of loads that miss in SQ: 9275841 (78.84%)
Number of PFs issued to the memory system 1079309
---------------------------------------------------------------------------------------------------------------------------------------
------------------------MEMORY HIERARCHY MEASUREMENTS (Full Simulation i.e. Counts Not Reset When Warmup Ends)-------------------------
I$:
	accesses   = 45778173
	misses     = 173851
	miss ratio = 0.38%
	pf accesses   = 0
	pf misses     = 0
	pf miss ratio = -nan%
L1$:
	accesses   = 17953537
	misses     = 95074
	miss ratio = 0.53%
	pf accesses   = 1079309
	pf misses     = 16902
	pf miss ratio = 1.57%
L2$:
	accesses   = 268925
	misses     = 32077
	miss ratio = 11.93%
	pf accesses   = 16902
	pf misses     = 2425
	pf miss ratio = 14.35%
L3$:
	accesses   = 32077
	misses     = 18418
	miss ratio = 57.42%
	pf accesses   = 2425
	pf misses     = 1316
	pf miss ratio = 54.27%
---------------------------------------------------------------------------------------------------------------------------------------
----------------------------------------------Prefetcher (Full Simulation i.e. No Warmup)----------------------------------------------
Num Trainings :11765054
Num Prefetches generated :1081413
Num Prefetches issued :1738698
Num Prefetches filtered by PF queue :31710
Num untimely prefetches dropped from PF queue :2104
Num prefetches not issued LDST contention :659389
Num prefetches not issued stride 0 :2663696
---------------------------------------------------------------------------------------------------------------------------------------

-------------------------------ILP LIMIT STUDY (Full Simulation i.e. Counts Not Reset When Warmup Ends)--------------------------------
instructions = 40000048
cycles       = 13776142
CycWP        = 4313134
IPC          = 2.9036

---------------------------------------------------------------------------------------------------------------------------------------

-----------------------------------------------BRANCH PREDICTION MEASUREMENTS (Full Simulation i.e. Counts Not Reset When Warmup Ends)----------------------------------------------
Type                   NumBr     MispBr        mr     mpki
CondDirect          5944145     176859   2.9753%   4.4215
JumpDirect          1306666          0   0.0000%   0.0000
JumpIndirect         187434          0   0.0000%   0.0000
JumpReturn           730341          0   0.0000%   0.0000
Not control        37609587          0   0.0000%   0.0000
------------------------------------------------------------------------------------------------------------------------------------------------------------------------------------

------------------------------------------------------DIRECT CONDITIONAL BRANCH PREDICTION MEASUREMENTS (Last 10M instructions)-----------------------------------------------------
       Instr       Cycles      IPC      NumBr     MispBr BrPerCyc MispBrPerCyc        MR     MPKI      CycWP   CycWPAvg   CycWPPKI
    10000048      2859020   3.4977    1519822      33587   0.5316       0.0117   2.2099%   3.3587     777323    23.1436    77.7319
------------------------------------------------------------------------------------------------------------------------------------------------------------------------------------

------------------------------------------------------DIRECT CONDITIONAL BRANCH PREDICTION MEASUREMENTS (Last 25M instructions)-----------------------------------------------------
       Instr       Cycles      IPC      NumBr     MispBr BrPerCyc MispBrPerCyc        MR     MPKI      CycWP   CycWPAvg   CycWPPKI
    25000048      6933863   3.6055    3838854      95623   0.5536       0.0138   2.4909%   3.8249    2306058    24.1161    92.2421
-------------------------------------------------------------------------------------------------------------------------------------------------------------------------------------

---------------------------------------------------------DIRECT CONDITIONAL BRANCH PREDICTION MEASUREMENTS (50 Perc instructions)---------------------------------------------------
       Instr       Cycles      IPC      NumBr     MispBr BrPerCyc MispBrPerCyc        MR     MPKI      CycWP   CycWPAvg   CycWPPKI
    20000048      5625675   3.5551    3000751      73576   0.5334       0.0131   2.4519%   3.6788    1750038    23.7854    87.5017
------------------------------------------------------------------------------------------------------------------------------------------------------------------------------------

-------------------------------------DIRECT CONDITIONAL BRANCH PREDICTION MEASUREMENTS (Full Simulation i.e. Counts Not Reset When Warmup Ends)-------------------------------------
       Instr       Cycles      IPC      NumBr     MispBr BrPerCyc MispBrPerCyc        MR     MPKI      CycWP   CycWPAvg   CycWPPKI
    40000048     13776142   2.9036    5944145     176859   0.4315       0.0128   2.9753%   4.4215    4313134    24.3874   107.8282
------------------------------------------------------------------------------------------------------------------------------------------------------------------------------------
 Read 40000048 instrs 

ExecTime = 458.5507867336273
