CMD:bin/cbp.man traces/int/int_9_trace.gz
 (TAGE 1217581)  (LOOP 3648)  (SC 197568) 
 (TOTAL 1418797 bits 173.192993 KB) 
 TAGE Low Bank Used: 6
 TAGE High Bank Used: 15
 (Hard Branch Table 4559)  (Correlation Table 108576)  (Load Value Correlated Predictor Top 40041) 
 (Load Value Correlated Predictor TOTAL 18.698242 KB) 
 (Hard Branch Table 4559)  (Correlation Table 108576)  (Load Value Correlated Predictor Top 40041) 
 (Load Value Correlated Predictor TOTAL 18.698242 KB) 
[0, 0x800028e8], 33554596
5000000 instrs 
[0xffffd48a8f84, 0xffff800008010c00], 288223779095435763
[0xffffd48a9000, 0xffff800008010c00], 288223779095435761
10000000 instrs 
[0xfffff35846c0, 0x80000d00], 288225978142072602
15000000 instrs 
20000000 instrs 
25000000 instrs 
30000000 instrs 
35000000 instrs 
40000000 instrs 
[0xfffff126e6ac, 0x80000d00], 288225978142647451
EOF
-----------------------------------Load Value Correlated Predictor Stats-----------------------------------
Branch Entangling Table Touch: 0
Branch Entangling Table Insert: 0
Branch Entangling Table Load PC Changed: 0
Load-Branch Entangling Table Touch: 0
Load-Branch Entangling Table Insert: 0
Load-Branch Entangling Table Load PC Changed: 0
Load Value Correlated Predictor Predicted: 0
Load Value Correlated Predictor Predicted By Value: 27140
Load Value Correlated Predictor Predicted By Addr: 0
Load Value Correlated Predictor Not Predicted: 0
Load Value Correlated Predictor Not Predicted Due to Entangling Table Miss: 0
Load Value Correlated Predictor Not Predicted Due to Correlation Table Miss: 0
Load Value Correlated Predictor Not Predicted Due to Load Value Tracking Miss: 0
Load Value Correlated Predictor No Load Or Value Late: 0
Load Value Correlated Predictor Load Value Provided by DVTAGE: 0
Load Value Correlated Predictor Not Predicted Due to TAGE High Confidence: 0
Load Value Correlated Predictor Not Predicted Due to Low Correlation Confidence: 0
Load Value Correlated Predictor Correct: 25467
Load Value Correlated Predictor Incorrect: 955
Load Value Correlated Predictor Correct TAGE Correct: 25012
Load Value Correlated Predictor Correct TAGE Incorrect: 455
Load Value Correlated Predictor Incorrect TAGE Correct: 741
Load Value Correlated Predictor Incorrect TAGE Incorrect: 214
Load Inst Bitmap Miss: 1664912
Load Inst Bitmap Hit: 6992540
Load Inst Bitmap Max Usage: 1024
Load Value Correlated Predictor Accuracy: Nan
Branch Entangling Table Load PC Changed Ratio: Nan
Load Branch Entangling Table Load PC Changed Ratio: Nan
-----------------------------------------------------------------------------------------------------------
------------------------------------------- Hard Branch Table Stats --------------------------------------
  Update branches:                         5800875
  Update replaces:                           18104
  Update replaces failed:                  4666356
  Update decays:                               290
  Update decayed to zero:                    17980
  Update saturated:                          20472
  Query branches:                         11601751
  Query hard:                               675593
  Query not hard:                         10926158
------------------------------------------------------------------------------------------------

-------------------------------------- Correlation Table Stats ----------------------------------
  Total storage:                                        12.5 KB
  Total table entries:                                  4096
  Update count:                                     10618743
  Update hit:                                        2397591
  Update allocate:                                    647588
  Update dir changed:                                2073893
  Update replacement:                                 129883
  Update inserts:                                     133979
  Update inserts failed:                              328375
  Query hit:                                         1078369
  Query miss:                                        4024649
  Query conf saturated:                                27140
  Query conf low:                                    1051229
  Query direction changed:                            923679
  Query high conf & direction changed:                     0
-------------------------------------------------------------------------------------------------
WINDOW_SIZE = 1024
FETCH_WIDTH = 16
FETCH_NUM_BRANCH = 16
FETCH_STOP_AT_INDIRECT = 1
FETCH_STOP_AT_TAKEN = 1
FETCH_MODEL_ICACHE = 1
PERFECT_BRANCH_PRED = 0
PERFECT_INDIRECT_PRED = 1
PIPELINE_FILL_LATENCY = 10
NUM_LDST_LANES = 8
NUM_ALU_LANES = 16
MEMORY HIERARCHY CONFIGURATION---------------------
STRIDE Prefetcher = 1
PERFECT_CACHE = 0
WRITE_ALLOCATE = 1
Within-pipeline factors:
	AGEN latency = 1 cycle
	Store Queue (SQ): SQ size = window size, oracle memory disambiguation, store-load forwarding = 1 cycle after store's or load's agen.
	* Note: A store searches the L1$ at commit. The store is released
	* from the SQ and window, whether it hits or misses. Store misses
	* are buffered until the block is allocated and the store is
	* performed in the L1$. While buffered, conflicting loads get
	* the store's data as they would from the SQ.
I$: 128 KB, 8-way set-assoc., 64B block size
L1$: 128 KB, 8-way set-assoc., 64B block size, 3-cycle search latency
L2$: 4 MB, 8-way set-assoc., 64B block size, 12-cycle search latency
L3$: 32 MB, 16-way set-assoc., 128B block size, 50-cycle search latency
Main Memory: 150-cycle fixed search time
---------------------------STORE QUEUE MEASUREMENTS (Full Simulation i.e. Counts Not Reset When Warmup Ends)---------------------------
Number of loads: 10787748
Number of loads that miss in SQ: 8191847 (75.94%)
Number of PFs issued to the memory system 535398
---------------------------------------------------------------------------------------------------------------------------------------
------------------------MEMORY HIERARCHY MEASUREMENTS (Full Simulation i.e. Counts Not Reset When Warmup Ends)-------------------------
I$:
	accesses   = 45680976
	misses     = 157341
	miss ratio = 0.34%
	pf accesses   = 0
	pf misses     = 0
	pf miss ratio = -nan%
L1$:
	accesses   = 16916514
	misses     = 67252
	miss ratio = 0.40%
	pf accesses   = 535398
	pf misses     = 4865
	pf miss ratio = 0.91%
L2$:
	accesses   = 224593
	misses     = 26794
	miss ratio = 11.93%
	pf accesses   = 4865
	pf misses     = 851
	pf miss ratio = 17.49%
L3$:
	accesses   = 26794
	misses     = 15867
	miss ratio = 59.22%
	pf accesses   = 851
	pf misses     = 418
	pf miss ratio = 49.12%
---------------------------------------------------------------------------------------------------------------------------------------
----------------------------------------------Prefetcher (Full Simulation i.e. No Warmup)----------------------------------------------
Num Trainings :10787748
Num Prefetches generated :536152
Num Prefetches issued :861870
Num Prefetches filtered by PF queue :28214
Num untimely prefetches dropped from PF queue :754
Num prefetches not issued LDST contention :326472
Num prefetches not issued stride 0 :1987567
---------------------------------------------------------------------------------------------------------------------------------------

-------------------------------ILP LIMIT STUDY (Full Simulation i.e. Counts Not Reset When Warmup Ends)--------------------------------
instructions = 40000050
cycles       = 13538561
CycWP        = 3700455
IPC          = 2.9545

---------------------------------------------------------------------------------------------------------------------------------------

-----------------------------------------------BRANCH PREDICTION MEASUREMENTS (Full Simulation i.e. Counts Not Reset When Warmup Ends)----------------------------------------------
Type                   NumBr     MispBr        mr     mpki
CondDirect          5800876     150015   2.5861%   3.7504
JumpDirect          1734899          0   0.0000%   0.0000
JumpIndirect         175952          0   0.0000%   0.0000
JumpReturn           943614          0   0.0000%   0.0000
Not control        37025635          0   0.0000%   0.0000
------------------------------------------------------------------------------------------------------------------------------------------------------------------------------------

------------------------------------------------------DIRECT CONDITIONAL BRANCH PREDICTION MEASUREMENTS (Last 10M instructions)-----------------------------------------------------
       Instr       Cycles      IPC      NumBr     MispBr BrPerCyc MispBrPerCyc        MR     MPKI      CycWP   CycWPAvg   CycWPPKI
    10000050      2792915   3.5805    1449043      35722   0.5188       0.0128   2.4652%   3.5722     873964    24.4657    87.3960
------------------------------------------------------------------------------------------------------------------------------------------------------------------------------------

------------------------------------------------------DIRECT CONDITIONAL BRANCH PREDICTION MEASUREMENTS (Last 25M instructions)-----------------------------------------------------
       Instr       Cycles      IPC      NumBr     MispBr BrPerCyc MispBrPerCyc        MR     MPKI      CycWP   CycWPAvg   CycWPPKI
    25000050      6812667   3.6696    3630112      82525   0.5328       0.0121   2.2733%   3.3010    1983297    24.0327    79.3317
-------------------------------------------------------------------------------------------------------------------------------------------------------------------------------------

---------------------------------------------------------DIRECT CONDITIONAL BRANCH PREDICTION MEASUREMENTS (50 Perc instructions)---------------------------------------------------
       Instr       Cycles      IPC      NumBr     MispBr BrPerCyc MispBrPerCyc        MR     MPKI      CycWP   CycWPAvg   CycWPPKI
    20000050      5520907   3.6226    2893544      65246   0.5241       0.0118   2.2549%   3.2623    1581468    24.2385    79.0732
------------------------------------------------------------------------------------------------------------------------------------------------------------------------------------

-------------------------------------DIRECT CONDITIONAL BRANCH PREDICTION MEASUREMENTS (Full Simulation i.e. Counts Not Reset When Warmup Ends)-------------------------------------
       Instr       Cycles      IPC      NumBr     MispBr BrPerCyc MispBrPerCyc        MR     MPKI      CycWP   CycWPAvg   CycWPPKI
    40000050     13538561   2.9545    5800876     150015   0.4285       0.0111   2.5861%   3.7504    3700455    24.6672    92.5113
------------------------------------------------------------------------------------------------------------------------------------------------------------------------------------
 Read 40000050 instrs 

ExecTime = 449.8512125015259
