CMD:bin/cbp.koizumi traces/int/int_10_trace.gz
(BIM 163840) (Tagged 1114481) (TraditionalSC 238616) (TotalSC 292493) 
StorageSizeKiB = 191.749756 (1570814 bits)5000000 instrs 
10000000 instrs 
15000000 instrs 
20000000 instrs 
25000000 instrs 
30000000 instrs 
35000000 instrs 
40000000 instrs 
45000000 instrs 
50000000 instrs 
55000000 instrs 
60000000 instrs 
EOF
WINDOW_SIZE = 1024
FETCH_WIDTH = 16
FETCH_NUM_BRANCH = 16
FETCH_STOP_AT_INDIRECT = 1
FETCH_STOP_AT_TAKEN = 1
FETCH_MODEL_ICACHE = 1
PERFECT_BRANCH_PRED = 0
PERFECT_INDIRECT_PRED = 1
PIPELINE_FILL_LATENCY = 10
NUM_LDST_LANES = 8
NUM_ALU_LANES = 16
MEMORY HIERARCHY CONFIGURATION---------------------
STRIDE Prefetcher = 1
PERFECT_CACHE = 0
WRITE_ALLOCATE = 1
Within-pipeline factors:
	AGEN latency = 1 cycle
	Store Queue (SQ): SQ size = window size, oracle memory disambiguation, store-load forwarding = 1 cycle after store's or load's agen.
	* Note: A store searches the L1$ at commit. The store is released
	* from the SQ and window, whether it hits or misses. Store misses
	* are buffered until the block is allocated and the store is
	* performed in the L1$. While buffered, conflicting loads get
	* the store's data as they would from the SQ.
I$: 128 KB, 8-way set-assoc., 64B block size
L1$: 128 KB, 8-way set-assoc., 64B block size, 3-cycle search latency
L2$: 4 MB, 8-way set-assoc., 64B block size, 12-cycle search latency
L3$: 32 MB, 16-way set-assoc., 128B block size, 50-cycle search latency
Main Memory: 150-cycle fixed search time
---------------------------STORE QUEUE MEASUREMENTS (Full Simulation i.e. Counts Not Reset When Warmup Ends)---------------------------
Number of loads: 18108909
Number of loads that miss in SQ: 13650024 (75.38%)
Number of PFs issued to the memory system 450203
---------------------------------------------------------------------------------------------------------------------------------------
------------------------MEMORY HIERARCHY MEASUREMENTS (Full Simulation i.e. Counts Not Reset When Warmup Ends)-------------------------
I$:
	accesses   = 70617069
	misses     = 3214
	miss ratio = 0.00%
	pf accesses   = 0
	pf misses     = 0
	pf miss ratio = -nan%
L1$:
	accesses   = 29131009
	misses     = 40436
	miss ratio = 0.14%
	pf accesses   = 450203
	pf misses     = 7678
	pf miss ratio = 1.71%
L2$:
	accesses   = 43650
	misses     = 14806
	miss ratio = 33.92%
	pf accesses   = 7678
	pf misses     = 2636
	pf miss ratio = 34.33%
L3$:
	accesses   = 14806
	misses     = 8312
	miss ratio = 56.14%
	pf accesses   = 2636
	pf misses     = 1290
	pf miss ratio = 48.94%
---------------------------------------------------------------------------------------------------------------------------------------
----------------------------------------------Prefetcher (Full Simulation i.e. No Warmup)----------------------------------------------
Num Trainings :18108909
Num Prefetches generated :452981
Num Prefetches issued :1537949
Num Prefetches filtered by PF queue :16978
Num untimely prefetches dropped from PF queue :2778
Num prefetches not issued LDST contention :1087746
Num prefetches not issued stride 0 :6176804
---------------------------------------------------------------------------------------------------------------------------------------

-------------------------------ILP LIMIT STUDY (Full Simulation i.e. Counts Not Reset When Warmup Ends)--------------------------------
instructions = 60000052
cycles       = 9630209
CycWP        = 832235
IPC          = 6.2304

---------------------------------------------------------------------------------------------------------------------------------------

-----------------------------------------------BRANCH PREDICTION MEASUREMENTS (Full Simulation i.e. Counts Not Reset When Warmup Ends)----------------------------------------------
Type                   NumBr     MispBr        mr     mpki
CondDirect          7032592      29798   0.4237%   0.4966
JumpDirect          2312716          0   0.0000%   0.0000
JumpIndirect         986505          0   0.0000%   0.0000
JumpReturn          1069161          0   0.0000%   0.0000
Not control        59216095          0   0.0000%   0.0000
------------------------------------------------------------------------------------------------------------------------------------------------------------------------------------

------------------------------------------------------DIRECT CONDITIONAL BRANCH PREDICTION MEASUREMENTS (Last 10M instructions)-----------------------------------------------------
       Instr       Cycles      IPC      NumBr     MispBr BrPerCyc MispBrPerCyc        MR     MPKI      CycWP   CycWPAvg   CycWPPKI
    10000052      1463746   6.8318    1203389       3638   0.8221       0.0025   0.3023%   0.3638      67877    18.6578     6.7877
------------------------------------------------------------------------------------------------------------------------------------------------------------------------------------

------------------------------------------------------DIRECT CONDITIONAL BRANCH PREDICTION MEASUREMENTS (Last 25M instructions)-----------------------------------------------------
       Instr       Cycles      IPC      NumBr     MispBr BrPerCyc MispBrPerCyc        MR     MPKI      CycWP   CycWPAvg   CycWPPKI
    25000052      3706707   6.7445    2925580      11143   0.7893       0.0030   0.3809%   0.4457     263127    23.6137    10.5251
-------------------------------------------------------------------------------------------------------------------------------------------------------------------------------------

---------------------------------------------------------DIRECT CONDITIONAL BRANCH PREDICTION MEASUREMENTS (50 Perc instructions)---------------------------------------------------
       Instr       Cycles      IPC      NumBr     MispBr BrPerCyc MispBrPerCyc        MR     MPKI      CycWP   CycWPAvg   CycWPPKI
    30000052      4449342   6.7426    3499163      13868   0.7864       0.0031   0.3963%   0.4623     327520    23.6170    10.9173
------------------------------------------------------------------------------------------------------------------------------------------------------------------------------------

-------------------------------------DIRECT CONDITIONAL BRANCH PREDICTION MEASUREMENTS (Full Simulation i.e. Counts Not Reset When Warmup Ends)-------------------------------------
       Instr       Cycles      IPC      NumBr     MispBr BrPerCyc MispBrPerCyc        MR     MPKI      CycWP   CycWPAvg   CycWPPKI
    60000052      9630209   6.2304    7032592      29798   0.7303       0.0031   0.4237%   0.4966     832235    27.9292    13.8706
------------------------------------------------------------------------------------------------------------------------------------------------------------------------------------
 Read 60000052 instrs 

ExecTime = 934.1877751350403
