CMD:bin/cbp.jimenez traces/compress/compress_4_trace.gz
CSC TABLE SIZE: 69125000000 instrs 
10000000 instrs 
15000000 instrs 
20000000 instrs 
25000000 instrs 
30000000 instrs 
EOF
WINDOW_SIZE = 1024
FETCH_WIDTH = 16
FETCH_NUM_BRANCH = 16
FETCH_STOP_AT_INDIRECT = 1
FETCH_STOP_AT_TAKEN = 1
FETCH_MODEL_ICACHE = 1
PERFECT_BRANCH_PRED = 0
PERFECT_INDIRECT_PRED = 1
PIPELINE_FILL_LATENCY = 10
NUM_LDST_LANES = 8
NUM_ALU_LANES = 16
MEMORY HIERARCHY CONFIGURATION---------------------
STRIDE Prefetcher = 1
PERFECT_CACHE = 0
WRITE_ALLOCATE = 1
Within-pipeline factors:
	AGEN latency = 1 cycle
	Store Queue (SQ): SQ size = window size, oracle memory disambiguation, store-load forwarding = 1 cycle after store's or load's agen.
	* Note: A store searches the L1$ at commit. The store is released
	* from the SQ and window, whether it hits or misses. Store misses
	* are buffered until the block is allocated and the store is
	* performed in the L1$. While buffered, conflicting loads get
	* the store's data as they would from the SQ.
I$: 128 KB, 8-way set-assoc., 64B block size
L1$: 128 KB, 8-way set-assoc., 64B block size, 3-cycle search latency
L2$: 4 MB, 8-way set-assoc., 64B block size, 12-cycle search latency
L3$: 32 MB, 16-way set-assoc., 128B block size, 50-cycle search latency
Main Memory: 150-cycle fixed search time
---------------------------STORE QUEUE MEASUREMENTS (Full Simulation i.e. Counts Not Reset When Warmup Ends)---------------------------
Number of loads: 6605227
Number of loads that miss in SQ: 5254336 (79.55%)
Number of PFs issued to the memory system 774762
---------------------------------------------------------------------------------------------------------------------------------------
------------------------MEMORY HIERARCHY MEASUREMENTS (Full Simulation i.e. Counts Not Reset When Warmup Ends)-------------------------
I$:
	accesses   = 34368227
	misses     = 5585
	miss ratio = 0.02%
	pf accesses   = 0
	pf misses     = 0
	pf miss ratio = -nan%
L1$:
	accesses   = 11236884
	misses     = 328742
	miss ratio = 2.93%
	pf accesses   = 774762
	pf misses     = 54424
	pf miss ratio = 7.02%
L2$:
	accesses   = 334327
	misses     = 122548
	miss ratio = 36.66%
	pf accesses   = 54424
	pf misses     = 1682
	pf miss ratio = 3.09%
L3$:
	accesses   = 122548
	misses     = 61254
	miss ratio = 49.98%
	pf accesses   = 1682
	pf misses     = 430
	pf miss ratio = 25.56%
---------------------------------------------------------------------------------------------------------------------------------------
----------------------------------------------Prefetcher (Full Simulation i.e. No Warmup)----------------------------------------------
Num Trainings :6605227
Num Prefetches generated :822165
Num Prefetches issued :2146722
Num Prefetches filtered by PF queue :353499
Num untimely prefetches dropped from PF queue :47403
Num prefetches not issued LDST contention :1371960
Num prefetches not issued stride 0 :1793013
---------------------------------------------------------------------------------------------------------------------------------------

-------------------------------ILP LIMIT STUDY (Full Simulation i.e. Counts Not Reset When Warmup Ends)--------------------------------
instructions = 31160801
cycles       = 6579288
CycWP        = 1463421
IPC          = 4.7362

---------------------------------------------------------------------------------------------------------------------------------------

-----------------------------------------------BRANCH PREDICTION MEASUREMENTS (Full Simulation i.e. Counts Not Reset When Warmup Ends)----------------------------------------------
Type                   NumBr     MispBr        mr     mpki
CondDirect          3496423      57121   1.6337%   1.8331
JumpDirect           489322          0   0.0000%   0.0000
JumpIndirect           8416          0   0.0000%   0.0000
JumpReturn           152903          0   0.0000%   0.0000
Not control        30221163          0   0.0000%   0.0000
------------------------------------------------------------------------------------------------------------------------------------------------------------------------------------

------------------------------------------------------DIRECT CONDITIONAL BRANCH PREDICTION MEASUREMENTS (Last 10M instructions)-----------------------------------------------------
       Instr       Cycles      IPC      NumBr     MispBr BrPerCyc MispBrPerCyc        MR     MPKI      CycWP   CycWPAvg   CycWPPKI
    10160801      2037037   4.9880    1112582      22791   0.5462       0.0112   2.0485%   2.2430     508794    22.3243    50.0742
------------------------------------------------------------------------------------------------------------------------------------------------------------------------------------

------------------------------------------------------DIRECT CONDITIONAL BRANCH PREDICTION MEASUREMENTS (Last 25M instructions)-----------------------------------------------------
       Instr       Cycles      IPC      NumBr     MispBr BrPerCyc MispBrPerCyc        MR     MPKI      CycWP   CycWPAvg   CycWPPKI
    25160801      4846368   5.1917    2833991      46789   0.5848       0.0097   1.6510%   1.8596    1126608    24.0785    44.7763
-------------------------------------------------------------------------------------------------------------------------------------------------------------------------------------

---------------------------------------------------------DIRECT CONDITIONAL BRANCH PREDICTION MEASUREMENTS (50 Perc instructions)---------------------------------------------------
       Instr       Cycles      IPC      NumBr     MispBr BrPerCyc MispBrPerCyc        MR     MPKI      CycWP   CycWPAvg   CycWPPKI
    16160801      3011467   5.3664    1816226      27218   0.6031       0.0090   1.4986%   1.6842     654320    24.0400    40.4881
------------------------------------------------------------------------------------------------------------------------------------------------------------------------------------

-------------------------------------DIRECT CONDITIONAL BRANCH PREDICTION MEASUREMENTS (Full Simulation i.e. Counts Not Reset When Warmup Ends)-------------------------------------
       Instr       Cycles      IPC      NumBr     MispBr BrPerCyc MispBrPerCyc        MR     MPKI      CycWP   CycWPAvg   CycWPPKI
    31160801      6579288   4.7362    3496423      57121   0.5314       0.0087   1.6337%   1.8331    1463421    25.6197    46.9635
------------------------------------------------------------------------------------------------------------------------------------------------------------------------------------
 Read 31160801 instrs 

ExecTime = 318.3758339881897
