CMD:bin/cbp.behrendt traces/int/int_15_trace.gz
L_PERCEP PC=0x0040FA60, theta= 261, max bias=  11, baseline_comp=  0, stable_cnt=255, grace_period=511, time_alive=  0
G_PERCEP PC=0x0040FA60, theta= 320, max bias=   4, baseline_comp=  0, stable_cnt=255, grace_period=511, time_alive=  0
5000000 instrs 
L_PERCEP PC=0x0040FA60, theta= 261, max bias=   5, baseline_comp=  0, stable_cnt=255, grace_period=511, time_alive=  0
G_PERCEP PC=0x0040FA60, theta= 320, max bias=   4, baseline_comp=  0, stable_cnt=255, grace_period=511, time_alive=  0
10000000 instrs 
L_PERCEP PC=0x0040FA60, theta= 261, max bias=   2, baseline_comp=  0, stable_cnt=255, grace_period=511, time_alive=  0
G_PERCEP PC=0x0040FA60, theta= 320, max bias=   4, baseline_comp=  0, stable_cnt=255, grace_period=511, time_alive=  0
15000000 instrs 
L_PERCEP PC=0x0033E108, theta= 261, max bias=  14, baseline_comp=  0, stable_cnt=255, grace_period=511, time_alive=  0
G_PERCEP PC=0x0033E108, theta= 320, max bias=   9, baseline_comp=  0, stable_cnt=255, grace_period=511, time_alive=  0
L_PERCEP PC=0x0040FA60, theta= 261, max bias=   1, baseline_comp=  0, stable_cnt=255, grace_period=511, time_alive=  0
G_PERCEP PC=0x0040FA60, theta= 320, max bias=   4, baseline_comp=  0, stable_cnt=255, grace_period=511, time_alive=  0
20000000 instrs 
25000000 instrs 
30000000 instrs 
35000000 instrs 
L_PERCEP PC=0x0033E108, theta= 261, max bias=   8, baseline_comp=  0, stable_cnt=255, grace_period=511, time_alive=  0
G_PERCEP PC=0x0033E108, theta= 320, max bias=   8, baseline_comp=  0, stable_cnt=255, grace_period=511, time_alive=  0
40000000 instrs 
45000000 instrs 
50000000 instrs 
L_PERCEP PC=0x0040FA60, theta= 261, max bias=  26, baseline_comp=  0, stable_cnt=255, grace_period=511, time_alive=  0
G_PERCEP PC=0x0040FA60, theta= 320, max bias=  12, baseline_comp=  0, stable_cnt=255, grace_period=511, time_alive=  0
55000000 instrs 
G_PERCEP PC=0x0033FF9C, theta= 328, max bias=  12, baseline_comp=  0, stable_cnt=255, grace_period=511, time_alive=  0
L_PERCEP PC=0x0033FC6C, theta= 261, max bias=  15, baseline_comp=  0, stable_cnt=255, grace_period=511, time_alive=  0
G_PERCEP PC=0x0033FC6C, theta= 320, max bias=   7, baseline_comp=  0, stable_cnt=255, grace_period=511, time_alive=  0
L_PERCEP PC=0x003D108C, theta= 261, max bias=  20, baseline_comp=  0, stable_cnt=255, grace_period=511, time_alive=  0
L_PERCEP PC=0x003D10C4, theta= 261, max bias=  16, baseline_comp=  0, stable_cnt=255, grace_period=511, time_alive=  0
G_PERCEP PC=0x003D10C4, theta= 320, max bias=   6, baseline_comp=  0, stable_cnt=255, grace_period=511, time_alive=  0
60000000 instrs 
L_PERCEP PC=0x0033E108, theta= 261, max bias=   5, baseline_comp=  0, stable_cnt=255, grace_period=511, time_alive=  0
G_PERCEP PC=0x0033E108, theta= 320, max bias=   9, baseline_comp=  0, stable_cnt=255, grace_period=511, time_alive=  0
65000000 instrs 
L_PERCEP PC=0x0040FA60, theta= 261, max bias=   3, baseline_comp=  0, stable_cnt=255, grace_period=511, time_alive=  0
G_PERCEP PC=0x0040FA60, theta= 320, max bias=   4, baseline_comp=  0, stable_cnt=255, grace_period=511, time_alive=  0
70000000 instrs 
EOF
======== Predictor Memory ========
TAGE-SC-L (bits) = 1305275
TAGE-SC-L (KBytes) = 159.335327
H2P_ID_MEM_BITS = 19456
H2P_ID_MEM (KBytes) = 2.375000
L_PERCEP_MEM_BITS = 176320
L_PERCEP_MEM (KBytes) = 21.523438
G_PERCEP_MEM_BITS = 33184
G_PERCEP_MEM (KBytes) = 4.050781
Total Memory (bits) = 1534235
Total Memory (KBytes) = 187.284546
======== Runtime Statistics ========
COL h2p_insert_cnt = 18
COL h2p_with_tage = 9156722
COL h2p_with_lhist_percep = 3971
COL h2p_with_ghist_percep = 13503
COL filtered_updates = 1892
COL lhist_percep_evictions = 12
COL ghist_percep_evictions = 12
COL lhist_percep_stale_evictions = 0
COL ghist_percep_stale_evictions = 0
======== End of Statistics ========
WINDOW_SIZE = 1024
FETCH_WIDTH = 16
FETCH_NUM_BRANCH = 16
FETCH_STOP_AT_INDIRECT = 1
FETCH_STOP_AT_TAKEN = 1
FETCH_MODEL_ICACHE = 1
PERFECT_BRANCH_PRED = 0
PERFECT_INDIRECT_PRED = 1
PIPELINE_FILL_LATENCY = 10
NUM_LDST_LANES = 8
NUM_ALU_LANES = 16
MEMORY HIERARCHY CONFIGURATION---------------------
STRIDE Prefetcher = 1
PERFECT_CACHE = 0
WRITE_ALLOCATE = 1
Within-pipeline factors:
	AGEN latency = 1 cycle
	Store Queue (SQ): SQ size = window size, oracle memory disambiguation, store-load forwarding = 1 cycle after store's or load's agen.
	* Note: A store searches the L1$ at commit. The store is released
	* from the SQ and window, whether it hits or misses. Store misses
	* are buffered until the block is allocated and the store is
	* performed in the L1$. While buffered, conflicting loads get
	* the store's data as they would from the SQ.
I$: 128 KB, 8-way set-assoc., 64B block size
L1$: 128 KB, 8-way set-assoc., 64B block size, 3-cycle search latency
L2$: 4 MB, 8-way set-assoc., 64B block size, 12-cycle search latency
L3$: 32 MB, 16-way set-assoc., 128B block size, 50-cycle search latency
Main Memory: 150-cycle fixed search time
---------------------------STORE QUEUE MEASUREMENTS (Full Simulation i.e. Counts Not Reset When Warmup Ends)---------------------------
Number of loads: 22598148
Number of loads that miss in SQ: 14080223 (62.31%)
Number of PFs issued to the memory system 566895
---------------------------------------------------------------------------------------------------------------------------------------
------------------------MEMORY HIERARCHY MEASUREMENTS (Full Simulation i.e. Counts Not Reset When Warmup Ends)-------------------------
I$:
	accesses   = 79772612
	misses     = 4275
	miss ratio = 0.01%
	pf accesses   = 0
	pf misses     = 0
	pf miss ratio = -nan%
L1$:
	accesses   = 36978843
	misses     = 141143
	miss ratio = 0.38%
	pf accesses   = 566895
	pf misses     = 37978
	pf miss ratio = 6.70%
L2$:
	accesses   = 145418
	misses     = 88740
	miss ratio = 61.02%
	pf accesses   = 37978
	pf misses     = 28800
	pf miss ratio = 75.83%
L3$:
	accesses   = 88740
	misses     = 66665
	miss ratio = 75.12%
	pf accesses   = 28800
	pf misses     = 13711
	pf miss ratio = 47.61%
---------------------------------------------------------------------------------------------------------------------------------------
----------------------------------------------Prefetcher (Full Simulation i.e. No Warmup)----------------------------------------------
Num Trainings :22598148
Num Prefetches generated :567260
Num Prefetches issued :924261
Num Prefetches filtered by PF queue :71164
Num untimely prefetches dropped from PF queue :365
Num prefetches not issued LDST contention :357366
Num prefetches not issued stride 0 :11292129
---------------------------------------------------------------------------------------------------------------------------------------

-------------------------------ILP LIMIT STUDY (Full Simulation i.e. Counts Not Reset When Warmup Ends)--------------------------------
instructions = 70000157
cycles       = 18496300
CycWP        = 1840651
IPC          = 3.7845

---------------------------------------------------------------------------------------------------------------------------------------

-----------------------------------------------BRANCH PREDICTION MEASUREMENTS (Full Simulation i.e. Counts Not Reset When Warmup Ends)----------------------------------------------
Type                   NumBr     MispBr        mr     mpki
CondDirect          9192864      33012   0.3591%   0.4716
JumpDirect          1835614          0   0.0000%   0.0000
JumpIndirect         954200          0   0.0000%   0.0000
JumpReturn           915948          0   0.0000%   0.0000
Not control        66873986          0   0.0000%   0.0000
------------------------------------------------------------------------------------------------------------------------------------------------------------------------------------

------------------------------------------------------DIRECT CONDITIONAL BRANCH PREDICTION MEASUREMENTS (Last 10M instructions)-----------------------------------------------------
       Instr       Cycles      IPC      NumBr     MispBr BrPerCyc MispBrPerCyc        MR     MPKI      CycWP   CycWPAvg   CycWPPKI
    10000157      2530215   3.9523    1309486       3693   0.5175       0.0015   0.2820%   0.3693     272145    73.6921    27.2141
------------------------------------------------------------------------------------------------------------------------------------------------------------------------------------

------------------------------------------------------DIRECT CONDITIONAL BRANCH PREDICTION MEASUREMENTS (Last 25M instructions)-----------------------------------------------------
       Instr       Cycles      IPC      NumBr     MispBr BrPerCyc MispBrPerCyc        MR     MPKI      CycWP   CycWPAvg   CycWPPKI
    25000157      6813038   3.6695    3377316      30862   0.4957       0.0045   0.9138%   1.2345    1388152    44.9793    55.5257
-------------------------------------------------------------------------------------------------------------------------------------------------------------------------------------

---------------------------------------------------------DIRECT CONDITIONAL BRANCH PREDICTION MEASUREMENTS (50 Perc instructions)---------------------------------------------------
       Instr       Cycles      IPC      NumBr     MispBr BrPerCyc MispBrPerCyc        MR     MPKI      CycWP   CycWPAvg   CycWPPKI
    35000157      9300084   3.7634    4669511      31274   0.5021       0.0034   0.6697%   0.8935    1469037    46.9731    41.9723
------------------------------------------------------------------------------------------------------------------------------------------------------------------------------------

-------------------------------------DIRECT CONDITIONAL BRANCH PREDICTION MEASUREMENTS (Full Simulation i.e. Counts Not Reset When Warmup Ends)-------------------------------------
       Instr       Cycles      IPC      NumBr     MispBr BrPerCyc MispBrPerCyc        MR     MPKI      CycWP   CycWPAvg   CycWPPKI
    70000157     18496300   3.7845    9192864      33012   0.4970       0.0018   0.3591%   0.4716    1840651    55.7570    26.2950
------------------------------------------------------------------------------------------------------------------------------------------------------------------------------------
 Read 70000157 instrs 
G_PERCEP PC=0x0033E0E8, theta= 344, max bias=  10, baseline_comp=  8, stable_cnt=  0, grace_period=511, time_alive=  0
G_PERCEP PC=0x0033E124, theta= 328, max bias=   5, baseline_comp=  3, stable_cnt=  0, grace_period=511, time_alive=314
G_PERCEP PC=0x003D108C, theta= 296, max bias=  17, baseline_comp= 63, stable_cnt=255, grace_period=511, time_alive=12703
G_PERCEP PC=0x003D10A0, theta= 440, max bias=   9, baseline_comp= 21, stable_cnt=  0, grace_period=511, time_alive=12706
G_PERCEP PC=0x003D10E0, theta= 408, max bias=   1, baseline_comp= 29, stable_cnt=  0, grace_period=511, time_alive=12705
G_PERCEP PC=0x003D11B0, theta= 432, max bias=  10, baseline_comp= 46, stable_cnt=  0, grace_period=511, time_alive=12702
L_PERCEP PC=0x0033E0E8, theta= 269, max bias=  23, baseline_comp= 10, stable_cnt=  0, grace_period=511, time_alive=  0
L_PERCEP PC=0x003D10A0, theta= 317, max bias=  11, baseline_comp= 24, stable_cnt=  0, grace_period=511, time_alive=12705
L_PERCEP PC=0x003D10E0, theta= 317, max bias=   9, baseline_comp=  7, stable_cnt=  0, grace_period=511, time_alive=12704
L_PERCEP PC=0x003D11B0, theta= 317, max bias=   1, baseline_comp=  3, stable_cnt=  0, grace_period=511, time_alive=12702
L_PERCEP PC=0x0033E124, theta= 261, max bias=  19, baseline_comp=  5, stable_cnt=  0, grace_period=511, time_alive=314
L_PERCEP PC=0x0033FF9C, theta= 261, max bias=  16, baseline_comp= 46, stable_cnt=  0, grace_period=511, time_alive=39986

ExecTime = 993.1789906024933
