CMD:bin/cbp.fan traces/web/web_15_trace.gz
5000000 instrs 
10000000 instrs 
EOF
WINDOW_SIZE = 1024
FETCH_WIDTH = 16
FETCH_NUM_BRANCH = 16
FETCH_STOP_AT_INDIRECT = 1
FETCH_STOP_AT_TAKEN = 1
FETCH_MODEL_ICACHE = 1
PERFECT_BRANCH_PRED = 0
PERFECT_INDIRECT_PRED = 1
PIPELINE_FILL_LATENCY = 10
NUM_LDST_LANES = 8
NUM_ALU_LANES = 16
MEMORY HIERARCHY CONFIGURATION---------------------
STRIDE Prefetcher = 1
PERFECT_CACHE = 0
WRITE_ALLOCATE = 1
Within-pipeline factors:
	AGEN latency = 1 cycle
	Store Queue (SQ): SQ size = window size, oracle memory disambiguation, store-load forwarding = 1 cycle after store's or load's agen.
	* Note: A store searches the L1$ at commit. The store is released
	* from the SQ and window, whether it hits or misses. Store misses
	* are buffered until the block is allocated and the store is
	* performed in the L1$. While buffered, conflicting loads get
	* the store's data as they would from the SQ.
I$: 128 KB, 8-way set-assoc., 64B block size
L1$: 128 KB, 8-way set-assoc., 64B block size, 3-cycle search latency
L2$: 4 MB, 8-way set-assoc., 64B block size, 12-cycle search latency
L3$: 32 MB, 16-way set-assoc., 128B block size, 50-cycle search latency
Main Memory: 150-cycle fixed search time
---------------------------STORE QUEUE MEASUREMENTS (Full Simulation i.e. Counts Not Reset When Warmup Ends)---------------------------
Number of loads: 4154910
Number of loads that miss in SQ: 3451925 (83.08%)
Number of PFs issued to the memory system 234860
---------------------------------------------------------------------------------------------------------------------------------------
------------------------MEMORY HIERARCHY MEASUREMENTS (Full Simulation i.e. Counts Not Reset When Warmup Ends)-------------------------
I$:
	accesses   = 16436949
	misses     = 80352
	miss ratio = 0.49%
	pf accesses   = 0
	pf misses     = 0
	pf miss ratio = -nan%
L1$:
	accesses   = 6166859
	misses     = 70818
	miss ratio = 1.15%
	pf accesses   = 234860
	pf misses     = 13273
	pf miss ratio = 5.65%
L2$:
	accesses   = 151170
	misses     = 52715
	miss ratio = 34.87%
	pf accesses   = 13273
	pf misses     = 5539
	pf miss ratio = 41.73%
L3$:
	accesses   = 52715
	misses     = 29545
	miss ratio = 56.05%
	pf accesses   = 5539
	pf misses     = 3097
	pf miss ratio = 55.91%
---------------------------------------------------------------------------------------------------------------------------------------
----------------------------------------------Prefetcher (Full Simulation i.e. No Warmup)----------------------------------------------
Num Trainings :4154910
Num Prefetches generated :237644
Num Prefetches issued :559089
Num Prefetches filtered by PF queue :15624
Num untimely prefetches dropped from PF queue :2784
Num prefetches not issued LDST contention :324229
Num prefetches not issued stride 0 :1089220
---------------------------------------------------------------------------------------------------------------------------------------

-------------------------------ILP LIMIT STUDY (Full Simulation i.e. Counts Not Reset When Warmup Ends)--------------------------------
instructions = 14999858
cycles       = 8171327
CycWP        = 2606807
IPC          = 1.8357

---------------------------------------------------------------------------------------------------------------------------------------

-----------------------------------------------BRANCH PREDICTION MEASUREMENTS (Full Simulation i.e. Counts Not Reset When Warmup Ends)----------------------------------------------
Type                   NumBr     MispBr        mr     mpki
CondDirect          2411251      91103   3.7782%   6.0736
JumpDirect           291746          0   0.0000%   0.0000
JumpIndirect         102563          0   0.0000%   0.0000
JumpReturn           146373          0   0.0000%   0.0000
Not control        13485016          0   0.0000%   0.0000
------------------------------------------------------------------------------------------------------------------------------------------------------------------------------------

------------------------------------------------------DIRECT CONDITIONAL BRANCH PREDICTION MEASUREMENTS (Last 10M instructions)-----------------------------------------------------
       Instr       Cycles      IPC      NumBr     MispBr BrPerCyc MispBrPerCyc        MR     MPKI      CycWP   CycWPAvg   CycWPPKI
    10999858      5296488   2.0768    1712337      58777   0.3233       0.0111   3.4326%   5.3434    1572601    26.7554   142.9656
------------------------------------------------------------------------------------------------------------------------------------------------------------------------------------

------------------------------------------------------DIRECT CONDITIONAL BRANCH PREDICTION MEASUREMENTS (Last 25M instructions)-----------------------------------------------------
       Instr       Cycles      IPC      NumBr     MispBr BrPerCyc MispBrPerCyc        MR     MPKI      CycWP   CycWPAvg   CycWPPKI
    14999858      8171327   1.8357    2411251      91103   0.2951       0.0111   3.7782%   6.0736    2606807    28.6138   173.7888
-------------------------------------------------------------------------------------------------------------------------------------------------------------------------------------

---------------------------------------------------------DIRECT CONDITIONAL BRANCH PREDICTION MEASUREMENTS (50 Perc instructions)---------------------------------------------------
       Instr       Cycles      IPC      NumBr     MispBr BrPerCyc MispBrPerCyc        MR     MPKI      CycWP   CycWPAvg   CycWPPKI
     7999858      3404395   2.3499    1229867      43611   0.3613       0.0128   3.5460%   5.4515    1094518    25.0973   136.8172
------------------------------------------------------------------------------------------------------------------------------------------------------------------------------------

-------------------------------------DIRECT CONDITIONAL BRANCH PREDICTION MEASUREMENTS (Full Simulation i.e. Counts Not Reset When Warmup Ends)-------------------------------------
       Instr       Cycles      IPC      NumBr     MispBr BrPerCyc MispBrPerCyc        MR     MPKI      CycWP   CycWPAvg   CycWPPKI
    14999858      8171327   1.8357    2411251      91103   0.2951       0.0111   3.7782%   6.0736    2606807    28.6138   173.7888
------------------------------------------------------------------------------------------------------------------------------------------------------------------------------------
 Read 14999858 instrs 

ExecTime = 316.8643171787262
