CMD:bin/cbp.seznec traces/fp/fp_8_trace.gz
15 25 35 45 55 65 80 95 110 130 155 180 215 250 300 350 415 490 580 680 805 950 1125 1325 1845 2575 3590 5000 
 (TOTAL 1567981 1531 Kbits)
  5000000 instrs 
10000000 instrs 
15000000 instrs 
20000000 instrs 
25000000 instrs 
30000000 instrs 
35000000 instrs 
40000000 instrs 
EOF
WINDOW_SIZE = 1024
FETCH_WIDTH = 16
FETCH_NUM_BRANCH = 16
FETCH_STOP_AT_INDIRECT = 1
FETCH_STOP_AT_TAKEN = 1
FETCH_MODEL_ICACHE = 1
PERFECT_BRANCH_PRED = 0
PERFECT_INDIRECT_PRED = 1
PIPELINE_FILL_LATENCY = 10
NUM_LDST_LANES = 8
NUM_ALU_LANES = 16
MEMORY HIERARCHY CONFIGURATION---------------------
STRIDE Prefetcher = 1
PERFECT_CACHE = 0
WRITE_ALLOCATE = 1
Within-pipeline factors:
	AGEN latency = 1 cycle
	Store Queue (SQ): SQ size = window size, oracle memory disambiguation, store-load forwarding = 1 cycle after store's or load's agen.
	* Note: A store searches the L1$ at commit. The store is released
	* from the SQ and window, whether it hits or misses. Store misses
	* are buffered until the block is allocated and the store is
	* performed in the L1$. While buffered, conflicting loads get
	* the store's data as they would from the SQ.
I$: 128 KB, 8-way set-assoc., 64B block size
L1$: 128 KB, 8-way set-assoc., 64B block size, 3-cycle search latency
L2$: 4 MB, 8-way set-assoc., 64B block size, 12-cycle search latency
L3$: 32 MB, 16-way set-assoc., 128B block size, 50-cycle search latency
Main Memory: 150-cycle fixed search time
---------------------------STORE QUEUE MEASUREMENTS (Full Simulation i.e. Counts Not Reset When Warmup Ends)---------------------------
Number of loads: 17878755
Number of loads that miss in SQ: 17601079 (98.45%)
Number of PFs issued to the memory system 8815153
---------------------------------------------------------------------------------------------------------------------------------------
------------------------MEMORY HIERARCHY MEASUREMENTS (Full Simulation i.e. Counts Not Reset When Warmup Ends)-------------------------
I$:
	accesses   = 58973515
	misses     = 501
	miss ratio = 0.00%
	pf accesses   = 0
	pf misses     = 0
	pf miss ratio = -nan%
L1$:
	accesses   = 19632299
	misses     = 603994
	miss ratio = 3.08%
	pf accesses   = 8815153
	pf misses     = 299447
	pf miss ratio = 3.40%
L2$:
	accesses   = 604495
	misses     = 307830
	miss ratio = 50.92%
	pf accesses   = 299447
	pf misses     = 150985
	pf miss ratio = 50.42%
L3$:
	accesses   = 307830
	misses     = 51365
	miss ratio = 16.69%
	pf accesses   = 150985
	pf misses     = 33996
	pf miss ratio = 22.52%
---------------------------------------------------------------------------------------------------------------------------------------
----------------------------------------------Prefetcher (Full Simulation i.e. No Warmup)----------------------------------------------
Num Trainings :17878755
Num Prefetches generated :9446582
Num Prefetches issued :38337485
Num Prefetches filtered by PF queue :5439721
Num untimely prefetches dropped from PF queue :631429
Num prefetches not issued LDST contention :29522332
Num prefetches not issued stride 0 :446568
---------------------------------------------------------------------------------------------------------------------------------------

-------------------------------ILP LIMIT STUDY (Full Simulation i.e. Counts Not Reset When Warmup Ends)--------------------------------
instructions = 40000016
cycles       = 12853367
CycWP        = 6791943
IPC          = 3.1120

---------------------------------------------------------------------------------------------------------------------------------------

-----------------------------------------------BRANCH PREDICTION MEASUREMENTS (Full Simulation i.e. Counts Not Reset When Warmup Ends)----------------------------------------------
Type                   NumBr     MispBr        mr     mpki
CondDirect          2322129     295423  12.7221%   7.3856
JumpDirect            16514          0   0.0000%   0.0000
JumpIndirect          13490          0   0.0000%   0.0000
JumpReturn            13498          0   0.0000%   0.0000
Not control        56607884          0   0.0000%   0.0000
------------------------------------------------------------------------------------------------------------------------------------------------------------------------------------

------------------------------------------------------DIRECT CONDITIONAL BRANCH PREDICTION MEASUREMENTS (Last 10M instructions)-----------------------------------------------------
       Instr       Cycles      IPC      NumBr     MispBr BrPerCyc MispBrPerCyc        MR     MPKI      CycWP   CycWPAvg   CycWPPKI
    10000016      3390452   2.9495     596298     104106   0.1759       0.0307  17.4587%  10.4106    2349810    22.5713   234.9806
------------------------------------------------------------------------------------------------------------------------------------------------------------------------------------

------------------------------------------------------DIRECT CONDITIONAL BRANCH PREDICTION MEASUREMENTS (Last 25M instructions)-----------------------------------------------------
       Instr       Cycles      IPC      NumBr     MispBr BrPerCyc MispBrPerCyc        MR     MPKI      CycWP   CycWPAvg   CycWPPKI
    25000016      8486751   2.9458    1548318     238843   0.1824       0.0281  15.4260%   9.5537    5405383    22.6315   216.2152
-------------------------------------------------------------------------------------------------------------------------------------------------------------------------------------

---------------------------------------------------------DIRECT CONDITIONAL BRANCH PREDICTION MEASUREMENTS (50 Perc instructions)---------------------------------------------------
       Instr       Cycles      IPC      NumBr     MispBr BrPerCyc MispBrPerCyc        MR     MPKI      CycWP   CycWPAvg   CycWPPKI
    20000016      7132615   2.8040    1347173     208516   0.1889       0.0292  15.4780%  10.4258    4731217    22.6899   236.5607
------------------------------------------------------------------------------------------------------------------------------------------------------------------------------------

-------------------------------------DIRECT CONDITIONAL BRANCH PREDICTION MEASUREMENTS (Full Simulation i.e. Counts Not Reset When Warmup Ends)-------------------------------------
       Instr       Cycles      IPC      NumBr     MispBr BrPerCyc MispBrPerCyc        MR     MPKI      CycWP   CycWPAvg   CycWPPKI
    40000016     12853367   3.1120    2322129     295423   0.1807       0.0230  12.7221%   7.3856    6791943    22.9906   169.7985
------------------------------------------------------------------------------------------------------------------------------------------------------------------------------------
 Read 40000016 instrs 

 (TAGE 1169584) (SC 29531)(SCGH 141398)(IMLI 49628)(LOCAL 177840) (TOTAL 1567981, 1531 Kbits)
  
ExecTime = 501.5502619743347
