CMD:bin/cbp.cai traces/web/web_11_trace.gz
CSC TABLE SIZE: 69125000000 instrs 
10000000 instrs 
EOF
WINDOW_SIZE = 1024
FETCH_WIDTH = 16
FETCH_NUM_BRANCH = 16
FETCH_STOP_AT_INDIRECT = 1
FETCH_STOP_AT_TAKEN = 1
FETCH_MODEL_ICACHE = 1
PERFECT_BRANCH_PRED = 0
PERFECT_INDIRECT_PRED = 1
PIPELINE_FILL_LATENCY = 10
NUM_LDST_LANES = 8
NUM_ALU_LANES = 16
MEMORY HIERARCHY CONFIGURATION---------------------
STRIDE Prefetcher = 1
PERFECT_CACHE = 0
WRITE_ALLOCATE = 1
Within-pipeline factors:
	AGEN latency = 1 cycle
	Store Queue (SQ): SQ size = window size, oracle memory disambiguation, store-load forwarding = 1 cycle after store's or load's agen.
	* Note: A store searches the L1$ at commit. The store is released
	* from the SQ and window, whether it hits or misses. Store misses
	* are buffered until the block is allocated and the store is
	* performed in the L1$. While buffered, conflicting loads get
	* the store's data as they would from the SQ.
I$: 128 KB, 8-way set-assoc., 64B block size
L1$: 128 KB, 8-way set-assoc., 64B block size, 3-cycle search latency
L2$: 4 MB, 8-way set-assoc., 64B block size, 12-cycle search latency
L3$: 32 MB, 16-way set-assoc., 128B block size, 50-cycle search latency
Main Memory: 150-cycle fixed search time
---------------------------STORE QUEUE MEASUREMENTS (Full Simulation i.e. Counts Not Reset When Warmup Ends)---------------------------
Number of loads: 2797830
Number of loads that miss in SQ: 2213827 (79.13%)
Number of PFs issued to the memory system 150090
---------------------------------------------------------------------------------------------------------------------------------------
------------------------MEMORY HIERARCHY MEASUREMENTS (Full Simulation i.e. Counts Not Reset When Warmup Ends)-------------------------
I$:
	accesses   = 11464742
	misses     = 115204
	miss ratio = 1.00%
	pf accesses   = 0
	pf misses     = 0
	pf miss ratio = -nan%
L1$:
	accesses   = 4388395
	misses     = 68838
	miss ratio = 1.57%
	pf accesses   = 150090
	pf misses     = 3971
	pf miss ratio = 2.65%
L2$:
	accesses   = 184042
	misses     = 82726
	miss ratio = 44.95%
	pf accesses   = 3971
	pf misses     = 2343
	pf miss ratio = 59.00%
L3$:
	accesses   = 82726
	misses     = 51665
	miss ratio = 62.45%
	pf accesses   = 2343
	pf misses     = 1311
	pf miss ratio = 55.95%
---------------------------------------------------------------------------------------------------------------------------------------
----------------------------------------------Prefetcher (Full Simulation i.e. No Warmup)----------------------------------------------
Num Trainings :2797830
Num Prefetches generated :151938
Num Prefetches issued :388257
Num Prefetches filtered by PF queue :23463
Num untimely prefetches dropped from PF queue :1848
Num prefetches not issued LDST contention :238167
Num prefetches not issued stride 0 :641918
---------------------------------------------------------------------------------------------------------------------------------------

-------------------------------ILP LIMIT STUDY (Full Simulation i.e. Counts Not Reset When Warmup Ends)--------------------------------
instructions = 10001443
cycles       = 11482941
CycWP        = 1986899
IPC          = 0.8710

---------------------------------------------------------------------------------------------------------------------------------------

-----------------------------------------------BRANCH PREDICTION MEASUREMENTS (Full Simulation i.e. Counts Not Reset When Warmup Ends)----------------------------------------------
Type                   NumBr     MispBr        mr     mpki
CondDirect          1391369      48346   3.4747%   4.8339
JumpDirect           317121          0   0.0000%   0.0000
JumpIndirect          80918          0   0.0000%   0.0000
JumpReturn           220660          0   0.0000%   0.0000
Not control         9454674          0   0.0000%   0.0000
------------------------------------------------------------------------------------------------------------------------------------------------------------------------------------

------------------------------------------------------DIRECT CONDITIONAL BRANCH PREDICTION MEASUREMENTS (Last 10M instructions)-----------------------------------------------------
       Instr       Cycles      IPC      NumBr     MispBr BrPerCyc MispBrPerCyc        MR     MPKI      CycWP   CycWPAvg   CycWPPKI
    10001443     11482941   0.8710    1391369      48346   0.1212       0.0042   3.4747%   4.8339    1986899    41.0975   198.6612
------------------------------------------------------------------------------------------------------------------------------------------------------------------------------------

------------------------------------------------------DIRECT CONDITIONAL BRANCH PREDICTION MEASUREMENTS (Last 25M instructions)-----------------------------------------------------
       Instr       Cycles      IPC      NumBr     MispBr BrPerCyc MispBrPerCyc        MR     MPKI      CycWP   CycWPAvg   CycWPPKI
    10001443     11482941   0.8710    1391369      48346   0.1212       0.0042   3.4747%   4.8339    1986899    41.0975   198.6612
-------------------------------------------------------------------------------------------------------------------------------------------------------------------------------------

---------------------------------------------------------DIRECT CONDITIONAL BRANCH PREDICTION MEASUREMENTS (50 Perc instructions)---------------------------------------------------
       Instr       Cycles      IPC      NumBr     MispBr BrPerCyc MispBrPerCyc        MR     MPKI      CycWP   CycWPAvg   CycWPPKI
     5001443      5045002   0.9914     674449      24111   0.1337       0.0048   3.5749%   4.8208     916348    38.0054   183.2167
------------------------------------------------------------------------------------------------------------------------------------------------------------------------------------

-------------------------------------DIRECT CONDITIONAL BRANCH PREDICTION MEASUREMENTS (Full Simulation i.e. Counts Not Reset When Warmup Ends)-------------------------------------
       Instr       Cycles      IPC      NumBr     MispBr BrPerCyc MispBrPerCyc        MR     MPKI      CycWP   CycWPAvg   CycWPPKI
    10001443     11482941   0.8710    1391369      48346   0.1212       0.0042   3.4747%   4.8339    1986899    41.0975   198.6612
------------------------------------------------------------------------------------------------------------------------------------------------------------------------------------
 Read 10001443 instrs 

ExecTime = 182.57183170318604
