CMD:bin/cbp.koizumi traces/infra/infra_2_trace.gz
(BIM 163840) (Tagged 1114481) (TraditionalSC 238616) (TotalSC 292493) 
StorageSizeKiB = 191.749756 (1570814 bits)5000000 instrs 
10000000 instrs 
15000000 instrs 
20000000 instrs 
25000000 instrs 
30000000 instrs 
35000000 instrs 
40000000 instrs 
45000000 instrs 
EOF
WINDOW_SIZE = 1024
FETCH_WIDTH = 16
FETCH_NUM_BRANCH = 16
FETCH_STOP_AT_INDIRECT = 1
FETCH_STOP_AT_TAKEN = 1
FETCH_MODEL_ICACHE = 1
PERFECT_BRANCH_PRED = 0
PERFECT_INDIRECT_PRED = 1
PIPELINE_FILL_LATENCY = 10
NUM_LDST_LANES = 8
NUM_ALU_LANES = 16
MEMORY HIERARCHY CONFIGURATION---------------------
STRIDE Prefetcher = 1
PERFECT_CACHE = 0
WRITE_ALLOCATE = 1
Within-pipeline factors:
	AGEN latency = 1 cycle
	Store Queue (SQ): SQ size = window size, oracle memory disambiguation, store-load forwarding = 1 cycle after store's or load's agen.
	* Note: A store searches the L1$ at commit. The store is released
	* from the SQ and window, whether it hits or misses. Store misses
	* are buffered until the block is allocated and the store is
	* performed in the L1$. While buffered, conflicting loads get
	* the store's data as they would from the SQ.
I$: 128 KB, 8-way set-assoc., 64B block size
L1$: 128 KB, 8-way set-assoc., 64B block size, 3-cycle search latency
L2$: 4 MB, 8-way set-assoc., 64B block size, 12-cycle search latency
L3$: 32 MB, 16-way set-assoc., 128B block size, 50-cycle search latency
Main Memory: 150-cycle fixed search time
---------------------------STORE QUEUE MEASUREMENTS (Full Simulation i.e. Counts Not Reset When Warmup Ends)---------------------------
Number of loads: 29129361
Number of loads that miss in SQ: 26847195 (92.17%)
Number of PFs issued to the memory system 1657514
---------------------------------------------------------------------------------------------------------------------------------------
------------------------MEMORY HIERARCHY MEASUREMENTS (Full Simulation i.e. Counts Not Reset When Warmup Ends)-------------------------
I$:
	accesses   = 76539991
	misses     = 6908
	miss ratio = 0.01%
	pf accesses   = 0
	pf misses     = 0
	pf miss ratio = -nan%
L1$:
	accesses   = 45071414
	misses     = 4175747
	miss ratio = 9.26%
	pf accesses   = 1657514
	pf misses     = 150466
	pf miss ratio = 9.08%
L2$:
	accesses   = 4182655
	misses     = 2631034
	miss ratio = 62.90%
	pf accesses   = 150466
	pf misses     = 150255
	pf miss ratio = 99.86%
L3$:
	accesses   = 2631034
	misses     = 220724
	miss ratio = 8.39%
	pf accesses   = 150255
	pf misses     = 40118
	pf miss ratio = 26.70%
---------------------------------------------------------------------------------------------------------------------------------------
----------------------------------------------Prefetcher (Full Simulation i.e. No Warmup)----------------------------------------------
Num Trainings :29129361
Num Prefetches generated :4070803
Num Prefetches issued :45227632
Num Prefetches filtered by PF queue :12395661
Num untimely prefetches dropped from PF queue :2413289
Num prefetches not issued LDST contention :43570118
Num prefetches not issued stride 0 :2941047
---------------------------------------------------------------------------------------------------------------------------------------

-------------------------------ILP LIMIT STUDY (Full Simulation i.e. Counts Not Reset When Warmup Ends)--------------------------------
instructions = 47546686
cycles       = 10496113
CycWP        = 574138
IPC          = 4.5299

---------------------------------------------------------------------------------------------------------------------------------------

-----------------------------------------------BRANCH PREDICTION MEASUREMENTS (Full Simulation i.e. Counts Not Reset When Warmup Ends)----------------------------------------------
Type                   NumBr     MispBr        mr     mpki
CondDirect          5818731      14457   0.2485%   0.3041
JumpDirect          1023947          0   0.0000%   0.0000
JumpIndirect         611335          0   0.0000%   0.0000
JumpReturn           662780          0   0.0000%   0.0000
Not control        68423198          0   0.0000%   0.0000
------------------------------------------------------------------------------------------------------------------------------------------------------------------------------------

------------------------------------------------------DIRECT CONDITIONAL BRANCH PREDICTION MEASUREMENTS (Last 10M instructions)-----------------------------------------------------
       Instr       Cycles      IPC      NumBr     MispBr BrPerCyc MispBrPerCyc        MR     MPKI      CycWP   CycWPAvg   CycWPPKI
    10546686      1902719   5.5430    1288814       1157   0.6774       0.0006   0.0898%   0.1097      36621    31.6517     3.4723
------------------------------------------------------------------------------------------------------------------------------------------------------------------------------------

------------------------------------------------------DIRECT CONDITIONAL BRANCH PREDICTION MEASUREMENTS (Last 25M instructions)-----------------------------------------------------
       Instr       Cycles      IPC      NumBr     MispBr BrPerCyc MispBrPerCyc        MR     MPKI      CycWP   CycWPAvg   CycWPPKI
    25546686      4402409   5.8029    3119261       2365   0.7085       0.0005   0.0758%   0.0926      56690    23.9704     2.2191
-------------------------------------------------------------------------------------------------------------------------------------------------------------------------------------

---------------------------------------------------------DIRECT CONDITIONAL BRANCH PREDICTION MEASUREMENTS (50 Perc instructions)---------------------------------------------------
       Instr       Cycles      IPC      NumBr     MispBr BrPerCyc MispBrPerCyc        MR     MPKI      CycWP   CycWPAvg   CycWPPKI
    24546686      4235508   5.7955    2997214       2267   0.7076       0.0005   0.0756%   0.0924      55044    24.2805     2.2424
------------------------------------------------------------------------------------------------------------------------------------------------------------------------------------

-------------------------------------DIRECT CONDITIONAL BRANCH PREDICTION MEASUREMENTS (Full Simulation i.e. Counts Not Reset When Warmup Ends)-------------------------------------
       Instr       Cycles      IPC      NumBr     MispBr BrPerCyc MispBrPerCyc        MR     MPKI      CycWP   CycWPAvg   CycWPPKI
    47546686     10496113   4.5299    5818731      14457   0.5544       0.0014   0.2485%   0.3041     574138    39.7135    12.0752
------------------------------------------------------------------------------------------------------------------------------------------------------------------------------------
 Read 47546686 instrs 

ExecTime = 777.4802861213684
