CMD:bin/cbp.man traces/compress/compress_3_trace.gz
 (TAGE 1217581)  (LOOP 3648)  (SC 197568) 
 (TOTAL 1418797 bits 173.192993 KB) 
 TAGE Low Bank Used: 6
 TAGE High Bank Used: 15
 (Hard Branch Table 4559)  (Correlation Table 108576)  (Load Value Correlated Predictor Top 40041) 
 (Load Value Correlated Predictor TOTAL 18.698242 KB) 
 (Hard Branch Table 4559)  (Correlation Table 108576)  (Load Value Correlated Predictor Top 40041) 
 (Load Value Correlated Predictor TOTAL 18.698242 KB) 
[0, 0x80002a90], 33554603
[0xffffdfe18568, 0xfffffbfffdbfc484], 288225909393553662
5000000 instrs 
10000000 instrs 
15000000 instrs 
[0xffffdfe184fc, 0xfffffbfffdbfc484], 288225909393553664
20000000 instrs 
25000000 instrs 
30000000 instrs 
35000000 instrs 
[0xffffdfe16714, 0xfffffbfffdbfc484], 288225909393553783
40000000 instrs 
45000000 instrs 
50000000 instrs 
[0xffffdfe18558, 0xfffffbfffdbfc484], 288225909393553662
55000000 instrs 
60000000 instrs 
65000000 instrs 
70000000 instrs 
[0xffffdfe184dc, 0xfffffbfffdbfc484], 288225909393553664
75000000 instrs 
80000000 instrs 
[0xffffdfc65c1c, 0xfffffbfffdbfc404], 288225909393581473
[0xffffdfc65c1c, 0xfffffbfffdbfc404], 288225909393581473
[0xffffdfc650ac, 0xfffffbfffdbfc404], 288225909393581519
[0xffffdfc1f540, 0xfffffbfffdbfc404], 288225909393585980
[0xffffdfc1f540, 0xfffffbfffdbfc404], 288225909393585980
[0xffffdfc1f540, 0xfffffbfffdbfc404], 288225909393585980
[0xffffdfc1f540, 0xfffffbfffdbfc404], 288225909393585980
[0xffffdfc1f540, 0xfffffbfffdbfc404], 288225909393585980
[0xffffdfc1f540, 0xfffffbfffdbfc404], 288225909393585980
[0xffffdfc1f540, 0xfffffbfffdbfc404], 288225909393585980
[0xffffdfc1f540, 0xfffffbfffdbfc404], 288225909393585980
[0xffffdfc1f540, 0xfffffbfffdbfc404], 288225909393585980
[0xffffdfc1f540, 0xfffffbfffdbfc404], 288225909393585980
[0xffffdfc1f540, 0xfffffbfffdbfc404], 288225909393585980
[0xffffdfc1f540, 0xfffffbfffdbfc404], 288225909393585980
[0xffffdfc1f540, 0xfffffbfffdbfc404], 288225909393585980
[0xffffdfc1f540, 0xfffffbfffdbfc404], 288225909393585980
[0xffffdfc1f540, 0xfffffbfffdbfc404], 288225909393585980
[0xffffdfc1f540, 0xfffffbfffdbfc404], 288225909393585980
[0xffffdfc1f540, 0xfffffbfffdbfc404], 288225909393585980
[0xffffdfc1f540, 0xfffffbfffdbfc404], 288225909393585980
[0xffffdfc1f540, 0xfffffbfffdbfc404], 288225909393585980
[0xffffdfc1f540, 0xfffffbfffdbfc404], 288225909393585980
[0xffffdfc1f540, 0xfffffbfffdbfc404], 288225909393585980
[0xffffdfc1f540, 0xfffffbfffdbfc404], 288225909393585980
[0xffffdfc1f540, 0xfffffbfffdbfc404], 288225909393585980
[0xffffdfc1f540, 0xfffffbfffdbfc404], 288225909393585980
[0xffffdfc1f540, 0xfffffbfffdbfc404], 288225909393585980
[0xffffdfc1f540, 0xfffffbfffdbfc404], 288225909393585980
[0xffffdfc1f540, 0xfffffbfffdbfc404], 288225909393585980
[0xffffdfc1f540, 0xfffffbfffdbfc404], 288225909393585980
[0xffffdfc1f540, 0xfffffbfffdbfc404], 288225909393585980
[0xffffdfc1f540, 0xfffffbfffdbfc404], 288225909393585980
[0xffffdfc1f540, 0xfffffbfffdbfc404], 288225909393585980
[0xffffdfc1f540, 0xfffffbfffdbfc404], 288225909393585980
85000000 instrs 
90000000 instrs 
[0xffffdfe183c8, 0xfffffbfffdbfc484], 288225909393553668
95000000 instrs 
[0xffffdfe15794, 0x80000d00], 288225978147175127
100000000 instrs 
105000000 instrs 
[0xffffdfe16260, 0xfffffbfffdbfc484], 288225909393553802
110000000 instrs 
115000000 instrs 
120000000 instrs 
125000000 instrs 
[0xffffdfe185dc, 0xfffffbfffdbfc484], 288225909393553660
[0xffffdfe1851c, 0x80000d00], 288225978147174945
130000000 instrs 
EOF
-----------------------------------Load Value Correlated Predictor Stats-----------------------------------
Branch Entangling Table Touch: 0
Branch Entangling Table Insert: 0
Branch Entangling Table Load PC Changed: 0
Load-Branch Entangling Table Touch: 0
Load-Branch Entangling Table Insert: 0
Load-Branch Entangling Table Load PC Changed: 0
Load Value Correlated Predictor Predicted: 0
Load Value Correlated Predictor Predicted By Value: 268961
Load Value Correlated Predictor Predicted By Addr: 0
Load Value Correlated Predictor Not Predicted: 0
Load Value Correlated Predictor Not Predicted Due to Entangling Table Miss: 0
Load Value Correlated Predictor Not Predicted Due to Correlation Table Miss: 0
Load Value Correlated Predictor Not Predicted Due to Load Value Tracking Miss: 0
Load Value Correlated Predictor No Load Or Value Late: 0
Load Value Correlated Predictor Load Value Provided by DVTAGE: 0
Load Value Correlated Predictor Not Predicted Due to TAGE High Confidence: 0
Load Value Correlated Predictor Not Predicted Due to Low Correlation Confidence: 0
Load Value Correlated Predictor Correct: 248075
Load Value Correlated Predictor Incorrect: 3163
Load Value Correlated Predictor Correct TAGE Correct: 240397
Load Value Correlated Predictor Correct TAGE Incorrect: 7678
Load Value Correlated Predictor Incorrect TAGE Correct: 1067
Load Value Correlated Predictor Incorrect TAGE Incorrect: 2096
Load Inst Bitmap Miss: 1762775
Load Inst Bitmap Hit: 24407981
Load Inst Bitmap Max Usage: 978
Load Value Correlated Predictor Accuracy: Nan
Branch Entangling Table Load PC Changed Ratio: Nan
Load Branch Entangling Table Load PC Changed Ratio: Nan
-----------------------------------------------------------------------------------------------------------
------------------------------------------- Hard Branch Table Stats --------------------------------------
  Update branches:                        15702813
  Update replaces:                           15463
  Update replaces failed:                   649065
  Update decays:                               785
  Update decayed to zero:                    72866
  Update saturated:                        1052729
  Query branches:                         31405645
  Query hard:                             12345779
  Query not hard:                         19059866
------------------------------------------------------------------------------------------------

-------------------------------------- Correlation Table Stats ----------------------------------
  Total storage:                                        12.5 KB
  Total table entries:                                  4096
  Update count:                                    191279506
  Update hit:                                       44230751
  Update allocate:                                  28164254
  Update dir changed:                               40592635
  Update replacement:                                5821733
  Update inserts:                                    5825829
  Update inserts failed:                            13683156
  Query hit:                                        23782070
  Query miss:                                       71323416
  Query conf saturated:                               268961
  Query conf low:                                   23513109
  Query direction changed:                          20225589
  Query high conf & direction changed:                     0
-------------------------------------------------------------------------------------------------
WINDOW_SIZE = 1024
FETCH_WIDTH = 16
FETCH_NUM_BRANCH = 16
FETCH_STOP_AT_INDIRECT = 1
FETCH_STOP_AT_TAKEN = 1
FETCH_MODEL_ICACHE = 1
PERFECT_BRANCH_PRED = 0
PERFECT_INDIRECT_PRED = 1
PIPELINE_FILL_LATENCY = 10
NUM_LDST_LANES = 8
NUM_ALU_LANES = 16
MEMORY HIERARCHY CONFIGURATION---------------------
STRIDE Prefetcher = 1
PERFECT_CACHE = 0
WRITE_ALLOCATE = 1
Within-pipeline factors:
	AGEN latency = 1 cycle
	Store Queue (SQ): SQ size = window size, oracle memory disambiguation, store-load forwarding = 1 cycle after store's or load's agen.
	* Note: A store searches the L1$ at commit. The store is released
	* from the SQ and window, whether it hits or misses. Store misses
	* are buffered until the block is allocated and the store is
	* performed in the L1$. While buffered, conflicting loads get
	* the store's data as they would from the SQ.
I$: 128 KB, 8-way set-assoc., 64B block size
L1$: 128 KB, 8-way set-assoc., 64B block size, 3-cycle search latency
L2$: 4 MB, 8-way set-assoc., 64B block size, 12-cycle search latency
L3$: 32 MB, 16-way set-assoc., 128B block size, 50-cycle search latency
Main Memory: 150-cycle fixed search time
---------------------------STORE QUEUE MEASUREMENTS (Full Simulation i.e. Counts Not Reset When Warmup Ends)---------------------------
Number of loads: 27948785
Number of loads that miss in SQ: 26278073 (94.02%)
Number of PFs issued to the memory system 3100249
---------------------------------------------------------------------------------------------------------------------------------------
------------------------MEMORY HIERARCHY MEASUREMENTS (Full Simulation i.e. Counts Not Reset When Warmup Ends)-------------------------
I$:
	accesses   = 134842568
	misses     = 1905
	miss ratio = 0.00%
	pf accesses   = 0
	pf misses     = 0
	pf miss ratio = -nan%
L1$:
	accesses   = 38869134
	misses     = 910950
	miss ratio = 2.34%
	pf accesses   = 3100249
	pf misses     = 11505
	pf miss ratio = 0.37%
L2$:
	accesses   = 912855
	misses     = 161040
	miss ratio = 17.64%
	pf accesses   = 11505
	pf misses     = 1479
	pf miss ratio = 12.86%
L3$:
	accesses   = 161040
	misses     = 82110
	miss ratio = 50.99%
	pf accesses   = 1479
	pf misses     = 271
	pf miss ratio = 18.32%
---------------------------------------------------------------------------------------------------------------------------------------
----------------------------------------------Prefetcher (Full Simulation i.e. No Warmup)----------------------------------------------
Num Trainings :27948785
Num Prefetches generated :3121876
Num Prefetches issued :4541375
Num Prefetches filtered by PF queue :105073
Num untimely prefetches dropped from PF queue :21627
Num prefetches not issued LDST contention :1441126
Num prefetches not issued stride 0 :12597945
---------------------------------------------------------------------------------------------------------------------------------------

-------------------------------ILP LIMIT STUDY (Full Simulation i.e. Counts Not Reset When Warmup Ends)--------------------------------
instructions = 130000020
cycles       = 59421982
CycWP        = 47460964
IPC          = 2.1877

---------------------------------------------------------------------------------------------------------------------------------------

-----------------------------------------------BRANCH PREDICTION MEASUREMENTS (Full Simulation i.e. Counts Not Reset When Warmup Ends)----------------------------------------------
Type                   NumBr     MispBr        mr     mpki
CondDirect         15702832    1059547   6.7475%   8.1504
JumpDirect          2040178          0   0.0000%   0.0000
JumpIndirect         132066          0   0.0000%   0.0000
JumpReturn           231355          0   0.0000%   0.0000
Not control       116736137          0   0.0000%   0.0000
------------------------------------------------------------------------------------------------------------------------------------------------------------------------------------

------------------------------------------------------DIRECT CONDITIONAL BRANCH PREDICTION MEASUREMENTS (Last 10M instructions)-----------------------------------------------------
       Instr       Cycles      IPC      NumBr     MispBr BrPerCyc MispBrPerCyc        MR     MPKI      CycWP   CycWPAvg   CycWPPKI
    10000020      4348865   2.2995    1227895      88586   0.2823       0.0204   7.2145%   8.8586    3500412    39.5143   350.0405
------------------------------------------------------------------------------------------------------------------------------------------------------------------------------------

------------------------------------------------------DIRECT CONDITIONAL BRANCH PREDICTION MEASUREMENTS (Last 25M instructions)-----------------------------------------------------
       Instr       Cycles      IPC      NumBr     MispBr BrPerCyc MispBrPerCyc        MR     MPKI      CycWP   CycWPAvg   CycWPPKI
    25000020     11007562   2.2712    3071500     220787   0.2790       0.0201   7.1882%   8.8315    8877298    40.2075   355.0916
-------------------------------------------------------------------------------------------------------------------------------------------------------------------------------------

---------------------------------------------------------DIRECT CONDITIONAL BRANCH PREDICTION MEASUREMENTS (50 Perc instructions)---------------------------------------------------
       Instr       Cycles      IPC      NumBr     MispBr BrPerCyc MispBrPerCyc        MR     MPKI      CycWP   CycWPAvg   CycWPPKI
    65000020     26202105   2.4807    7896218     495550   0.3014       0.0189   6.2758%   7.6238   19883690    40.1245   305.9028
------------------------------------------------------------------------------------------------------------------------------------------------------------------------------------

-------------------------------------DIRECT CONDITIONAL BRANCH PREDICTION MEASUREMENTS (Full Simulation i.e. Counts Not Reset When Warmup Ends)-------------------------------------
       Instr       Cycles      IPC      NumBr     MispBr BrPerCyc MispBrPerCyc        MR     MPKI      CycWP   CycWPAvg   CycWPPKI
   130000020     59421982   2.1877   15702832    1059547   0.2643       0.0178   6.7475%   8.1504   47460964    44.7936   365.0843
------------------------------------------------------------------------------------------------------------------------------------------------------------------------------------
 Read 130000020 instrs 

ExecTime = 1057.9254159927368
