CMD:bin/cbp.man traces/web/web_25_trace.gz
 (TAGE 1217581)  (LOOP 3648)  (SC 197568) 
 (TOTAL 1418797 bits 173.192993 KB) 
 TAGE Low Bank Used: 6
 TAGE High Bank Used: 15
 (Hard Branch Table 4559)  (Correlation Table 108576)  (Load Value Correlated Predictor Top 40041) 
 (Load Value Correlated Predictor TOTAL 18.698242 KB) 
 (Hard Branch Table 4559)  (Correlation Table 108576)  (Load Value Correlated Predictor Top 40041) 
 (Load Value Correlated Predictor TOTAL 18.698242 KB) 
[0, 0x80002b70], 33554606
[0xffffdeebbd24, 0xffff800080010c00], 288223779124172093
[0xffffdeeb9fe0, 0xffff800080010c00], 288223779124172210
[0xffffdeeba060, 0xffff800080010c00], 288223779124172208
[0xffffdeeba060, 0xffff800080010c00], 288223779124172208
[0xffffdeeb9fe0, 0xffff800080010c00], 288223779124172210
[0xffffdeeba060, 0xffff800080010c00], 288223779124172208
[0xffffdeeba060, 0xffff800080010c00], 288223779124172208
[0xaaaab1e9052c, 0xffff800080010c80], 288225245129105439
[0xaaaab1e990f0, 0xffff800080010c00], 288225245129104878
[0xaaaab1e8db0c, 0xffff800080010c00], 288225245129105605
[0xaaaab1e8db0c, 0xffff800080010c00], 288225245129105605
[0xaaaab1e8eb14, 0xffff800080010c00], 288225245129105541
[0xaaaab231a558, 0xffff800080010c00], 288225245129031068
5000000 instrs 
[0xaaaab1c779b0, 0xffff800080010c00], 288225245129139787
[0xaaaab1d2cde0, 0xffff800080010c00], 288225245129128186
[0xaaaab2742540, 0xffff800080010c00], 288225245128962972
[0xaaaab2742540, 0xffff800080010c00], 288225245128962972
[0xaaaab1c779b0, 0xffff800080010c00], 288225245129139787
[0xaaaab1c75e5c, 0xffff800080010c00], 288225245129139896
[0xaaaab1c75e5c, 0xffff800080010c00], 288225245129139896
[0xaaaab1c75e5c, 0xffff800080010c00], 288225245129139896
[0xaaaab1c75e5c, 0xffff800080010c00], 288225245129139896
[0xaaaab1c75e5c, 0xffff800080010c00], 288225245129139896
[0xaaaab1c75e5c, 0xffff800080010c00], 288225245129139896
[0xaaaab1c75e5c, 0xffff800080010c00], 288225245129139896
[0xaaaab1c75e5c, 0xffff800080010c00], 288225245129139896
[0xaaaab1c75e5c, 0xffff800080010c00], 288225245129139896
[0xaaaab1c75e5c, 0xffff800080010c00], 288225245129139896
[0xaaaab1c75e5c, 0xffff800080010c00], 288225245129139896
[0xffffdef21dc0, 0xffff800080010c00], 288223779124165562
[0xaaaab1c779b0, 0xffff800080010c00], 288225245129139787
[0xaaaab1c76880, 0xffff800080010c00], 288225245129139855
[0xaaaab1c76880, 0xffff800080010c00], 288225245129139855
[0xaaaab1c76880, 0xffff800080010c00], 288225245129139855
[0xaaaab1c76880, 0xffff800080010c00], 288225245129139855
[0xaaaab1c76880, 0xffff800080010c00], 288225245129139855
[0xaaaab1c76880, 0xffff800080010c00], 288225245129139855
[0xaaaab1c76880, 0xffff800080010c00], 288225245129139855
[0xaaaab1c76880, 0xffff800080010c00], 288225245129139855
[0xaaaab1c76880, 0xffff800080010c00], 288225245129139855
[0xaaaab1c76880, 0xffff800080010c00], 288225245129139855
[0xaaaab1c76880, 0xffff800080010c00], 288225245129139855
[0xaaaab1c76880, 0xffff800080010c00], 288225245129139855
[0xaaaab1c76880, 0xffff800080010c00], 288225245129139855
[0xaaaab1c76880, 0xffff800080010c00], 288225245129139855
[0xaaaab1c76880, 0xffff800080010c00], 288225245129139855
[0xaaaab1c76880, 0xffff800080010c00], 288225245129139855
[0xaaaab1c76880, 0xffff800080010c00], 288225245129139855
[0xaaaab1c76880, 0xffff800080010c00], 288225245129139855
[0xaaaab1c76880, 0xffff800080010c00], 288225245129139855
[0xaaaab1c76880, 0xffff800080010c00], 288225245129139855
[0xaaaab1c76880, 0xffff800080010c00], 288225245129139855
[0xaaaab1c76880, 0xffff800080010c00], 288225245129139855
[0xaaaab1c76880, 0xffff800080010c00], 288225245129139855
[0xaaaab1c76880, 0xffff800080010c00], 288225245129139855
[0xaaaab1e9e21c, 0x80000d00], 288227444152359085
10000000 instrs 
[0xffffdef21dc0, 0xffff800080010c00], 288223779124165562
[0xaaaab1c779b0, 0xffff800080010c00], 288225245129139787
[0xaaaab1bb6500, 0xffff800080010c00], 288225245129152157
[0xaaaab1bb6500, 0xffff800080010c00], 288225245129152157
[0xaaaab1bb6500, 0xffff800080010c00], 288225245129152157
[0xaaaab1bb6500, 0xffff800080010c00], 288225245129152157
[0xaaaab1bb6500, 0xffff800080010c00], 288225245129152157
[0xaaaab1bb6500, 0xffff800080010c00], 288225245129152157
[0xaaaab1bb6500, 0xffff800080010c00], 288225245129152157
[0xaaaab1bb6500, 0xffff800080010c00], 288225245129152157
[0xaaaab1bb6500, 0xffff800080010c00], 288225245129152157
[0xaaaab1bb6500, 0xffff800080010c00], 288225245129152157
[0xaaaab1bb6500, 0xffff800080010c00], 288225245129152157
[0xaaaab1bb6500, 0xffff800080010c00], 288225245129152157
[0xaaaab1d2dca8, 0xffff800080010c00], 288225245129128127
[0xffffdef21dc0, 0xffff800080010c00], 288223779124165562
[0xaaaab1c779b0, 0xffff800080010c00], 288225245129139787
[0xffffdeed7ec0, 0xffff800080010c00], 288223779124170294
[0xffffdeed7ec0, 0xffff800080010c00], 288223779124170294
[0xffffdeed7ec0, 0xffff800080010c00], 288223779124170294
[0xffffdeed7ec0, 0xffff800080010c00], 288223779124170294
[0xaaaab1d27c2c, 0xffff800080010c00], 288225245129128513
[0xffffdeed90d0, 0xffff800080010c00], 288223779124170222
[0xaaaab17fae58, 0x80000d00], 288227444152467836
EOF
-----------------------------------Load Value Correlated Predictor Stats-----------------------------------
Branch Entangling Table Touch: 0
Branch Entangling Table Insert: 0
Branch Entangling Table Load PC Changed: 0
Load-Branch Entangling Table Touch: 0
Load-Branch Entangling Table Insert: 0
Load-Branch Entangling Table Load PC Changed: 0
Load Value Correlated Predictor Predicted: 0
Load Value Correlated Predictor Predicted By Value: 23080
Load Value Correlated Predictor Predicted By Addr: 0
Load Value Correlated Predictor Not Predicted: 0
Load Value Correlated Predictor Not Predicted Due to Entangling Table Miss: 0
Load Value Correlated Predictor Not Predicted Due to Correlation Table Miss: 0
Load Value Correlated Predictor Not Predicted Due to Load Value Tracking Miss: 0
Load Value Correlated Predictor No Load Or Value Late: 0
Load Value Correlated Predictor Load Value Provided by DVTAGE: 0
Load Value Correlated Predictor Not Predicted Due to TAGE High Confidence: 0
Load Value Correlated Predictor Not Predicted Due to Low Correlation Confidence: 0
Load Value Correlated Predictor Correct: 22148
Load Value Correlated Predictor Incorrect: 371
Load Value Correlated Predictor Correct TAGE Correct: 20434
Load Value Correlated Predictor Correct TAGE Incorrect: 1714
Load Value Correlated Predictor Incorrect TAGE Correct: 201
Load Value Correlated Predictor Incorrect TAGE Incorrect: 170
Load Inst Bitmap Miss: 468852
Load Inst Bitmap Hit: 3248569
Load Inst Bitmap Max Usage: 1024
Load Value Correlated Predictor Accuracy: Nan
Branch Entangling Table Load PC Changed Ratio: Nan
Load Branch Entangling Table Load PC Changed Ratio: Nan
-----------------------------------------------------------------------------------------------------------
------------------------------------------- Hard Branch Table Stats --------------------------------------
  Update branches:                         2548634
  Update replaces:                            7227
  Update replaces failed:                  1418484
  Update decays:                               127
  Update decayed to zero:                     7212
  Update saturated:                          36677
  Query branches:                          5097304
  Query hard:                               720957
  Query not hard:                          4376347
------------------------------------------------------------------------------------------------

-------------------------------------- Correlation Table Stats ----------------------------------
  Total storage:                                        12.5 KB
  Total table entries:                                  4096
  Update count:                                     11153856
  Update hit:                                        3254686
  Update allocate:                                    985707
  Update dir changed:                                2894524
  Update replacement:                                 201407
  Update inserts:                                     205503
  Update inserts failed:                              327295
  Query hit:                                         1217795
  Query miss:                                        2668922
  Query conf saturated:                                23080
  Query conf low:                                    1194715
  Query direction changed:                           1091382
  Query high conf & direction changed:                     0
-------------------------------------------------------------------------------------------------
WINDOW_SIZE = 1024
FETCH_WIDTH = 16
FETCH_NUM_BRANCH = 16
FETCH_STOP_AT_INDIRECT = 1
FETCH_STOP_AT_TAKEN = 1
FETCH_MODEL_ICACHE = 1
PERFECT_BRANCH_PRED = 0
PERFECT_INDIRECT_PRED = 1
PIPELINE_FILL_LATENCY = 10
NUM_LDST_LANES = 8
NUM_ALU_LANES = 16
MEMORY HIERARCHY CONFIGURATION---------------------
STRIDE Prefetcher = 1
PERFECT_CACHE = 0
WRITE_ALLOCATE = 1
Within-pipeline factors:
	AGEN latency = 1 cycle
	Store Queue (SQ): SQ size = window size, oracle memory disambiguation, store-load forwarding = 1 cycle after store's or load's agen.
	* Note: A store searches the L1$ at commit. The store is released
	* from the SQ and window, whether it hits or misses. Store misses
	* are buffered until the block is allocated and the store is
	* performed in the L1$. While buffered, conflicting loads get
	* the store's data as they would from the SQ.
I$: 128 KB, 8-way set-assoc., 64B block size
L1$: 128 KB, 8-way set-assoc., 64B block size, 3-cycle search latency
L2$: 4 MB, 8-way set-assoc., 64B block size, 12-cycle search latency
L3$: 32 MB, 16-way set-assoc., 128B block size, 50-cycle search latency
Main Memory: 150-cycle fixed search time
---------------------------STORE QUEUE MEASUREMENTS (Full Simulation i.e. Counts Not Reset When Warmup Ends)---------------------------
Number of loads: 4415777
Number of loads that miss in SQ: 3476590 (78.73%)
Number of PFs issued to the memory system 213144
---------------------------------------------------------------------------------------------------------------------------------------
------------------------MEMORY HIERARCHY MEASUREMENTS (Full Simulation i.e. Counts Not Reset When Warmup Ends)-------------------------
I$:
	accesses   = 16640979
	misses     = 62955
	miss ratio = 0.38%
	pf accesses   = 0
	pf misses     = 0
	pf miss ratio = -nan%
L1$:
	accesses   = 6143019
	misses     = 121326
	miss ratio = 1.98%
	pf accesses   = 213144
	pf misses     = 5092
	pf miss ratio = 2.39%
L2$:
	accesses   = 184281
	misses     = 39225
	miss ratio = 21.29%
	pf accesses   = 5092
	pf misses     = 400
	pf miss ratio = 7.86%
L3$:
	accesses   = 39225
	misses     = 22065
	miss ratio = 56.25%
	pf accesses   = 400
	pf misses     = 205
	pf miss ratio = 51.25%
---------------------------------------------------------------------------------------------------------------------------------------
----------------------------------------------Prefetcher (Full Simulation i.e. No Warmup)----------------------------------------------
Num Trainings :4415777
Num Prefetches generated :215234
Num Prefetches issued :698391
Num Prefetches filtered by PF queue :12606
Num untimely prefetches dropped from PF queue :2090
Num prefetches not issued LDST contention :485247
Num prefetches not issued stride 0 :1145425
---------------------------------------------------------------------------------------------------------------------------------------

-------------------------------ILP LIMIT STUDY (Full Simulation i.e. Counts Not Reset When Warmup Ends)--------------------------------
instructions = 14999989
cycles       = 7273151
CycWP        = 3029665
IPC          = 2.0624

---------------------------------------------------------------------------------------------------------------------------------------

-----------------------------------------------BRANCH PREDICTION MEASUREMENTS (Full Simulation i.e. Counts Not Reset When Warmup Ends)----------------------------------------------
Type                   NumBr     MispBr        mr     mpki
CondDirect          2548670      87206   3.4216%   5.8137
JumpDirect           181682          0   0.0000%   0.0000
JumpIndirect          98902          0   0.0000%   0.0000
JumpReturn           139852          0   0.0000%   0.0000
Not control        13671873          0   0.0000%   0.0000
------------------------------------------------------------------------------------------------------------------------------------------------------------------------------------

------------------------------------------------------DIRECT CONDITIONAL BRANCH PREDICTION MEASUREMENTS (Last 10M instructions)-----------------------------------------------------
       Instr       Cycles      IPC      NumBr     MispBr BrPerCyc MispBrPerCyc        MR     MPKI      CycWP   CycWPAvg   CycWPPKI
    10999989      4121037   2.6692    1870860      69164   0.4540       0.0168   3.6969%   6.2876    2322669    33.5821   211.1519
------------------------------------------------------------------------------------------------------------------------------------------------------------------------------------

------------------------------------------------------DIRECT CONDITIONAL BRANCH PREDICTION MEASUREMENTS (Last 25M instructions)-----------------------------------------------------
       Instr       Cycles      IPC      NumBr     MispBr BrPerCyc MispBrPerCyc        MR     MPKI      CycWP   CycWPAvg   CycWPPKI
    14999989      7273151   2.0624    2548670      87206   0.3504       0.0120   3.4216%   5.8137    3029665    34.7415   201.9778
-------------------------------------------------------------------------------------------------------------------------------------------------------------------------------------

---------------------------------------------------------DIRECT CONDITIONAL BRANCH PREDICTION MEASUREMENTS (50 Perc instructions)---------------------------------------------------
       Instr       Cycles      IPC      NumBr     MispBr BrPerCyc MispBrPerCyc        MR     MPKI      CycWP   CycWPAvg   CycWPPKI
     7999989      2965595   2.6976    1342253      51176   0.4526       0.0173   3.8127%   6.3970    1726350    33.7336   215.7940
------------------------------------------------------------------------------------------------------------------------------------------------------------------------------------

-------------------------------------DIRECT CONDITIONAL BRANCH PREDICTION MEASUREMENTS (Full Simulation i.e. Counts Not Reset When Warmup Ends)-------------------------------------
       Instr       Cycles      IPC      NumBr     MispBr BrPerCyc MispBrPerCyc        MR     MPKI      CycWP   CycWPAvg   CycWPPKI
    14999989      7273151   2.0624    2548670      87206   0.3504       0.0120   3.4216%   5.8137    3029665    34.7415   201.9778
------------------------------------------------------------------------------------------------------------------------------------------------------------------------------------
 Read 14999989 instrs 

ExecTime = 271.82125878334045
