CMD:bin/cbp.man traces/web/web_10_trace.gz
 (TAGE 1217581)  (LOOP 3648)  (SC 197568) 
 (TOTAL 1418797 bits 173.192993 KB) 
 TAGE Low Bank Used: 6
 TAGE High Bank Used: 15
 (Hard Branch Table 4559)  (Correlation Table 108576)  (Load Value Correlated Predictor Top 40041) 
 (Load Value Correlated Predictor TOTAL 18.698242 KB) 
 (Hard Branch Table 4559)  (Correlation Table 108576)  (Load Value Correlated Predictor Top 40041) 
 (Load Value Correlated Predictor TOTAL 18.698242 KB) 
[0, 0x80002b80], 33554607
[0xffffdeed7ec0, 0xffff800080010c00], 288223779124170294
[0xffffdef21cc0, 0xffff800080010c00], 288223779124165566
[0xaaaab17cedfc, 0xffff800080010c00], 288225245129216122
[0xffffdeed7ec0, 0xffff800080010c00], 288223779124170294
[0xaaaab17cedfc, 0xffff800080010c00], 288225245129216122
[0xaaaab28a13a0, 0xffff800080010c00], 288225245128940515
[0xaaaab0b89534, 0xffff800080010c00], 288225245129417181
[0xaaaab17cedfc, 0xffff800080010c00], 288225245129216122
[0xffffdeebbd24, 0xffff800080010c00], 288223779124172093
[0xffffdef25e98, 0xffff800080010c00], 288223779124165303
[0xffffdef17bac, 0xffff800080010c00], 288223779124166211
[0xffffdef27e10, 0xffff800080010c00], 288223779124165177
[0xffffdef25e98, 0xffff800080010c00], 288223779124165303
[0xffffdef27e10, 0xffff800080010c00], 288223779124165177
[0xffffdef25e98, 0xffff800080010c00], 288223779124165303
[0xffffdef27e10, 0xffff800080010c00], 288223779124165177
[0xffffdef25e98, 0xffff800080010c00], 288223779124165303
[0xffffdef25e98, 0xffff800080010c00], 288223779124165303
[0xaaaab17cedfc, 0xffff800080010c00], 288225245129216122
[0xaaaab56e3fb4, 0xffff800080010c00], 288225245128182579
[0xaaaab17cedfc, 0xffff800080010c00], 288225245129216122
[0xffffdef21cc0, 0xffff800080010c00], 288223779124165566
[0xaaaab17cedfc, 0xffff800080010c00], 288225245129216122
[0xffffdef17c7c, 0xffff800080010c00], 288223779124166208
[0xaaaab17cedfc, 0xffff800080010c00], 288225245129216122
[0xffffdef21cc0, 0xffff800080010c00], 288223779124165566
[0xaaaab24685a4, 0xffff800080010c00], 288225245129009691
[0xaaaab17c10d0, 0xffff800080010c00], 288225245129217006
[0xaaaab17c10d0, 0xffff800080010c00], 288225245129217006
[0xaaaab17cedfc, 0xffff800080010c00], 288225245129216122
[0xaaaab17cedfc, 0xffff800080010c00], 288225245129216122
[0xffffdeebbd24, 0xffff800080010c00], 288223779124172093
[0xffffdef21a40, 0xffff800080010c00], 288223779124165576
[0xffffdef21a40, 0xffff800080010c00], 288223779124165576
[0xffffdef21a40, 0xffff800080010c00], 288223779124165576
[0xffffdef21a40, 0xffff800080010c00], 288223779124165576
[0xffffdef21a40, 0xffff800080010c00], 288223779124165576
[0xaaaaafac1b94, 0xffff800080010c00], 288225245129692099
[0xaaaab220842c, 0xffff800080010c00], 288225245129048609
[0xffffdef21a40, 0xffff800080010c00], 288223779124165576
[0xffffdef21a40, 0xffff800080010c00], 288223779124165576
[0xffffdeed7e98, 0xffff800080010c00], 288223779124170295
[0xffffdeebbd24, 0xffff800080010c00], 288223779124172093
[0xaaaab17cedfc, 0xffff800080010c00], 288225245129216122
[0xffffdeebbd24, 0xffff800080010c00], 288223779124172093
[0xaaaab17cedfc, 0xffff800080010c00], 288225245129216122
[0xaaaab18c0310, 0xffff800080010c00], 288225245129200677
[0xffffdef27e10, 0xffff800080010c00], 288223779124165177
[0xffffdef27d30, 0xffff800080010c00], 288223779124165181
[0xffffdeebbd24, 0xffff800080010c00], 288223779124172093
[0xffffdef25e98, 0xffff800080010c00], 288223779124165303
[0xffffdef25e98, 0xffff800080010c00], 288223779124165303
[0xffffdef25e98, 0xffff800080010c00], 288223779124165303
[0xffffdeeba060, 0xffff800080010c00], 288223779124172208
[0xffffdeebbd24, 0xffff800080010c00], 288223779124172093
[0xffffdeeb9dd8, 0xffff800080010c00], 288223779124172218
[0xffffdeeba060, 0xffff800080010c00], 288223779124172208
[0xaaaab17cedfc, 0xffff800080010c00], 288225245129216122
[0xaaaab17cedfc, 0xffff800080010c00], 288225245129216122
[0xffffdef178f4, 0xffff800080010c00], 288223779124166222
[0xffffdef2687c, 0xffff800080010c00], 288223779124165264
[0xffffdef202c0, 0xffff800080010c00], 288223779124165670
[0xffffdef1c8f8, 0xffff800080010c00], 288223779124165902
[0xffffdef21a40, 0xffff800080010c00], 288223779124165576
[0xffffdef195a0, 0xffff800080010c00], 288223779124166107
[0xffffdef18480, 0xffff800080010c00], 288223779124166175
[0xffffdef21a40, 0xffff800080010c00], 288223779124165576
[0xffffdef1cab8, 0xffff800080010c00], 288223779124165895
[0xffffdef18480, 0xffff800080010c00], 288223779124166175
[0xffffdef183ec, 0xffff800080010c00], 288223779124166178
[0xffffdef21bf8, 0xffff800080010c00], 288223779124165570
[0xffffdef178f4, 0xffff800080010c00], 288223779124166222
[0xffffdef2687c, 0xffff800080010c00], 288223779124165264
[0xffffdef202c0, 0xffff800080010c00], 288223779124165670
[0xffffdef1c8f8, 0xffff800080010c00], 288223779124165902
[0xffffdef21a40, 0xffff800080010c00], 288223779124165576
[0xffffdef195a0, 0xffff800080010c00], 288223779124166107
[0xffffdef18480, 0xffff800080010c00], 288223779124166175
[0xffffdef21a40, 0xffff800080010c00], 288223779124165576
[0xffffdef1cab8, 0xffff800080010c00], 288223779124165895
[0xffffdef18480, 0xffff800080010c00], 288223779124166175
[0xffffdef183ec, 0xffff800080010c00], 288223779124166178
[0xffffdef21bf8, 0xffff800080010c00], 288223779124165570
[0xffffdef178f4, 0xffff800080010c00], 288223779124166222
[0xffffdef2687c, 0xffff800080010c00], 288223779124165264
[0xffffdef202c0, 0xffff800080010c00], 288223779124165670
[0xffffdef1c8f8, 0xffff800080010c00], 288223779124165902
[0xffffdef21a40, 0xffff800080010c00], 288223779124165576
[0xffffdef195a0, 0xffff800080010c00], 288223779124166107
[0xffffdef18480, 0xffff800080010c00], 288223779124166175
[0xffffdef21a40, 0xffff800080010c00], 288223779124165576
[0xffffdef1cab8, 0xffff800080010c00], 288223779124165895
[0xffffdef18480, 0xffff800080010c00], 288223779124166175
[0xffffdef183ec, 0xffff800080010c00], 288223779124166178
[0xffffdef21bf8, 0xffff800080010c00], 288223779124165570
[0xffffdef178f4, 0xffff800080010c00], 288223779124166222
[0xffffdef2687c, 0xffff800080010c00], 288223779124165264
[0xffffdef202c0, 0xffff800080010c00], 288223779124165670
[0xffffdef1c8f8, 0xffff800080010c00], 288223779124165902
[0xffffdef21a40, 0xffff800080010c00], 288223779124165576
[0xffffdef195a0, 0xffff800080010c00], 288223779124166107
[0xffffdef18480, 0xffff800080010c00], 288223779124166175
[0xffffdef21a40, 0xffff800080010c00], 288223779124165576
[0xffffdef1cab8, 0xffff800080010c00], 288223779124165895
[0xffffdef18480, 0xffff800080010c00], 288223779124166175
[0xffffdef183ec, 0xffff800080010c00], 288223779124166178
[0xffffdef21bf8, 0xffff800080010c00], 288223779124165570
[0xffffdef178f4, 0xffff800080010c00], 288223779124166222
[0xffffdef2687c, 0xffff800080010c00], 288223779124165264
[0xffffdef202c0, 0xffff800080010c00], 288223779124165670
[0xffffdef1c8f8, 0xffff800080010c00], 288223779124165902
[0xffffdef21a40, 0xffff800080010c00], 288223779124165576
[0xffffdef195a0, 0xffff800080010c00], 288223779124166107
[0xffffdef18480, 0xffff800080010c00], 288223779124166175
[0xffffdef21a40, 0xffff800080010c00], 288223779124165576
[0xffffdef1cab8, 0xffff800080010c00], 288223779124165895
[0xffffdef18480, 0xffff800080010c00], 288223779124166175
[0xffffdef183ec, 0xffff800080010c00], 288223779124166178
[0xffffdef21bf8, 0xffff800080010c00], 288223779124165570
[0xffffdef178f4, 0xffff800080010c00], 288223779124166222
[0xffffdef2687c, 0xffff800080010c00], 288223779124165264
[0xffffdef202c0, 0xffff800080010c00], 288223779124165670
[0xffffdef1c8f8, 0xffff800080010c00], 288223779124165902
[0xffff8000801e9b54, 0xffff800080010a84], 288230376151681470
[0xffffdef21a40, 0xffff800080010c00], 288223779124165576
[0xffffdef195a0, 0xffff800080010c00], 288223779124166107
[0xffffdef18480, 0xffff800080010c00], 288223779124166175
[0xffffdef21a40, 0xffff800080010c00], 288223779124165576
[0xffffdef1cab8, 0xffff800080010c00], 288223779124165895
[0xaaaab17cedfc, 0xffff800080010c00], 288225245129216122
[0xffffdef18480, 0xffff800080010c00], 288223779124166175
[0xffffdef183ec, 0xffff800080010c00], 288223779124166178
[0xffffdef21bf8, 0xffff800080010c00], 288223779124165570
[0xffffdef178f4, 0xffff800080010c00], 288223779124166222
[0xffffdef2687c, 0xffff800080010c00], 288223779124165264
[0xffffdef202c0, 0xffff800080010c00], 288223779124165670
[0xffffdef1c8f8, 0xffff800080010c00], 288223779124165902
[0xffffdef21a40, 0xffff800080010c00], 288223779124165576
[0xffffdef195a0, 0xffff800080010c00], 288223779124166107
[0xffffdef18480, 0xffff800080010c00], 288223779124166175
[0xffffdef21a40, 0xffff800080010c00], 288223779124165576
[0xffffdef1cab8, 0xffff800080010c00], 288223779124165895
[0xffffdef18480, 0xffff800080010c00], 288223779124166175
[0xffffdef183ec, 0xffff800080010c00], 288223779124166178
[0xffffdef21bf8, 0xffff800080010c00], 288223779124165570
[0xffffdef178f4, 0xffff800080010c00], 288223779124166222
[0xffffdef2687c, 0xffff800080010c00], 288223779124165264
[0xffffdef202c0, 0xffff800080010c00], 288223779124165670
5000000 instrs 
[0xffffdef1c8f8, 0xffff800080010c00], 288223779124165902
[0xffffdef21a40, 0xffff800080010c00], 288223779124165576
[0xffffdef195a0, 0xffff800080010c00], 288223779124166107
[0xffffdef18480, 0xffff800080010c00], 288223779124166175
[0xffffdef21a40, 0xffff800080010c00], 288223779124165576
[0xffffdef1cab8, 0xffff800080010c00], 288223779124165895
[0xffffdef18480, 0xffff800080010c00], 288223779124166175
[0xffffdef183ec, 0xffff800080010c00], 288223779124166178
[0xffffdef21bf8, 0xffff800080010c00], 288223779124165570
[0xffffdef178f4, 0xffff800080010c00], 288223779124166222
[0xffffdef2687c, 0xffff800080010c00], 288223779124165264
[0xffffdef202c0, 0xffff800080010c00], 288223779124165670
[0xffffdef1c8f8, 0xffff800080010c00], 288223779124165902
[0xffffdef21a40, 0xffff800080010c00], 288223779124165576
[0xffffdef195a0, 0xffff800080010c00], 288223779124166107
[0xffffdef18480, 0xffff800080010c00], 288223779124166175
[0xffffdef21a40, 0xffff800080010c00], 288223779124165576
[0xffffdef1cab8, 0xffff800080010c00], 288223779124165895
[0xffffdef18480, 0xffff800080010c00], 288223779124166175
[0xffffdef183ec, 0xffff800080010c00], 288223779124166178
[0xffffdef21bf8, 0xffff800080010c00], 288223779124165570
[0xaaaab17cedfc, 0xffff800080010c00], 288225245129216122
[0xffffdef178f4, 0xffff800080010c00], 288223779124166222
[0xffffdef2687c, 0xffff800080010c00], 288223779124165264
[0xffffdef202c0, 0xffff800080010c00], 288223779124165670
[0xffffdef1c8f8, 0xffff800080010c00], 288223779124165902
[0xffffdef21a40, 0xffff800080010c00], 288223779124165576
[0xffffdef195a0, 0xffff800080010c00], 288223779124166107
[0xffffdef18480, 0xffff800080010c00], 288223779124166175
[0xffffdef21a40, 0xffff800080010c00], 288223779124165576
[0xffffdef1cab8, 0xffff800080010c00], 288223779124165895
[0xffffdef18480, 0xffff800080010c00], 288223779124166175
[0xaaaab17cedfc, 0xffff800080010c00], 288225245129216122
[0xffffdef183ec, 0xffff800080010c00], 288223779124166178
[0xffffdef21bf8, 0xffff800080010c00], 288223779124165570
[0xffffdef178f4, 0xffff800080010c00], 288223779124166222
[0xffffdef2687c, 0xffff800080010c00], 288223779124165264
[0xffffdef202c0, 0xffff800080010c00], 288223779124165670
[0xffffdef1c8f8, 0xffff800080010c00], 288223779124165902
[0xffffdef21a40, 0xffff800080010c00], 288223779124165576
[0xffffdef195a0, 0xffff800080010c00], 288223779124166107
[0xffffdef18480, 0xffff800080010c00], 288223779124166175
[0xffffdef21a40, 0xffff800080010c00], 288223779124165576
[0xffffdef1cab8, 0xffff800080010c00], 288223779124165895
[0xffffdef18480, 0xffff800080010c00], 288223779124166175
[0xffffdef183ec, 0xffff800080010c00], 288223779124166178
[0xffffdef21bf8, 0xffff800080010c00], 288223779124165570
[0xffffdef178f4, 0xffff800080010c00], 288223779124166222
[0xffffdef2687c, 0xffff800080010c00], 288223779124165264
[0xffffdef202c0, 0xffff800080010c00], 288223779124165670
[0xffffdef1c8f8, 0xffff800080010c00], 288223779124165902
[0xffffdef21a40, 0xffff800080010c00], 288223779124165576
[0xffffdef195a0, 0xffff800080010c00], 288223779124166107
[0xffffdef18480, 0xffff800080010c00], 288223779124166175
[0xffffdef21a40, 0xffff800080010c00], 288223779124165576
[0xffffdef1cab8, 0xffff800080010c00], 288223779124165895
[0xaaaab17cedfc, 0xffff800080010c00], 288225245129216122
[0xffffdef18480, 0xffff800080010c00], 288223779124166175
[0xffffdef183ec, 0xffff800080010c00], 288223779124166178
[0xffffdef21bf8, 0xffff800080010c00], 288223779124165570
[0xffffdef178f4, 0xffff800080010c00], 288223779124166222
[0xffffdef2687c, 0xffff800080010c00], 288223779124165264
[0xffffdef202c0, 0xffff800080010c00], 288223779124165670
[0xffffdef1c8f8, 0xffff800080010c00], 288223779124165902
[0xffffdef21a40, 0xffff800080010c00], 288223779124165576
[0xffffdef195a0, 0xffff800080010c00], 288223779124166107
[0xffffdef18480, 0xffff800080010c00], 288223779124166175
[0xffffdef21a40, 0xffff800080010c00], 288223779124165576
[0xaaaab17cedfc, 0xffff800080010c00], 288225245129216122
[0xffffdef1cab8, 0xffff800080010c00], 288223779124165895
[0xffffdef18480, 0xffff800080010c00], 288223779124166175
[0xffffdef183ec, 0xffff800080010c00], 288223779124166178
[0xffffdef21bf8, 0xffff800080010c00], 288223779124165570
[0xffffdef178f4, 0xffff800080010c00], 288223779124166222
[0xffffdef2687c, 0xffff800080010c00], 288223779124165264
[0xffffdef202c0, 0xffff800080010c00], 288223779124165670
[0xffffdef1c8f8, 0xffff800080010c00], 288223779124165902
[0xffffdef21a40, 0xffff800080010c00], 288223779124165576
[0xffffdef195a0, 0xffff800080010c00], 288223779124166107
[0xffffdef18480, 0xffff800080010c00], 288223779124166175
[0xffffdef21a40, 0xffff800080010c00], 288223779124165576
[0xffffdef1cab8, 0xffff800080010c00], 288223779124165895
[0xffffdef18480, 0xffff800080010c00], 288223779124166175
[0xffffdef183ec, 0xffff800080010c00], 288223779124166178
[0xffffdef21bf8, 0xffff800080010c00], 288223779124165570
[0xffffdef178f4, 0xffff800080010c00], 288223779124166222
[0xffffdef2687c, 0xffff800080010c00], 288223779124165264
[0xffffdef202c0, 0xffff800080010c00], 288223779124165670
[0xffffdef1c8f8, 0xffff800080010c00], 288223779124165902
[0xffffdef21a40, 0xffff800080010c00], 288223779124165576
[0xffffdef195a0, 0xffff800080010c00], 288223779124166107
[0xffffdef18480, 0xffff800080010c00], 288223779124166175
[0xffffdef21a40, 0xffff800080010c00], 288223779124165576
[0xffffdef1cab8, 0xffff800080010c00], 288223779124165895
[0xffffdef18480, 0xffff800080010c00], 288223779124166175
[0xffffdef183ec, 0xffff800080010c00], 288223779124166178
[0xffffdef21bf8, 0xffff800080010c00], 288223779124165570
[0xffffdef21cc0, 0xffff800080010c00], 288223779124165566
[0xaaaab17cedfc, 0xffff800080010c00], 288225245129216122
[0xffffdef178f4, 0xffff800080010c00], 288223779124166222
[0xffffdef2687c, 0xffff800080010c00], 288223779124165264
[0xffffdef202c0, 0xffff800080010c00], 288223779124165670
[0xffffdef1c8f8, 0xffff800080010c00], 288223779124165902
[0xffffdef21a40, 0xffff800080010c00], 288223779124165576
[0xffffdef195a0, 0xffff800080010c00], 288223779124166107
[0xffffdef18480, 0xffff800080010c00], 288223779124166175
[0xffffdef21a40, 0xffff800080010c00], 288223779124165576
[0xaaaab17cedfc, 0xffff800080010c00], 288225245129216122
[0xffffdef1cab8, 0xffff800080010c00], 288223779124165895
[0xffffdef18480, 0xffff800080010c00], 288223779124166175
[0xffffdef183ec, 0xffff800080010c00], 288223779124166178
[0xffffdef21bf8, 0xffff800080010c00], 288223779124165570
[0xffffdef178f4, 0xffff800080010c00], 288223779124166222
[0xffffdef2687c, 0xffff800080010c00], 288223779124165264
[0xffffdef202c0, 0xffff800080010c00], 288223779124165670
[0xffffdef1c8f8, 0xffff800080010c00], 288223779124165902
[0xffffdef21a40, 0xffff800080010c00], 288223779124165576
[0xffffdef195a0, 0xffff800080010c00], 288223779124166107
[0xffffdef18480, 0xffff800080010c00], 288223779124166175
[0xffffdef21a40, 0xffff800080010c00], 288223779124165576
[0xffffdef1cab8, 0xffff800080010c00], 288223779124165895
[0xffffdef21cc0, 0xffff800080010c00], 288223779124165566
[0xaaaab17cedfc, 0xffff800080010c00], 288225245129216122
[0xffffdef18480, 0xffff800080010c00], 288223779124166175
[0xffffdef183ec, 0xffff800080010c00], 288223779124166178
[0xffffdef21bf8, 0xffff800080010c00], 288223779124165570
[0xffffdef178f4, 0xffff800080010c00], 288223779124166222
[0xffffdef2687c, 0xffff800080010c00], 288223779124165264
[0xffffdef202c0, 0xffff800080010c00], 288223779124165670
[0xffffdef1c8f8, 0xffff800080010c00], 288223779124165902
[0xffffdef21a40, 0xffff800080010c00], 288223779124165576
[0xffffdef195a0, 0xffff800080010c00], 288223779124166107
[0xffffdef18480, 0xffff800080010c00], 288223779124166175
[0xffffdef21a40, 0xffff800080010c00], 288223779124165576
[0xffffdef1cab8, 0xffff800080010c00], 288223779124165895
[0xffffdef18480, 0xffff800080010c00], 288223779124166175
[0xffffdef183ec, 0xffff800080010c00], 288223779124166178
[0xffffdef21bf8, 0xffff800080010c00], 288223779124165570
[0xffffdef178f4, 0xffff800080010c00], 288223779124166222
[0xffffdef2687c, 0xffff800080010c00], 288223779124165264
[0xffffdef202c0, 0xffff800080010c00], 288223779124165670
[0xffffdef1c8f8, 0xffff800080010c00], 288223779124165902
[0xffffdef21a40, 0xffff800080010c00], 288223779124165576
[0xffffdef195a0, 0xffff800080010c00], 288223779124166107
[0xffffdef18480, 0xffff800080010c00], 288223779124166175
[0xffffdef21a40, 0xffff800080010c00], 288223779124165576
[0xffffdef1cab8, 0xffff800080010c00], 288223779124165895
[0xffffdef18480, 0xffff800080010c00], 288223779124166175
[0xffffdef183ec, 0xffff800080010c00], 288223779124166178
[0xffffdef21bf8, 0xffff800080010c00], 288223779124165570
[0xaaaab17cedfc, 0xffff800080010c00], 288225245129216122
[0xffffdeebbd24, 0xffff800080010c00], 288223779124172093
[0xffffdeeba060, 0xffff800080010c00], 288223779124172208
[0xffffdef178f4, 0xffff800080010c00], 288223779124166222
[0xffffdef1cab8, 0xffff800080010c00], 288223779124165895
[0xffffdef15db4, 0xffff800080010c00], 288223779124166331
[0xffffdef1cab8, 0xffff800080010c00], 288223779124165895
[0xffffdef15db4, 0xffff800080010c00], 288223779124166331
[0xffffdeebbd24, 0xffff800080010c00], 288223779124172093
[0xffffdef21a40, 0xffff800080010c00], 288223779124165576
[0xaaaab386d2d8, 0xffff800080010c00], 288225245128681702
[0xaaaab4475ff4, 0xffff800080010c00], 288225245128484530
[0xaaaab2808a10, 0xffff800080010c00], 288225245128950281
[0xaaaab267a940, 0xffff800080010c00], 288225245128975756
[0xffffdef21a40, 0xffff800080010c00], 288223779124165576
[0xaaaab17cedfc, 0xffff800080010c00], 288225245129216122
[0xffffdef21a40, 0xffff800080010c00], 288223779124165576
[0xffffdeeb9dd8, 0xffff800080010c00], 288223779124172218
[0xffffdeeba060, 0xffff800080010c00], 288223779124172208
[0xffffdeeb9dd8, 0xffff800080010c00], 288223779124172218
[0xffffdef21a40, 0xffff800080010c00], 288223779124165576
[0xaaaab17cedfc, 0xffff800080010c00], 288225245129216122
[0xaaaab25e05e4, 0xffff800080010c00], 288225245128985626
[0xaaaab25e05a4, 0xffff800080010c00], 288225245128985627
[0xaaaab52ac028, 0xffff800080010c00], 288225245128251697
[0xffffdef21cc0, 0xffff800080010c00], 288223779124165566
[0xaaaab1900e48, 0xffff800080010c00], 288225245129196536
[0xaaaab17cedfc, 0xffff800080010c00], 288225245129216122
[0xffffdef21a40, 0xffff800080010c00], 288223779124165576
[0xffffdef21a40, 0xffff800080010c00], 288223779124165576
[0xffffdef21a40, 0xffff800080010c00], 288223779124165576
[0xffffdef21a40, 0xffff800080010c00], 288223779124165576
[0xffffdef21a40, 0xffff800080010c00], 288223779124165576
[0xffffdef21a40, 0xffff800080010c00], 288223779124165576
[0xffffdef21a40, 0xffff800080010c00], 288223779124165576
[0xffffdef21a40, 0xffff800080010c00], 288223779124165576
[0xffffdef21a40, 0xffff800080010c00], 288223779124165576
[0xffffdef21a40, 0xffff800080010c00], 288223779124165576
[0xffffdef21a40, 0xffff800080010c00], 288223779124165576
[0xffffdef21a40, 0xffff800080010c00], 288223779124165576
[0xffffdef21a40, 0xffff800080010c00], 288223779124165576
[0xffffdef21a40, 0xffff800080010c00], 288223779124165576
[0xffffdef21a40, 0xffff800080010c00], 288223779124165576
[0xffffdef21a40, 0xffff800080010c00], 288223779124165576
[0xffffdef21a40, 0xffff800080010c00], 288223779124165576
[0xffffdef21a40, 0xffff800080010c00], 288223779124165576
[0xffffdef21a40, 0xffff800080010c00], 288223779124165576
[0xffffdef21a40, 0xffff800080010c00], 288223779124165576
[0xffffdef21a40, 0xffff800080010c00], 288223779124165576
[0xffffdef21a40, 0xffff800080010c00], 288223779124165576
[0xffffdef21a40, 0xffff800080010c00], 288223779124165576
[0xffffdef21a40, 0xffff800080010c00], 288223779124165576
[0xffffdef21a40, 0xffff800080010c00], 288223779124165576
[0xffffdef21a40, 0xffff800080010c00], 288223779124165576
[0xaaaab1d18490, 0xffff800080010c00], 288225245129129503
[0xffffdef21a40, 0xffff800080010c00], 288223779124165576
[0xffffdef21a40, 0xffff800080010c00], 288223779124165576
[0xffffdef21a40, 0xffff800080010c00], 288223779124165576
[0xffffdef21a40, 0xffff800080010c00], 288223779124165576
[0xffffdef21a40, 0xffff800080010c00], 288223779124165576
[0xffffdef21a40, 0xffff800080010c00], 288223779124165576
[0xffffdef21a40, 0xffff800080010c00], 288223779124165576
[0xaaaab4c7e338, 0xffff800080010c00], 288225245128352933
[0xffffdef21cc0, 0xffff800080010c00], 288223779124165566
[0xaaaab17cedfc, 0xffff800080010c00], 288225245129216122
[0xaaaab17c05c8, 0xffff800080010c80], 288225245129217052
[0xffffdeeba060, 0xffff800080010c00], 288223779124172208
[0xffffdef27e10, 0xffff800080010c00], 288223779124165177
[0xffffdef27e10, 0xffff800080010c00], 288223779124165177
[0xffffdeeb9dd8, 0xffff800080010c00], 288223779124172218
[0xffffdef27d30, 0xffff800080010c00], 288223779124165181
[0xffffdef25e98, 0xffff800080010c00], 288223779124165303
[0xffffdef25e98, 0xffff800080010c00], 288223779124165303
[0xffffdef25e98, 0xffff800080010c00], 288223779124165303
[0xffffdef17bac, 0xffff800080010c00], 288223779124166211
[0xffffdef27d30, 0xffff800080010c00], 288223779124165181
[0xffffdef27d30, 0xffff800080010c00], 288223779124165181
[0xffffdef27e10, 0xffff800080010c00], 288223779124165177
[0xffffdef25e98, 0xffff800080010c00], 288223779124165303
[0xffffdef27e10, 0xffff800080010c00], 288223779124165177
[0xffffdef25e98, 0xffff800080010c00], 288223779124165303
[0xffffdef27e10, 0xffff800080010c00], 288223779124165177
[0xffffdef25e98, 0xffff800080010c00], 288223779124165303
[0xffffdef27e10, 0xffff800080010c00], 288223779124165177
[0xffffdef25e98, 0xffff800080010c00], 288223779124165303
[0xffffdef27e10, 0xffff800080010c00], 288223779124165177
[0xffffdef25e98, 0xffff800080010c00], 288223779124165303
[0xffffdef27e10, 0xffff800080010c00], 288223779124165177
[0xffffdef25e98, 0xffff800080010c00], 288223779124165303
[0xffffdef27ef0, 0xffff800080010c00], 288223779124165174
[0xffffdef183ec, 0xffff800080010c00], 288223779124166178
[0xffffdef25e98, 0xffff800080010c00], 288223779124165303
[0xffffdef27ef0, 0xffff800080010c00], 288223779124165174
[0xffffdef183ec, 0xffff800080010c00], 288223779124166178
[0xffffdef25e98, 0xffff800080010c00], 288223779124165303
[0xffffdef27ef0, 0xffff800080010c00], 288223779124165174
[0xffffdef183ec, 0xffff800080010c00], 288223779124166178
[0xffffdef25e98, 0xffff800080010c00], 288223779124165303
[0xffffdef27ef0, 0xffff800080010c00], 288223779124165174
[0xffffdef183ec, 0xffff800080010c00], 288223779124166178
[0xffffdef25e98, 0xffff800080010c00], 288223779124165303
[0xffffdef27ef0, 0xffff800080010c00], 288223779124165174
[0xffffdef183ec, 0xffff800080010c00], 288223779124166178
[0xffffdef25e98, 0xffff800080010c00], 288223779124165303
[0xffffdef27ef0, 0xffff800080010c00], 288223779124165174
[0xffffdef183ec, 0xffff800080010c00], 288223779124166178
[0xffffdef25e98, 0xffff800080010c00], 288223779124165303
[0xffffdef27ef0, 0xffff800080010c00], 288223779124165174
[0xffffdef183ec, 0xffff800080010c00], 288223779124166178
[0xffffdef25e98, 0xffff800080010c00], 288223779124165303
[0xffffdef27ef0, 0xffff800080010c00], 288223779124165174
[0xffffdef183ec, 0xffff800080010c00], 288223779124166178
[0xffffdef25e98, 0xffff800080010c00], 288223779124165303
[0xffffdef27ef0, 0xffff800080010c00], 288223779124165174
[0xffffdef183ec, 0xffff800080010c00], 288223779124166178
[0xffffdef25e98, 0xffff800080010c00], 288223779124165303
[0xffffdef27ef0, 0xffff800080010c00], 288223779124165174
[0xffffdef183ec, 0xffff800080010c00], 288223779124166178
[0xffffdef25e98, 0xffff800080010c00], 288223779124165303
[0xffffdef27ef0, 0xffff800080010c00], 288223779124165174
[0xffffdef183ec, 0xffff800080010c00], 288223779124166178
[0xffffdef25e98, 0xffff800080010c00], 288223779124165303
[0xffffdef27ef0, 0xffff800080010c00], 288223779124165174
[0xffffdef183ec, 0xffff800080010c00], 288223779124166178
[0xffffdef25e98, 0xffff800080010c00], 288223779124165303
[0xffffdef27ef0, 0xffff800080010c00], 288223779124165174
[0xffffdef183ec, 0xffff800080010c00], 288223779124166178
[0xffffdef25e98, 0xffff800080010c00], 288223779124165303
[0xffffdef27ef0, 0xffff800080010c00], 288223779124165174
[0xffffdef183ec, 0xffff800080010c00], 288223779124166178
[0xffffdef25e98, 0xffff800080010c00], 288223779124165303
[0xffffdef27ef0, 0xffff800080010c00], 288223779124165174
[0xffffdef183ec, 0xffff800080010c00], 288223779124166178
[0xffffdef25e98, 0xffff800080010c00], 288223779124165303
[0xffffdef27ef0, 0xffff800080010c00], 288223779124165174
[0xffffdef183ec, 0xffff800080010c00], 288223779124166178
[0xffffdef25e98, 0xffff800080010c00], 288223779124165303
[0xffffdef27ef0, 0xffff800080010c00], 288223779124165174
[0xffffdef183ec, 0xffff800080010c00], 288223779124166178
[0xffffdef25e98, 0xffff800080010c00], 288223779124165303
[0xffffdef27ef0, 0xffff800080010c00], 288223779124165174
[0xffffdef183ec, 0xffff800080010c00], 288223779124166178
[0xffffdef25e98, 0xffff800080010c00], 288223779124165303
[0xffffdef27ef0, 0xffff800080010c00], 288223779124165174
[0xffffdef183ec, 0xffff800080010c00], 288223779124166178
[0xffffdef25e98, 0xffff800080010c00], 288223779124165303
[0xffffdeed7e98, 0xffff800080010c00], 288223779124170295
[0xffffdef27e10, 0xffff800080010c00], 288223779124165177
[0xffffdef25e98, 0xffff800080010c00], 288223779124165303
[0xffffdef25e98, 0xffff800080010c00], 288223779124165303
[0xffffdef27d30, 0xffff800080010c00], 288223779124165181
[0xffffdef1cab8, 0xffff800080010c00], 288223779124165895
[0xffffdef1cab8, 0xffff800080010c00], 288223779124165895
[0xffffdeebbd24, 0xffff800080010c00], 288223779124172093
[0xffffdef25e98, 0xffff800080010c00], 288223779124165303
[0xffffdef27d30, 0xffff800080010c00], 288223779124165181
[0xffffdef1cab8, 0xffff800080010c00], 288223779124165895
[0xffffdef1cab8, 0xffff800080010c00], 288223779124165895
[0xffffdef25e98, 0xffff800080010c00], 288223779124165303
[0xffffdef27d30, 0xffff800080010c00], 288223779124165181
[0xffffdef1cab8, 0xffff800080010c00], 288223779124165895
[0xffffdef1cab8, 0xffff800080010c00], 288223779124165895
[0xffffdef25e98, 0xffff800080010c00], 288223779124165303
[0xffffdef27d30, 0xffff800080010c00], 288223779124165181
[0xffffdef1cab8, 0xffff800080010c00], 288223779124165895
[0xffffdef1cab8, 0xffff800080010c00], 288223779124165895
[0xffffdef25e98, 0xffff800080010c00], 288223779124165303
[0xffffdef27d30, 0xffff800080010c00], 288223779124165181
[0xffffdef1cab8, 0xffff800080010c00], 288223779124165895
[0xffffdef1cab8, 0xffff800080010c00], 288223779124165895
[0xffffdef25e98, 0xffff800080010c00], 288223779124165303
[0xffffdef27d30, 0xffff800080010c00], 288223779124165181
[0xffffdef1cab8, 0xffff800080010c00], 288223779124165895
[0xffffdef1cab8, 0xffff800080010c00], 288223779124165895
[0xffffdef21cc0, 0xffff800080010c00], 288223779124165566
[0xaaaab17cedfc, 0xffff800080010c00], 288225245129216122
[0xffffdef25e98, 0xffff800080010c00], 288223779124165303
[0xffffdef27d30, 0xffff800080010c00], 288223779124165181
[0xffffdef1cab8, 0xffff800080010c00], 288223779124165895
[0xffffdef1cab8, 0xffff800080010c00], 288223779124165895
[0xffffdef25e98, 0xffff800080010c00], 288223779124165303
[0xffffdef27d30, 0xffff800080010c00], 288223779124165181
[0xffffdef1cab8, 0xffff800080010c00], 288223779124165895
[0xffffdef1cab8, 0xffff800080010c00], 288223779124165895
[0xffffdef25e98, 0xffff800080010c00], 288223779124165303
[0xffffdef27d30, 0xffff800080010c00], 288223779124165181
[0xffffdef1cab8, 0xffff800080010c00], 288223779124165895
[0xffffdef1cab8, 0xffff800080010c00], 288223779124165895
[0xffffdef25e98, 0xffff800080010c00], 288223779124165303
[0xffffdef27d30, 0xffff800080010c00], 288223779124165181
[0xffffdef1cab8, 0xffff800080010c00], 288223779124165895
[0xffffdef1cab8, 0xffff800080010c00], 288223779124165895
[0xffffdef25e98, 0xffff800080010c00], 288223779124165303
[0xffffdef27d30, 0xffff800080010c00], 288223779124165181
[0xffffdef1cab8, 0xffff800080010c00], 288223779124165895
[0xffffdef1cab8, 0xffff800080010c00], 288223779124165895
[0xaaaab17cedfc, 0xffff800080010c00], 288225245129216122
[0xffffdef25e98, 0xffff800080010c00], 288223779124165303
[0xffffdef27d30, 0xffff800080010c00], 288223779124165181
[0xffffdef1cab8, 0xffff800080010c00], 288223779124165895
[0xffffdef1cab8, 0xffff800080010c00], 288223779124165895
[0xffffdef25e98, 0xffff800080010c00], 288223779124165303
[0xffffdef27d30, 0xffff800080010c00], 288223779124165181
[0xffffdef1cab8, 0xffff800080010c00], 288223779124165895
[0xffffdef1cab8, 0xffff800080010c00], 288223779124165895
[0xffffdef25e98, 0xffff800080010c00], 288223779124165303
[0xffffdef27d30, 0xffff800080010c00], 288223779124165181
[0xffffdef1cab8, 0xffff800080010c00], 288223779124165895
[0xffffdef1cab8, 0xffff800080010c00], 288223779124165895
[0xffffdef25e98, 0xffff800080010c00], 288223779124165303
[0xffffdef27d30, 0xffff800080010c00], 288223779124165181
[0xffffdef1cab8, 0xffff800080010c00], 288223779124165895
[0xffffdef1cab8, 0xffff800080010c00], 288223779124165895
[0xffffdef25e98, 0xffff800080010c00], 288223779124165303
[0xffffdef27d30, 0xffff800080010c00], 288223779124165181
[0xffffdef1cab8, 0xffff800080010c00], 288223779124165895
[0xaaaab17cedfc, 0xffff800080010c00], 288225245129216122
[0xffffdef1cab8, 0xffff800080010c00], 288223779124165895
[0xffffdef25e98, 0xffff800080010c00], 288223779124165303
[0xffffdef27d30, 0xffff800080010c00], 288223779124165181
[0xffffdef1cab8, 0xffff800080010c00], 288223779124165895
[0xffffdef1cab8, 0xffff800080010c00], 288223779124165895
[0xffffdef25e98, 0xffff800080010c00], 288223779124165303
[0xffffdef27d30, 0xffff800080010c00], 288223779124165181
[0xffffdef1cab8, 0xffff800080010c00], 288223779124165895
[0xffffdef1cab8, 0xffff800080010c00], 288223779124165895
[0xffffdef25e98, 0xffff800080010c00], 288223779124165303
[0xffff8000802c0768, 0x80000d00], 2199023210520
10000000 instrs 
[0xffffdef27d30, 0xffff800080010c00], 288223779124165181
[0xffffdef1cab8, 0xffff800080010c00], 288223779124165895
[0xffffdef1cab8, 0xffff800080010c00], 288223779124165895
[0xffffdef25e98, 0xffff800080010c00], 288223779124165303
[0xffffdef25e98, 0xffff800080010c00], 288223779124165303
[0xffffdeeba060, 0xffff800080010c00], 288223779124172208
[0xffffdef21bf8, 0xffff800080010c00], 288223779124165570
[0xffffdef183ec, 0xffff800080010c00], 288223779124166178
[0xffffdef21bf8, 0xffff800080010c00], 288223779124165570
[0xffffdef183ec, 0xffff800080010c00], 288223779124166178
[0xffffdef21bf8, 0xffff800080010c00], 288223779124165570
[0xffffdef183ec, 0xffff800080010c00], 288223779124166178
[0xaaaab17cedfc, 0xffff800080010c00], 288225245129216122
[0xffffdef21bf8, 0xffff800080010c00], 288223779124165570
[0xffffdef183ec, 0xffff800080010c00], 288223779124166178
[0xffffdef21bf8, 0xffff800080010c00], 288223779124165570
[0xffffdef183ec, 0xffff800080010c00], 288223779124166178
[0xffffdef21bf8, 0xffff800080010c00], 288223779124165570
[0xffffdef183ec, 0xffff800080010c00], 288223779124166178
[0xffffdef21bf8, 0xffff800080010c00], 288223779124165570
[0xaaaab17cedfc, 0xffff800080010c00], 288225245129216122
[0xffffdef183ec, 0xffff800080010c00], 288223779124166178
[0xffffdef21bf8, 0xffff800080010c00], 288223779124165570
[0xffffdef183ec, 0xffff800080010c00], 288223779124166178
[0xffffdef21bf8, 0xffff800080010c00], 288223779124165570
[0xffffdef183ec, 0xffff800080010c00], 288223779124166178
[0xffffdef21bf8, 0xffff800080010c00], 288223779124165570
[0xffffdef183ec, 0xffff800080010c00], 288223779124166178
[0xffffdef21bf8, 0xffff800080010c00], 288223779124165570
[0xffffdef183ec, 0xffff800080010c00], 288223779124166178
[0xffffdef21bf8, 0xffff800080010c00], 288223779124165570
[0xffffdef183ec, 0xffff800080010c00], 288223779124166178
[0xffffdef21bf8, 0xffff800080010c00], 288223779124165570
[0xffffdef183ec, 0xffff800080010c00], 288223779124166178
[0xffffdef21bf8, 0xffff800080010c00], 288223779124165570
[0xffffdef183ec, 0xffff800080010c00], 288223779124166178
[0xffffdef21bf8, 0xffff800080010c00], 288223779124165570
[0xaaaab17cedfc, 0xffff800080010c00], 288225245129216122
[0xffffdef183ec, 0xffff800080010c00], 288223779124166178
[0xffffdef21bf8, 0xffff800080010c00], 288223779124165570
[0xffffdef183ec, 0xffff800080010c00], 288223779124166178
[0xffffdef21bf8, 0xffff800080010c00], 288223779124165570
[0xffffdef183ec, 0xffff800080010c00], 288223779124166178
[0xffffdef21bf8, 0xffff800080010c00], 288223779124165570
[0xffffdef183ec, 0xffff800080010c00], 288223779124166178
[0xffffdef21bf8, 0xffff800080010c00], 288223779124165570
[0xffffdef183ec, 0xffff800080010c00], 288223779124166178
[0xffffdeeb9dd8, 0xffff800080010c00], 288223779124172218
[0xffffdef27d30, 0xffff800080010c00], 288223779124165181
[0xffffdef17c7c, 0xffff800080010c00], 288223779124166208
[0xffffdef21cc0, 0xffff800080010c00], 288223779124165566
[0xffffdeed7e98, 0xffff800080010c00], 288223779124170295
[0xffffdef25e98, 0xffff800080010c00], 288223779124165303
[0xffffdef17bac, 0xffff800080010c00], 288223779124166211
[0xffffdef25e98, 0xffff800080010c00], 288223779124165303
[0xffffdef25e98, 0xffff800080010c00], 288223779124165303
[0xffffdeeb9fe0, 0xffff800080010c00], 288223779124172210
[0xffffdeeba060, 0xffff800080010c00], 288223779124172208
[0xaaaab17cedfc, 0xffff800080010c00], 288225245129216122
[0xaaaab30c4b70, 0xffff800080010c00], 288225245128807172
[0xaaaab30c4b70, 0xffff800080010c00], 288225245128807172
[0xaaaab30c4b70, 0xffff800080010c00], 288225245128807172
[0xaaaab30c4b70, 0xffff800080010c00], 288225245128807172
[0xaaaab30c4b70, 0xffff800080010c00], 288225245128807172
[0xaaaab30c4b70, 0xffff800080010c00], 288225245128807172
[0xaaaab30c4b70, 0xffff800080010c00], 288225245128807172
[0xaaaab30c4b70, 0xffff800080010c00], 288225245128807172
[0xaaaab30c4b70, 0xffff800080010c00], 288225245128807172
[0xaaaab30c4b70, 0xffff800080010c00], 288225245128807172
[0xaaaab30c4b70, 0xffff800080010c00], 288225245128807172
[0xaaaab30c4b70, 0xffff800080010c00], 288225245128807172
[0xaaaab30c4b70, 0xffff800080010c00], 288225245128807172
[0xaaaab30c4b70, 0xffff800080010c00], 288225245128807172
[0xaaaab30c4b70, 0xffff800080010c00], 288225245128807172
[0xaaaab30c4b70, 0xffff800080010c00], 288225245128807172
[0xaaaab30c4b70, 0xffff800080010c00], 288225245128807172
[0xaaaab30c4b70, 0xffff800080010c00], 288225245128807172
[0xaaaab30c4b70, 0xffff800080010c00], 288225245128807172
[0xaaaab30c4b70, 0xffff800080010c00], 288225245128807172
[0xaaaab30c4b70, 0xffff800080010c00], 288225245128807172
[0xaaaab30c4b70, 0xffff800080010c00], 288225245128807172
[0xaaaab30c4b70, 0xffff800080010c00], 288225245128807172
[0xaaaab30c4b70, 0xffff800080010c00], 288225245128807172
[0xaaaab30c4b70, 0xffff800080010c00], 288225245128807172
[0xaaaab30c4b70, 0xffff800080010c00], 288225245128807172
[0xaaaab30c4b70, 0xffff800080010c00], 288225245128807172
[0xaaaab30c4b70, 0xffff800080010c00], 288225245128807172
[0xaaaab30c4b70, 0xffff800080010c00], 288225245128807172
[0xaaaab30c4b70, 0xffff800080010c00], 288225245128807172
[0xaaaab30c4b70, 0xffff800080010c00], 288225245128807172
[0xaaaab30c4b70, 0xffff800080010c00], 288225245128807172
[0xaaaab30c4b70, 0xffff800080010c00], 288225245128807172
[0xaaaab30c4b70, 0xffff800080010c00], 288225245128807172
[0xaaaab30c4b70, 0xffff800080010c00], 288225245128807172
[0xaaaab30c4b70, 0xffff800080010c00], 288225245128807172
[0xaaaab30c4b70, 0xffff800080010c00], 288225245128807172
[0xaaaab30c4b70, 0xffff800080010c00], 288225245128807172
[0xaaaab30c4b70, 0xffff800080010c00], 288225245128807172
[0xaaaab30c4b70, 0xffff800080010c00], 288225245128807172
[0xaaaab30c4b70, 0xffff800080010c00], 288225245128807172
[0xaaaab30c4b70, 0xffff800080010c00], 288225245128807172
[0xaaaab30c4b70, 0xffff800080010c00], 288225245128807172
[0xaaaab30c4b70, 0xffff800080010c00], 288225245128807172
[0xaaaab30c4b70, 0xffff800080010c00], 288225245128807172
[0xaaaab30c4b70, 0xffff800080010c00], 288225245128807172
[0xaaaab30c4b70, 0xffff800080010c00], 288225245128807172
[0xaaaab30c4b70, 0xffff800080010c00], 288225245128807172
[0xaaaab30c4b70, 0xffff800080010c00], 288225245128807172
[0xaaaab30c4b70, 0xffff800080010c00], 288225245128807172
[0xaaaab30c4b70, 0xffff800080010c00], 288225245128807172
[0xaaaab30c4b70, 0xffff800080010c00], 288225245128807172
[0xaaaab30c4b70, 0xffff800080010c00], 288225245128807172
[0xaaaab30c4b70, 0xffff800080010c00], 288225245128807172
[0xaaaab30c4b70, 0xffff800080010c00], 288225245128807172
[0xaaaab30c4b70, 0xffff800080010c00], 288225245128807172
[0xaaaab30c4b70, 0xffff800080010c00], 288225245128807172
[0xaaaab30c4b70, 0xffff800080010c00], 288225245128807172
[0xaaaab30c4b70, 0xffff800080010c00], 288225245128807172
[0xaaaab30c4b70, 0xffff800080010c00], 288225245128807172
[0xaaaab30c4b70, 0xffff800080010c00], 288225245128807172
[0xaaaab30c4b70, 0xffff800080010c00], 288225245128807172
[0xaaaab30c4b70, 0xffff800080010c00], 288225245128807172
[0xaaaab30c4b70, 0xffff800080010c00], 288225245128807172
[0xffffdef17c7c, 0xffff800080010c00], 288223779124166208
[0xffffdef17c7c, 0xffff800080010c00], 288223779124166208
[0xffffdeeb9dd8, 0xffff800080010c00], 288223779124172218
[0xffffdef17bac, 0xffff800080010c00], 288223779124166211
[0xffffdef27e10, 0xffff800080010c00], 288223779124165177
[0xffffdef25e98, 0xffff800080010c00], 288223779124165303
[0xffffdef25e98, 0xffff800080010c00], 288223779124165303
[0xffffdef25e98, 0xffff800080010c00], 288223779124165303
[0xffffdef27d30, 0xffff800080010c00], 288223779124165181
[0xffffdef27e10, 0xffff800080010c00], 288223779124165177
[0xffffdef25e98, 0xffff800080010c00], 288223779124165303
[0xffffdef25e98, 0xffff800080010c00], 288223779124165303
[0xffffdef25e98, 0xffff800080010c00], 288223779124165303
[0xffffdef27d30, 0xffff800080010c00], 288223779124165181
[0xffffdeebbd24, 0xffff800080010c00], 288223779124172093
[0xffffdef25e98, 0xffff800080010c00], 288223779124165303
[0xffffdef25e98, 0xffff800080010c00], 288223779124165303
[0xffffdef25e98, 0xffff800080010c00], 288223779124165303
[0xffffdeeba060, 0xffff800080010c00], 288223779124172208
[0xffffdef21c80, 0xffff800080010c00], 288223779124165567
[0xffffdef183ec, 0xffff800080010c00], 288223779124166178
[0xffffdeed7de4, 0xffff800080010c00], 288223779124170298
[0xffffdeeb9dd8, 0xffff800080010c00], 288223779124172218
[0xffffdef21dc0, 0xffff800080010c00], 288223779124165562
[0xffffdef21a40, 0xffff800080010c00], 288223779124165576
[0xffffdef21a40, 0xffff800080010c00], 288223779124165576
[0xffffdef21a40, 0xffff800080010c00], 288223779124165576
[0xaaaab2964dec, 0xffff800080010c00], 288225245128927994
[0xffffdef21a40, 0xffff800080010c00], 288223779124165576
[0xffffdef21a40, 0xffff800080010c00], 288223779124165576
[0xffffdef21a40, 0xffff800080010c00], 288223779124165576
[0xaaaab17cedfc, 0xffff800080010c00], 288225245129216122
[0xffffdef21cc0, 0xffff800080010c00], 288223779124165566
[0xaaaab2895c70, 0xffff800080010c00], 288225245128941248
[0xaaaab2895c70, 0xffff800080010c00], 288225245128941248
[0xffffdef21cc0, 0xffff800080010c00], 288223779124165566
[0xaaaab2895bfc, 0xffff800080010c00], 288225245128941250
[0xaaaab2895bfc, 0xffff800080010c00], 288225245128941250
[0xffffdef21cc0, 0xffff800080010c00], 288223779124165566
[0xaaaab2895c70, 0xffff800080010c00], 288225245128941248
15000000 instrs 
[0xaaaab17c10d0, 0xffff800080010c00], 288225245129217006
[0xaaaab17cedfc, 0xffff800080010c00], 288225245129216122
[0xaaaab17c10d0, 0xffff800080010c00], 288225245129217006
[0xaaaab28a13a0, 0xffff800080010c00], 288225245128940515
[0xaaaab0b89534, 0xffff800080010c00], 288225245129417181
[0xaaaab181122c, 0xffff800080010c00], 288225245129211881
[0xffffdef21a40, 0xffff800080010c00], 288223779124165576
[0xffffdef21cc0, 0xffff800080010c00], 288223779124165566
[0xffffdeed7e98, 0xffff800080010c00], 288223779124170295
[0xffffdeed7ec0, 0xffff800080010c00], 288223779124170294
[0xffffdef21cc0, 0xffff800080010c00], 288223779124165566
[0xffffdeed7e98, 0xffff800080010c00], 288223779124170295
[0xffffdeed7ec0, 0xffff800080010c00], 288223779124170294
[0xffffdef21cc0, 0xffff800080010c00], 288223779124165566
[0xffffdeed7e98, 0xffff800080010c00], 288223779124170295
[0xffffdeed7ec0, 0xffff800080010c00], 288223779124170294
[0xffffdeed7ec0, 0xffff800080010c00], 288223779124170294
[0xffffdeed7ec0, 0xffff800080010c00], 288223779124170294
[0xffffdef21cc0, 0xffff800080010c00], 288223779124165566
[0xffffdeed7e98, 0xffff800080010c00], 288223779124170295
[0xffffdeed7ec0, 0xffff800080010c00], 288223779124170294
[0xffffdeed7ec0, 0xffff800080010c00], 288223779124170294
[0xffffdeed7ec0, 0xffff800080010c00], 288223779124170294
[0xffffdeed8fe4, 0xffff800080010c00], 288223779124170226
[0xffffdeed9018, 0xffff800080010c00], 288223779124170225
[0xffffdef17c7c, 0xffff800080010c00], 288223779124166208
[0xffffdef17bac, 0xffff800080010c00], 288223779124166211
[0xaaaab17c10d0, 0xffff800080010c00], 288225245129217006
[0xffffdef25e98, 0xffff800080010c00], 288223779124165303
[0xffffdef25e98, 0xffff800080010c00], 288223779124165303
[0xffffdef25e98, 0xffff800080010c00], 288223779124165303
[0xffffdeeb9fe0, 0xffff800080010c00], 288223779124172210
[0xffffdef17bac, 0xffff800080010c00], 288223779124166211
[0xffffdef21cc0, 0xffff800080010c00], 288223779124165566
[0xaaaab2686b90, 0xffff800080010c00], 288225245128974979
[0xaaaab2686bac, 0xffff800080010c00], 288225245128974979
[0xaaaab2686bac, 0xffff800080010c00], 288225245128974979
[0xaaaab2686bac, 0xffff800080010c00], 288225245128974979
[0xaaaab2686bac, 0xffff800080010c00], 288225245128974979
[0xaaaab2686bac, 0xffff800080010c00], 288225245128974979
[0xaaaab17c10d0, 0xffff800080010c00], 288225245129217006
[0xaaaab22e4a24, 0xffff800080010c00], 288225245129034505
[0xaaaab22e4a24, 0xffff800080010c00], 288225245129034505
[0xaaaab22e4a24, 0xffff800080010c00], 288225245129034505
[0xaaaab22e4a24, 0xffff800080010c00], 288225245129034505
[0xaaaab22e4a24, 0xffff800080010c00], 288225245129034505
[0xffffdef21cc0, 0xffff800080010c00], 288223779124165566
[0xaaaab17aabfc, 0xffff800080010c00], 288225245129218434
[0xffffdeed7ec0, 0xffff800080010c00], 288223779124170294
[0xffffdeed7ec0, 0xffff800080010c00], 288223779124170294
[0xffffdeed7ec0, 0xffff800080010c00], 288223779124170294
[0xffffdeed7ec0, 0xffff800080010c00], 288223779124170294
[0xffffdeed7ec0, 0xffff800080010c00], 288223779124170294
[0xffffdef27e10, 0xffff800080010c00], 288223779124165177
[0xffffdef25e98, 0xffff800080010c00], 288223779124165303
[0xffffdef25e98, 0xffff800080010c00], 288223779124165303
[0xffffdef25e98, 0xffff800080010c00], 288223779124165303
[0xffffdef27d30, 0xffff800080010c00], 288223779124165181
[0xffffdeed7e98, 0xffff800080010c00], 288223779124170295
[0xffffdef27d30, 0xffff800080010c00], 288223779124165181
[0xffff800080a22b9c, 0xffff800080010a04], 288230376151546747
[0xffff800080a22cd0, 0xffff800080010a04], 288230376151546742
[0xffff800080a22cd0, 0xffff800080010a04], 288230376151546742
[0xffff800080a22cd0, 0xffff800080010a04], 288230376151546742
[0xffff800080a22cd0, 0xffff800080010a04], 288230376151546742
[0xffffdef21cc0, 0xffff800080010c00], 288223779124165566
[0xffffdeed7e98, 0xffff800080010c00], 288223779124170295
[0xffffdeed7ec0, 0xffff800080010c00], 288223779124170294
[0xffffdeed7ec0, 0xffff800080010c00], 288223779124170294
[0xffffdeed7ec0, 0xffff800080010c00], 288223779124170294
[0xffffdeed7ec0, 0xffff800080010c00], 288223779124170294
[0xffffdeed7ec0, 0xffff800080010c00], 288223779124170294
[0xffffdef17c7c, 0xffff800080010c00], 288223779124166208
[0xffffdef25e98, 0xffff800080010c00], 288223779124165303
[0xffffdef17bac, 0xffff800080010c00], 288223779124166211
[0xffffdef25e98, 0xffff800080010c00], 288223779124165303
[0xffffdef25e98, 0xffff800080010c00], 288223779124165303
[0xffffdeeba060, 0xffff800080010c00], 288223779124172208
[0xaaaab30c4b70, 0xffff800080010c00], 288225245128807172
[0xaaaab30c4b70, 0xffff800080010c00], 288225245128807172
[0xaaaab30c4b70, 0xffff800080010c00], 288225245128807172
[0xaaaab30c4b70, 0xffff800080010c00], 288225245128807172
[0xaaaab30c4b70, 0xffff800080010c00], 288225245128807172
[0xaaaab30c4b70, 0xffff800080010c00], 288225245128807172
[0xaaaab30c4b70, 0xffff800080010c00], 288225245128807172
[0xaaaab30c4b70, 0xffff800080010c00], 288225245128807172
[0xaaaab30c4b70, 0xffff800080010c00], 288225245128807172
[0xaaaab30c4b70, 0xffff800080010c00], 288225245128807172
[0xaaaab30c4b70, 0xffff800080010c00], 288225245128807172
[0xaaaab30c4b70, 0xffff800080010c00], 288225245128807172
[0xaaaab30c4b70, 0xffff800080010c00], 288225245128807172
[0xaaaab30c4b70, 0xffff800080010c00], 288225245128807172
[0xaaaab30c4b70, 0xffff800080010c00], 288225245128807172
[0xaaaab30c4b70, 0xffff800080010c00], 288225245128807172
[0xaaaab30c4b70, 0xffff800080010c00], 288225245128807172
[0xaaaab30c4b70, 0xffff800080010c00], 288225245128807172
[0xaaaab30c4b70, 0xffff800080010c00], 288225245128807172
[0xaaaab30c4b70, 0xffff800080010c00], 288225245128807172
[0xaaaab30c4b70, 0xffff800080010c00], 288225245128807172
[0xaaaab30c4b70, 0xffff800080010c00], 288225245128807172
[0xaaaab30c4b70, 0xffff800080010c00], 288225245128807172
[0xaaaab30c4b70, 0xffff800080010c00], 288225245128807172
[0xaaaab30c4b70, 0xffff800080010c00], 288225245128807172
[0xaaaab30c4b70, 0xffff800080010c00], 288225245128807172
[0xaaaab30c4b70, 0xffff800080010c00], 288225245128807172
[0xaaaab30c4b70, 0xffff800080010c00], 288225245128807172
[0xaaaab30c4b70, 0xffff800080010c00], 288225245128807172
[0xaaaab30c4b70, 0xffff800080010c00], 288225245128807172
[0xaaaab30c4b70, 0xffff800080010c00], 288225245128807172
[0xaaaab30c4b70, 0xffff800080010c00], 288225245128807172
[0xaaaab30c4b70, 0xffff800080010c00], 288225245128807172
[0xaaaab30c4b70, 0xffff800080010c00], 288225245128807172
[0xaaaab30c4b70, 0xffff800080010c00], 288225245128807172
[0xaaaab30c4b70, 0xffff800080010c00], 288225245128807172
[0xaaaab30c4b70, 0xffff800080010c00], 288225245128807172
[0xaaaab30c4b70, 0xffff800080010c00], 288225245128807172
[0xaaaab30c4b70, 0xffff800080010c00], 288225245128807172
[0xaaaab30c4b70, 0xffff800080010c00], 288225245128807172
[0xaaaab30c4b70, 0xffff800080010c00], 288225245128807172
[0xaaaab30c4b70, 0xffff800080010c00], 288225245128807172
[0xaaaab30c4b70, 0xffff800080010c00], 288225245128807172
[0xaaaab30c4b70, 0xffff800080010c00], 288225245128807172
[0xaaaab30c4b70, 0xffff800080010c00], 288225245128807172
[0xaaaab30c4b70, 0xffff800080010c00], 288225245128807172
[0xaaaab30c4b70, 0xffff800080010c00], 288225245128807172
[0xaaaab30c4b70, 0xffff800080010c00], 288225245128807172
[0xaaaab30c4b70, 0xffff800080010c00], 288225245128807172
[0xaaaab30c4b70, 0xffff800080010c00], 288225245128807172
[0xaaaab30c4b70, 0xffff800080010c00], 288225245128807172
[0xaaaab30c4b70, 0xffff800080010c00], 288225245128807172
[0xaaaab30c4b70, 0xffff800080010c00], 288225245128807172
[0xaaaab30c4b70, 0xffff800080010c00], 288225245128807172
[0xaaaab30c4b70, 0xffff800080010c00], 288225245128807172
[0xaaaab30c4b70, 0xffff800080010c00], 288225245128807172
[0xaaaab30c4b70, 0xffff800080010c00], 288225245128807172
[0xaaaab30c4b70, 0xffff800080010c00], 288225245128807172
[0xaaaab30c4b70, 0xffff800080010c00], 288225245128807172
[0xaaaab30c4b70, 0xffff800080010c00], 288225245128807172
[0xaaaab30c4b70, 0xffff800080010c00], 288225245128807172
[0xaaaab30c4b70, 0xffff800080010c00], 288225245128807172
[0xaaaab30c4b70, 0xffff800080010c00], 288225245128807172
[0xaaaab30c4b70, 0xffff800080010c00], 288225245128807172
[0xaaaab29c3344, 0xffff800080010c00], 288225245128921956
[0xffffdef21cc0, 0xffff800080010c00], 288223779124165566
[0xaaaaad3358bc, 0xffff800080010c00], 288225245130340047
[0xaaaaad334ff4, 0xffff800080010c00], 288225245130340082
[0xaaaaad33502c, 0xffff800080010c00], 288225245130340081
[0xaaaaad33502c, 0xffff800080010c00], 288225245130340081
[0xaaaaad33502c, 0xffff800080010c00], 288225245130340081
[0xaaaaad33502c, 0xffff800080010c00], 288225245130340081
[0xaaaaad33502c, 0xffff800080010c00], 288225245130340081
[0xaaaaad33502c, 0xffff800080010c00], 288225245130340081
[0xaaaaad33502c, 0xffff800080010c00], 288225245130340081
[0xaaaaad33502c, 0xffff800080010c00], 288225245130340081
[0xaaaaad33502c, 0xffff800080010c00], 288225245130340081
[0xaaaaad334e9c, 0xffff800080010c00], 288225245130340087
[0xaaaaad334e9c, 0xffff800080010c00], 288225245130340087
[0xaaaaad334f28, 0xffff800080010c00], 288225245130340085
[0xaaaaad334f40, 0xffff800080010c00], 288225245130340084
[0xaaaaad334f40, 0xffff800080010c00], 288225245130340084
[0xaaaaad334f40, 0xffff800080010c00], 288225245130340084
[0xaaaaad334f40, 0xffff800080010c00], 288225245130340084
[0xaaaaad334f40, 0xffff800080010c00], 288225245130340084
[0xaaaaad334f40, 0xffff800080010c00], 288225245130340084
[0xaaaaad334f40, 0xffff800080010c00], 288225245130340084
[0xaaaaad334f40, 0xffff800080010c00], 288225245130340084
[0xaaaaad334f40, 0xffff800080010c00], 288225245130340084
[0xaaaaad334f40, 0x80000d00], 288227444153594616
EOF
-----------------------------------Load Value Correlated Predictor Stats-----------------------------------
Branch Entangling Table Touch: 0
Branch Entangling Table Insert: 0
Branch Entangling Table Load PC Changed: 0
Load-Branch Entangling Table Touch: 0
Load-Branch Entangling Table Insert: 0
Load-Branch Entangling Table Load PC Changed: 0
Load Value Correlated Predictor Predicted: 0
Load Value Correlated Predictor Predicted By Value: 11420
Load Value Correlated Predictor Predicted By Addr: 0
Load Value Correlated Predictor Not Predicted: 0
Load Value Correlated Predictor Not Predicted Due to Entangling Table Miss: 0
Load Value Correlated Predictor Not Predicted Due to Correlation Table Miss: 0
Load Value Correlated Predictor Not Predicted Due to Load Value Tracking Miss: 0
Load Value Correlated Predictor No Load Or Value Late: 0
Load Value Correlated Predictor Load Value Provided by DVTAGE: 0
Load Value Correlated Predictor Not Predicted Due to TAGE High Confidence: 0
Load Value Correlated Predictor Not Predicted Due to Low Correlation Confidence: 0
Load Value Correlated Predictor Correct: 10761
Load Value Correlated Predictor Incorrect: 142
Load Value Correlated Predictor Correct TAGE Correct: 10699
Load Value Correlated Predictor Correct TAGE Incorrect: 62
Load Value Correlated Predictor Incorrect TAGE Correct: 57
Load Value Correlated Predictor Incorrect TAGE Incorrect: 85
Load Inst Bitmap Miss: 753037
Load Inst Bitmap Hit: 3110071
Load Inst Bitmap Max Usage: 1024
Load Value Correlated Predictor Accuracy: Nan
Branch Entangling Table Load PC Changed Ratio: Nan
Load Branch Entangling Table Load PC Changed Ratio: Nan
-----------------------------------------------------------------------------------------------------------
------------------------------------------- Hard Branch Table Stats --------------------------------------
  Update branches:                         2621959
  Update replaces:                           11333
  Update replaces failed:                  1500887
  Update decays:                               131
  Update decayed to zero:                    12895
  Update saturated:                          14025
  Query branches:                          5243919
  Query hard:                               364349
  Query not hard:                          4879570
------------------------------------------------------------------------------------------------

-------------------------------------- Correlation Table Stats ----------------------------------
  Total storage:                                        12.5 KB
  Total table entries:                                  4096
  Update count:                                      5703561
  Update hit:                                        2515477
  Update allocate:                                    412043
  Update dir changed:                                2356626
  Update replacement:                                  69353
  Update inserts:                                      73433
  Update inserts failed:                               71894
  Query hit:                                         1134210
  Query miss:                                        1254307
  Query conf saturated:                                11420
  Query conf low:                                    1122790
  Query direction changed:                           1077500
  Query high conf & direction changed:                     0
-------------------------------------------------------------------------------------------------
WINDOW_SIZE = 1024
FETCH_WIDTH = 16
FETCH_NUM_BRANCH = 16
FETCH_STOP_AT_INDIRECT = 1
FETCH_STOP_AT_TAKEN = 1
FETCH_MODEL_ICACHE = 1
PERFECT_BRANCH_PRED = 0
PERFECT_INDIRECT_PRED = 1
PIPELINE_FILL_LATENCY = 10
NUM_LDST_LANES = 8
NUM_ALU_LANES = 16
MEMORY HIERARCHY CONFIGURATION---------------------
STRIDE Prefetcher = 1
PERFECT_CACHE = 0
WRITE_ALLOCATE = 1
Within-pipeline factors:
	AGEN latency = 1 cycle
	Store Queue (SQ): SQ size = window size, oracle memory disambiguation, store-load forwarding = 1 cycle after store's or load's agen.
	* Note: A store searches the L1$ at commit. The store is released
	* from the SQ and window, whether it hits or misses. Store misses
	* are buffered until the block is allocated and the store is
	* performed in the L1$. While buffered, conflicting loads get
	* the store's data as they would from the SQ.
I$: 128 KB, 8-way set-assoc., 64B block size
L1$: 128 KB, 8-way set-assoc., 64B block size, 3-cycle search latency
L2$: 4 MB, 8-way set-assoc., 64B block size, 12-cycle search latency
L3$: 32 MB, 16-way set-assoc., 128B block size, 50-cycle search latency
Main Memory: 150-cycle fixed search time
---------------------------STORE QUEUE MEASUREMENTS (Full Simulation i.e. Counts Not Reset When Warmup Ends)---------------------------
Number of loads: 4780585
Number of loads that miss in SQ: 3856608 (80.67%)
Number of PFs issued to the memory system 769214
---------------------------------------------------------------------------------------------------------------------------------------
------------------------MEMORY HIERARCHY MEASUREMENTS (Full Simulation i.e. Counts Not Reset When Warmup Ends)-------------------------
I$:
	accesses   = 22980710
	misses     = 120830
	miss ratio = 0.53%
	pf accesses   = 0
	pf misses     = 0
	pf miss ratio = -nan%
L1$:
	accesses   = 7678566
	misses     = 82170
	miss ratio = 1.07%
	pf accesses   = 769214
	pf misses     = 10011
	pf miss ratio = 1.30%
L2$:
	accesses   = 203000
	misses     = 84213
	miss ratio = 41.48%
	pf accesses   = 10011
	pf misses     = 5160
	pf miss ratio = 51.54%
L3$:
	accesses   = 84213
	misses     = 47943
	miss ratio = 56.93%
	pf accesses   = 5160
	pf misses     = 2562
	pf miss ratio = 49.65%
---------------------------------------------------------------------------------------------------------------------------------------
----------------------------------------------Prefetcher (Full Simulation i.e. No Warmup)----------------------------------------------
Num Trainings :4780585
Num Prefetches generated :778096
Num Prefetches issued :1281518
Num Prefetches filtered by PF queue :58714
Num untimely prefetches dropped from PF queue :8882
Num prefetches not issued LDST contention :512304
Num prefetches not issued stride 0 :1250270
---------------------------------------------------------------------------------------------------------------------------------------

-------------------------------ILP LIMIT STUDY (Full Simulation i.e. Counts Not Reset When Warmup Ends)--------------------------------
instructions = 19999796
cycles       = 11051838
CycWP        = 1833810
IPC          = 1.8096

---------------------------------------------------------------------------------------------------------------------------------------

-----------------------------------------------BRANCH PREDICTION MEASUREMENTS (Full Simulation i.e. Counts Not Reset When Warmup Ends)----------------------------------------------
Type                   NumBr     MispBr        mr     mpki
CondDirect          2621960      57451   2.1911%   2.8726
JumpDirect           655800          0   0.0000%   0.0000
JumpIndirect          86298          0   0.0000%   0.0000
JumpReturn           345747          0   0.0000%   0.0000
Not control        19270905          0   0.0000%   0.0000
------------------------------------------------------------------------------------------------------------------------------------------------------------------------------------

------------------------------------------------------DIRECT CONDITIONAL BRANCH PREDICTION MEASUREMENTS (Last 10M instructions)-----------------------------------------------------
       Instr       Cycles      IPC      NumBr     MispBr BrPerCyc MispBrPerCyc        MR     MPKI      CycWP   CycWPAvg   CycWPPKI
    10999796      3294916   3.3384    1436395      24642   0.4359       0.0075   1.7155%   2.2402     675610    27.4170    61.4202
------------------------------------------------------------------------------------------------------------------------------------------------------------------------------------

------------------------------------------------------DIRECT CONDITIONAL BRANCH PREDICTION MEASUREMENTS (Last 25M instructions)-----------------------------------------------------
       Instr       Cycles      IPC      NumBr     MispBr BrPerCyc MispBrPerCyc        MR     MPKI      CycWP   CycWPAvg   CycWPPKI
    19999796     11051838   1.8096    2621960      57451   0.2372       0.0052   2.1911%   2.8726    1833810    31.9195    91.6914
-------------------------------------------------------------------------------------------------------------------------------------------------------------------------------------

---------------------------------------------------------DIRECT CONDITIONAL BRANCH PREDICTION MEASUREMENTS (50 Perc instructions)---------------------------------------------------
       Instr       Cycles      IPC      NumBr     MispBr BrPerCyc MispBrPerCyc        MR     MPKI      CycWP   CycWPAvg   CycWPPKI
    10999796      3294916   3.3384    1436395      24642   0.4359       0.0075   1.7155%   2.2402     675610    27.4170    61.4202
------------------------------------------------------------------------------------------------------------------------------------------------------------------------------------

-------------------------------------DIRECT CONDITIONAL BRANCH PREDICTION MEASUREMENTS (Full Simulation i.e. Counts Not Reset When Warmup Ends)-------------------------------------
       Instr       Cycles      IPC      NumBr     MispBr BrPerCyc MispBrPerCyc        MR     MPKI      CycWP   CycWPAvg   CycWPPKI
    19999796     11051838   1.8096    2621960      57451   0.2372       0.0052   2.1911%   2.8726    1833810    31.9195    91.6914
------------------------------------------------------------------------------------------------------------------------------------------------------------------------------------
 Read 19999796 instrs 

ExecTime = 278.4511921405792
