CMD:bin/cbp.man traces/web/web_17_trace.gz
 (TAGE 1217581)  (LOOP 3648)  (SC 197568) 
 (TOTAL 1418797 bits 173.192993 KB) 
 TAGE Low Bank Used: 6
 TAGE High Bank Used: 15
 (Hard Branch Table 4559)  (Correlation Table 108576)  (Load Value Correlated Predictor Top 40041) 
 (Load Value Correlated Predictor TOTAL 18.698242 KB) 
 (Hard Branch Table 4559)  (Correlation Table 108576)  (Load Value Correlated Predictor Top 40041) 
 (Load Value Correlated Predictor TOTAL 18.698242 KB) 
[0, 0x80002b80], 33554607
[0xaaaab386d4e0, 0xffff800080010c80], 288225245128681696
[0xaaaab288c49c, 0xffff800080010c00], 288225245128941855
[0xaaaab288c4a0, 0xffff800080010c00], 288225245128941855
[0xaaaab1967bc4, 0xffff800080010c00], 288225245129189954
[0xaaaab20a483c, 0xffff800080010c00], 288225245129071377
5000000 instrs 
[0xaaaab274c628, 0xffff800080010c00], 288225245128962329
[0xaaaab2444e34, 0xffff800080010c00], 288225245129011961
[0xaaaab1a64338, 0xffff800080010c00], 288225245129173797
[0xaaaab1e43e04, 0xffff800080010c00], 288225245129110329
[0xaaaab292acd4, 0xffff800080010c00], 288225245128931710
[0xaaaab274c434, 0xffff800080010c00], 288225245128962337
[0xaaaab1f7a4e4, 0xffff800080010c00], 288225245129090462
[0xaaaab292ad5c, 0xffff800080010c00], 288225245128931708
[0xaaaab6306a3c, 0xffff800080010c00], 288225245127983753
[0xaaaab274c628, 0xffff800080010c00], 288225245128962329
[0xaaaab18fec84, 0xffff800080010c00], 288225245129196671
[0xaaaab21f9d7c, 0xffff800080010c00], 288225245129049532
[0xaaaab21f9e44, 0xffff800080010c00], 288225245129049528
[0xffffdeebbd24, 0xffff800080010c00], 288223779124172093
[0xffffdeeb9fe0, 0xffff800080010c00], 288223779124172210
[0xaaaab16c0b08, 0x80000d00], 288227444152487945
10000000 instrs 
[0xffffdef17c7c, 0xffff800080010c00], 288223779124166208
[0xffffdeeb9dd8, 0xffff800080010c00], 288223779124172218
[0xffffdef17bac, 0xffff800080010c00], 288223779124166211
[0xffffdef27e10, 0xffff800080010c00], 288223779124165177
[0xffffdef25e98, 0xffff800080010c00], 288223779124165303
[0xffffdef25e98, 0xffff800080010c00], 288223779124165303
[0xffffdef25e98, 0xffff800080010c00], 288223779124165303
[0xffffdef27d30, 0xffff800080010c00], 288223779124165181
[0xffffdef27e10, 0xffff800080010c00], 288223779124165177
[0xffffdef25e98, 0xffff800080010c00], 288223779124165303
[0xffffdef25e98, 0xffff800080010c00], 288223779124165303
[0xffffdef25e98, 0xffff800080010c00], 288223779124165303
[0xffffdef27d30, 0xffff800080010c00], 288223779124165181
[0xffffdeebbd24, 0xffff800080010c00], 288223779124172093
[0xffffdef25e98, 0xffff800080010c00], 288223779124165303
[0xffffdef25e98, 0xffff800080010c00], 288223779124165303
[0xffffdef25e98, 0xffff800080010c00], 288223779124165303
[0xffffdeeba060, 0xffff800080010c00], 288223779124172208
[0xffffdeed90d0, 0xffff800080010c00], 288223779124170222
[0xaaaaad3358bc, 0xffff800080010c00], 288225245130340047
[0xaaaaad334ff4, 0xffff800080010c00], 288225245130340082
[0xaaaaad33502c, 0xffff800080010c00], 288225245130340081
[0xaaaaad33502c, 0xffff800080010c00], 288225245130340081
[0xaaaaad33502c, 0xffff800080010c00], 288225245130340081
[0xaaaaad33502c, 0xffff800080010c00], 288225245130340081
[0xaaaaad334e9c, 0xffff800080010c00], 288225245130340087
[0xaaaaad334e9c, 0xffff800080010c00], 288225245130340087
[0xaaaaad334e9c, 0xffff800080010c00], 288225245130340087
[0xaaaaad334e9c, 0xffff800080010c00], 288225245130340087
[0xaaaaad334f28, 0xffff800080010c00], 288225245130340085
[0xaaaaad334f40, 0xffff800080010c00], 288225245130340084
[0xaaaaad334f40, 0xffff800080010c00], 288225245130340084
[0xaaaaad334f40, 0xffff800080010c00], 288225245130340084
[0xffffdef17c7c, 0xffff800080010c00], 288223779124166208
[0xffffdef17bac, 0xffff800080010c00], 288223779124166211
[0xffffdef27e10, 0xffff800080010c00], 288223779124165177
[0xffffdef25e98, 0xffff800080010c00], 288223779124165303
[0xffffdef25e98, 0xffff800080010c00], 288223779124165303
[0xffffdef25e98, 0xffff800080010c00], 288223779124165303
[0xffffdef27d30, 0xffff800080010c00], 288223779124165181
[0xffffdef27e10, 0xffff800080010c00], 288223779124165177
[0xffffdef25e98, 0xffff800080010c00], 288223779124165303
[0xffffdef25e98, 0xffff800080010c00], 288223779124165303
[0xffffdef25e98, 0xffff800080010c00], 288223779124165303
[0xffffdef27d30, 0xffff800080010c00], 288223779124165181
[0xffffdef25e98, 0xffff800080010c00], 288223779124165303
[0xffffdef25e98, 0xffff800080010c00], 288223779124165303
[0xffffdef25e98, 0xffff800080010c00], 288223779124165303
[0xaaaab267a800, 0x80000d00], 288227444152230293
15000000 instrs 
EOF
-----------------------------------Load Value Correlated Predictor Stats-----------------------------------
Branch Entangling Table Touch: 0
Branch Entangling Table Insert: 0
Branch Entangling Table Load PC Changed: 0
Load-Branch Entangling Table Touch: 0
Load-Branch Entangling Table Insert: 0
Load-Branch Entangling Table Load PC Changed: 0
Load Value Correlated Predictor Predicted: 0
Load Value Correlated Predictor Predicted By Value: 24451
Load Value Correlated Predictor Predicted By Addr: 0
Load Value Correlated Predictor Not Predicted: 0
Load Value Correlated Predictor Not Predicted Due to Entangling Table Miss: 0
Load Value Correlated Predictor Not Predicted Due to Correlation Table Miss: 0
Load Value Correlated Predictor Not Predicted Due to Load Value Tracking Miss: 0
Load Value Correlated Predictor No Load Or Value Late: 0
Load Value Correlated Predictor Load Value Provided by DVTAGE: 0
Load Value Correlated Predictor Not Predicted Due to TAGE High Confidence: 0
Load Value Correlated Predictor Not Predicted Due to Low Correlation Confidence: 0
Load Value Correlated Predictor Correct: 23770
Load Value Correlated Predictor Incorrect: 486
Load Value Correlated Predictor Correct TAGE Correct: 23728
Load Value Correlated Predictor Correct TAGE Incorrect: 42
Load Value Correlated Predictor Incorrect TAGE Correct: 458
Load Value Correlated Predictor Incorrect TAGE Incorrect: 28
Load Inst Bitmap Miss: 609817
Load Inst Bitmap Hit: 2497125
Load Inst Bitmap Max Usage: 1024
Load Value Correlated Predictor Accuracy: Nan
Branch Entangling Table Load PC Changed Ratio: Nan
Load Branch Entangling Table Load PC Changed Ratio: Nan
-----------------------------------------------------------------------------------------------------------
------------------------------------------- Hard Branch Table Stats --------------------------------------
  Update branches:                         2215425
  Update replaces:                           11890
  Update replaces failed:                  1385791
  Update decays:                               110
  Update decayed to zero:                    11976
  Update saturated:                           1434
  Query branches:                          4430851
  Query hard:                               272142
  Query not hard:                          4158709
------------------------------------------------------------------------------------------------

-------------------------------------- Correlation Table Stats ----------------------------------
  Total storage:                                        12.5 KB
  Total table entries:                                  4096
  Update count:                                      4296675
  Update hit:                                        2018897
  Update allocate:                                     52393
  Update dir changed:                                1844445
  Update replacement:                                   8375
  Update inserts:                                      12150
  Update inserts failed:                                4059
  Query hit:                                          959083
  Query miss:                                         506034
  Query conf saturated:                                24451
  Query conf low:                                     934632
  Query direction changed:                            917894
  Query high conf & direction changed:                     0
-------------------------------------------------------------------------------------------------
WINDOW_SIZE = 1024
FETCH_WIDTH = 16
FETCH_NUM_BRANCH = 16
FETCH_STOP_AT_INDIRECT = 1
FETCH_STOP_AT_TAKEN = 1
FETCH_MODEL_ICACHE = 1
PERFECT_BRANCH_PRED = 0
PERFECT_INDIRECT_PRED = 1
PIPELINE_FILL_LATENCY = 10
NUM_LDST_LANES = 8
NUM_ALU_LANES = 16
MEMORY HIERARCHY CONFIGURATION---------------------
STRIDE Prefetcher = 1
PERFECT_CACHE = 0
WRITE_ALLOCATE = 1
Within-pipeline factors:
	AGEN latency = 1 cycle
	Store Queue (SQ): SQ size = window size, oracle memory disambiguation, store-load forwarding = 1 cycle after store's or load's agen.
	* Note: A store searches the L1$ at commit. The store is released
	* from the SQ and window, whether it hits or misses. Store misses
	* are buffered until the block is allocated and the store is
	* performed in the L1$. While buffered, conflicting loads get
	* the store's data as they would from the SQ.
I$: 128 KB, 8-way set-assoc., 64B block size
L1$: 128 KB, 8-way set-assoc., 64B block size, 3-cycle search latency
L2$: 4 MB, 8-way set-assoc., 64B block size, 12-cycle search latency
L3$: 32 MB, 16-way set-assoc., 128B block size, 50-cycle search latency
Main Memory: 150-cycle fixed search time
---------------------------STORE QUEUE MEASUREMENTS (Full Simulation i.e. Counts Not Reset When Warmup Ends)---------------------------
Number of loads: 3544972
Number of loads that miss in SQ: 2939116 (82.91%)
Number of PFs issued to the memory system 685770
---------------------------------------------------------------------------------------------------------------------------------------
------------------------MEMORY HIERARCHY MEASUREMENTS (Full Simulation i.e. Counts Not Reset When Warmup Ends)-------------------------
I$:
	accesses   = 16850904
	misses     = 88649
	miss ratio = 0.53%
	pf accesses   = 0
	pf misses     = 0
	pf miss ratio = -nan%
L1$:
	accesses   = 5652783
	misses     = 51857
	miss ratio = 0.92%
	pf accesses   = 685770
	pf misses     = 2604
	pf miss ratio = 0.38%
L2$:
	accesses   = 140506
	misses     = 38836
	miss ratio = 27.64%
	pf accesses   = 2604
	pf misses     = 781
	pf miss ratio = 29.99%
L3$:
	accesses   = 38836
	misses     = 23108
	miss ratio = 59.50%
	pf accesses   = 781
	pf misses     = 402
	pf miss ratio = 51.47%
---------------------------------------------------------------------------------------------------------------------------------------
----------------------------------------------Prefetcher (Full Simulation i.e. No Warmup)----------------------------------------------
Num Trainings :3544972
Num Prefetches generated :686181
Num Prefetches issued :938176
Num Prefetches filtered by PF queue :10822
Num untimely prefetches dropped from PF queue :411
Num prefetches not issued LDST contention :252406
Num prefetches not issued stride 0 :893712
---------------------------------------------------------------------------------------------------------------------------------------

-------------------------------ILP LIMIT STUDY (Full Simulation i.e. Counts Not Reset When Warmup Ends)--------------------------------
instructions = 15000021
cycles       = 6119156
CycWP        = 911945
IPC          = 2.4513

---------------------------------------------------------------------------------------------------------------------------------------

-----------------------------------------------BRANCH PREDICTION MEASUREMENTS (Full Simulation i.e. Counts Not Reset When Warmup Ends)----------------------------------------------
Type                   NumBr     MispBr        mr     mpki
CondDirect          2215426      22420   1.0120%   1.4947
JumpDirect           303933          0   0.0000%   0.0000
JumpIndirect         109790          0   0.0000%   0.0000
JumpReturn           178939          0   0.0000%   0.0000
Not control        14042816          0   0.0000%   0.0000
------------------------------------------------------------------------------------------------------------------------------------------------------------------------------------

------------------------------------------------------DIRECT CONDITIONAL BRANCH PREDICTION MEASUREMENTS (Last 10M instructions)-----------------------------------------------------
       Instr       Cycles      IPC      NumBr     MispBr BrPerCyc MispBrPerCyc        MR     MPKI      CycWP   CycWPAvg   CycWPPKI
    10000021      3532486   2.8309    1386914      12150   0.3926       0.0034   0.8760%   1.2150     413058    33.9965    41.3057
------------------------------------------------------------------------------------------------------------------------------------------------------------------------------------

------------------------------------------------------DIRECT CONDITIONAL BRANCH PREDICTION MEASUREMENTS (Last 25M instructions)-----------------------------------------------------
       Instr       Cycles      IPC      NumBr     MispBr BrPerCyc MispBrPerCyc        MR     MPKI      CycWP   CycWPAvg   CycWPPKI
    15000021      6119156   2.4513    2215426      22420   0.3620       0.0037   1.0120%   1.4947     911945    40.6755    60.7962
-------------------------------------------------------------------------------------------------------------------------------------------------------------------------------------

---------------------------------------------------------DIRECT CONDITIONAL BRANCH PREDICTION MEASUREMENTS (50 Perc instructions)---------------------------------------------------
       Instr       Cycles      IPC      NumBr     MispBr BrPerCyc MispBrPerCyc        MR     MPKI      CycWP   CycWPAvg   CycWPPKI
     8000021      2282881   3.5044    1069158       5230   0.4683       0.0023   0.4892%   0.6537     173263    33.1287    21.6578
------------------------------------------------------------------------------------------------------------------------------------------------------------------------------------

-------------------------------------DIRECT CONDITIONAL BRANCH PREDICTION MEASUREMENTS (Full Simulation i.e. Counts Not Reset When Warmup Ends)-------------------------------------
       Instr       Cycles      IPC      NumBr     MispBr BrPerCyc MispBrPerCyc        MR     MPKI      CycWP   CycWPAvg   CycWPPKI
    15000021      6119156   2.4513    2215426      22420   0.3620       0.0037   1.0120%   1.4947     911945    40.6755    60.7962
------------------------------------------------------------------------------------------------------------------------------------------------------------------------------------
 Read 15000021 instrs 

ExecTime = 266.85748076438904
