CMD:bin/cbp.seznec traces/int/int_4_trace.gz
15 25 35 45 55 65 80 95 110 130 155 180 215 250 300 350 415 490 580 680 805 950 1125 1325 1845 2575 3590 5000 
 (TOTAL 1567981 1531 Kbits)
  5000000 instrs 
10000000 instrs 
15000000 instrs 
20000000 instrs 
25000000 instrs 
30000000 instrs 
35000000 instrs 
40000000 instrs 
45000000 instrs 
50000000 instrs 
55000000 instrs 
EOF
WINDOW_SIZE = 1024
FETCH_WIDTH = 16
FETCH_NUM_BRANCH = 16
FETCH_STOP_AT_INDIRECT = 1
FETCH_STOP_AT_TAKEN = 1
FETCH_MODEL_ICACHE = 1
PERFECT_BRANCH_PRED = 0
PERFECT_INDIRECT_PRED = 1
PIPELINE_FILL_LATENCY = 10
NUM_LDST_LANES = 8
NUM_ALU_LANES = 16
MEMORY HIERARCHY CONFIGURATION---------------------
STRIDE Prefetcher = 1
PERFECT_CACHE = 0
WRITE_ALLOCATE = 1
Within-pipeline factors:
	AGEN latency = 1 cycle
	Store Queue (SQ): SQ size = window size, oracle memory disambiguation, store-load forwarding = 1 cycle after store's or load's agen.
	* Note: A store searches the L1$ at commit. The store is released
	* from the SQ and window, whether it hits or misses. Store misses
	* are buffered until the block is allocated and the store is
	* performed in the L1$. While buffered, conflicting loads get
	* the store's data as they would from the SQ.
I$: 128 KB, 8-way set-assoc., 64B block size
L1$: 128 KB, 8-way set-assoc., 64B block size, 3-cycle search latency
L2$: 4 MB, 8-way set-assoc., 64B block size, 12-cycle search latency
L3$: 32 MB, 16-way set-assoc., 128B block size, 50-cycle search latency
Main Memory: 150-cycle fixed search time
---------------------------STORE QUEUE MEASUREMENTS (Full Simulation i.e. Counts Not Reset When Warmup Ends)---------------------------
Number of loads: 15430338
Number of loads that miss in SQ: 12944895 (83.89%)
Number of PFs issued to the memory system 2045387
---------------------------------------------------------------------------------------------------------------------------------------
------------------------MEMORY HIERARCHY MEASUREMENTS (Full Simulation i.e. Counts Not Reset When Warmup Ends)-------------------------
I$:
	accesses   = 68723301
	misses     = 38138
	miss ratio = 0.06%
	pf accesses   = 0
	pf misses     = 0
	pf miss ratio = -nan%
L1$:
	accesses   = 24046369
	misses     = 48129
	miss ratio = 0.20%
	pf accesses   = 2045387
	pf misses     = 12630
	pf miss ratio = 0.62%
L2$:
	accesses   = 86267
	misses     = 27497
	miss ratio = 31.87%
	pf accesses   = 12630
	pf misses     = 11085
	pf miss ratio = 87.77%
L3$:
	accesses   = 27497
	misses     = 16823
	miss ratio = 61.18%
	pf accesses   = 11085
	pf misses     = 5560
	pf miss ratio = 50.16%
---------------------------------------------------------------------------------------------------------------------------------------
----------------------------------------------Prefetcher (Full Simulation i.e. No Warmup)----------------------------------------------
Num Trainings :15430338
Num Prefetches generated :2052680
Num Prefetches issued :4064865
Num Prefetches filtered by PF queue :170555
Num untimely prefetches dropped from PF queue :7293
Num prefetches not issued LDST contention :2019478
Num prefetches not issued stride 0 :4995635
---------------------------------------------------------------------------------------------------------------------------------------

-------------------------------ILP LIMIT STUDY (Full Simulation i.e. Counts Not Reset When Warmup Ends)--------------------------------
instructions = 59999657
cycles       = 13354427
CycWP        = 4827953
IPC          = 4.4929

---------------------------------------------------------------------------------------------------------------------------------------

-----------------------------------------------BRANCH PREDICTION MEASUREMENTS (Full Simulation i.e. Counts Not Reset When Warmup Ends)----------------------------------------------
Type                   NumBr     MispBr        mr     mpki
CondDirect          7683892     221672   2.8849%   3.6946
JumpDirect          1614191          0   0.0000%   0.0000
JumpIndirect         199504          0   0.0000%   0.0000
JumpReturn           784179          0   0.0000%   0.0000
Not control        58441535          0   0.0000%   0.0000
------------------------------------------------------------------------------------------------------------------------------------------------------------------------------------

------------------------------------------------------DIRECT CONDITIONAL BRANCH PREDICTION MEASUREMENTS (Last 10M instructions)-----------------------------------------------------
       Instr       Cycles      IPC      NumBr     MispBr BrPerCyc MispBrPerCyc        MR     MPKI      CycWP   CycWPAvg   CycWPPKI
    10999657      2300033   4.7824    1446743      36042   0.6290       0.0157   2.4913%   3.2766     775054    21.5042    70.4617
------------------------------------------------------------------------------------------------------------------------------------------------------------------------------------

------------------------------------------------------DIRECT CONDITIONAL BRANCH PREDICTION MEASUREMENTS (Last 25M instructions)-----------------------------------------------------
       Instr       Cycles      IPC      NumBr     MispBr BrPerCyc MispBrPerCyc        MR     MPKI      CycWP   CycWPAvg   CycWPPKI
    25999657      5494923   4.7316    3403917      88370   0.6195       0.0161   2.5961%   3.3989    1895631    21.4511    72.9098
-------------------------------------------------------------------------------------------------------------------------------------------------------------------------------------

---------------------------------------------------------DIRECT CONDITIONAL BRANCH PREDICTION MEASUREMENTS (50 Perc instructions)---------------------------------------------------
       Instr       Cycles      IPC      NumBr     MispBr BrPerCyc MispBrPerCyc        MR     MPKI      CycWP   CycWPAvg   CycWPPKI
    30999657      6639734   4.6688    4061423     109882   0.6117       0.0165   2.7055%   3.5446    2349749    21.3843    75.7992
------------------------------------------------------------------------------------------------------------------------------------------------------------------------------------

-------------------------------------DIRECT CONDITIONAL BRANCH PREDICTION MEASUREMENTS (Full Simulation i.e. Counts Not Reset When Warmup Ends)-------------------------------------
       Instr       Cycles      IPC      NumBr     MispBr BrPerCyc MispBrPerCyc        MR     MPKI      CycWP   CycWPAvg   CycWPPKI
    59999657     13354427   4.4929    7683892     221672   0.5754       0.0166   2.8849%   3.6946    4827953    21.7797    80.4663
------------------------------------------------------------------------------------------------------------------------------------------------------------------------------------
 Read 59999657 instrs 

 (TAGE 1169584) (SC 29531)(SCGH 141398)(IMLI 49628)(LOCAL 177840) (TOTAL 1567981, 1531 Kbits)
  
ExecTime = 923.0970025062561
