CMD:bin/cbp.seznec traces/int/int_30_trace.gz
15 25 35 45 55 65 80 95 110 130 155 180 215 250 300 350 415 490 580 680 805 950 1125 1325 1845 2575 3590 5000 
 (TOTAL 1567981 1531 Kbits)
  5000000 instrs 
10000000 instrs 
15000000 instrs 
20000000 instrs 
25000000 instrs 
30000000 instrs 
35000000 instrs 
40000000 instrs 
EOF
WINDOW_SIZE = 1024
FETCH_WIDTH = 16
FETCH_NUM_BRANCH = 16
FETCH_STOP_AT_INDIRECT = 1
FETCH_STOP_AT_TAKEN = 1
FETCH_MODEL_ICACHE = 1
PERFECT_BRANCH_PRED = 0
PERFECT_INDIRECT_PRED = 1
PIPELINE_FILL_LATENCY = 10
NUM_LDST_LANES = 8
NUM_ALU_LANES = 16
MEMORY HIERARCHY CONFIGURATION---------------------
STRIDE Prefetcher = 1
PERFECT_CACHE = 0
WRITE_ALLOCATE = 1
Within-pipeline factors:
	AGEN latency = 1 cycle
	Store Queue (SQ): SQ size = window size, oracle memory disambiguation, store-load forwarding = 1 cycle after store's or load's agen.
	* Note: A store searches the L1$ at commit. The store is released
	* from the SQ and window, whether it hits or misses. Store misses
	* are buffered until the block is allocated and the store is
	* performed in the L1$. While buffered, conflicting loads get
	* the store's data as they would from the SQ.
I$: 128 KB, 8-way set-assoc., 64B block size
L1$: 128 KB, 8-way set-assoc., 64B block size, 3-cycle search latency
L2$: 4 MB, 8-way set-assoc., 64B block size, 12-cycle search latency
L3$: 32 MB, 16-way set-assoc., 128B block size, 50-cycle search latency
Main Memory: 150-cycle fixed search time
---------------------------STORE QUEUE MEASUREMENTS (Full Simulation i.e. Counts Not Reset When Warmup Ends)---------------------------
Number of loads: 12907977
Number of loads that miss in SQ: 11484249 (88.97%)
Number of PFs issued to the memory system 461119
---------------------------------------------------------------------------------------------------------------------------------------
------------------------MEMORY HIERARCHY MEASUREMENTS (Full Simulation i.e. Counts Not Reset When Warmup Ends)-------------------------
I$:
	accesses   = 44517645
	misses     = 426
	miss ratio = 0.00%
	pf accesses   = 0
	pf misses     = 0
	pf miss ratio = -nan%
L1$:
	accesses   = 17454480
	misses     = 29038
	miss ratio = 0.17%
	pf accesses   = 461119
	pf misses     = 3195
	pf miss ratio = 0.69%
L2$:
	accesses   = 29464
	misses     = 3689
	miss ratio = 12.52%
	pf accesses   = 3195
	pf misses     = 657
	pf miss ratio = 20.56%
L3$:
	accesses   = 3689
	misses     = 2416
	miss ratio = 65.49%
	pf accesses   = 657
	pf misses     = 328
	pf miss ratio = 49.92%
---------------------------------------------------------------------------------------------------------------------------------------
----------------------------------------------Prefetcher (Full Simulation i.e. No Warmup)----------------------------------------------
Num Trainings :12907977
Num Prefetches generated :480113
Num Prefetches issued :1221025
Num Prefetches filtered by PF queue :77709
Num untimely prefetches dropped from PF queue :18994
Num prefetches not issued LDST contention :759906
Num prefetches not issued stride 0 :3057515
---------------------------------------------------------------------------------------------------------------------------------------

-------------------------------ILP LIMIT STUDY (Full Simulation i.e. Counts Not Reset When Warmup Ends)--------------------------------
instructions = 40000052
cycles       = 15572296
CycWP        = 11649821
IPC          = 2.5687

---------------------------------------------------------------------------------------------------------------------------------------

-----------------------------------------------BRANCH PREDICTION MEASUREMENTS (Full Simulation i.e. Counts Not Reset When Warmup Ends)----------------------------------------------
Type                   NumBr     MispBr        mr     mpki
CondDirect          4219863     476224  11.2853%  11.9056
JumpDirect           650994          0   0.0000%   0.0000
JumpIndirect            557          0   0.0000%   0.0000
JumpReturn           275846          0   0.0000%   0.0000
Not control        39370385          0   0.0000%   0.0000
------------------------------------------------------------------------------------------------------------------------------------------------------------------------------------

------------------------------------------------------DIRECT CONDITIONAL BRANCH PREDICTION MEASUREMENTS (Last 10M instructions)-----------------------------------------------------
       Instr       Cycles      IPC      NumBr     MispBr BrPerCyc MispBrPerCyc        MR     MPKI      CycWP   CycWPAvg   CycWPPKI
    10000052      3705482   2.6987    1054703     112117   0.2846       0.0303  10.6302%  11.2116    2739556    24.4348   273.9542
------------------------------------------------------------------------------------------------------------------------------------------------------------------------------------

------------------------------------------------------DIRECT CONDITIONAL BRANCH PREDICTION MEASUREMENTS (Last 25M instructions)-----------------------------------------------------
       Instr       Cycles      IPC      NumBr     MispBr BrPerCyc MispBrPerCyc        MR     MPKI      CycWP   CycWPAvg   CycWPPKI
    25000052      9419767   2.6540    2627322     287043   0.2789       0.0305  10.9253%  11.4817    7004541    24.4024   280.1811
-------------------------------------------------------------------------------------------------------------------------------------------------------------------------------------

---------------------------------------------------------DIRECT CONDITIONAL BRANCH PREDICTION MEASUREMENTS (50 Perc instructions)---------------------------------------------------
       Instr       Cycles      IPC      NumBr     MispBr BrPerCyc MispBrPerCyc        MR     MPKI      CycWP   CycWPAvg   CycWPPKI
    20000052      7513197   2.6620    2099953     228235   0.2795       0.0304  10.8686%  11.4117    5580585    24.4510   279.0285
------------------------------------------------------------------------------------------------------------------------------------------------------------------------------------

-------------------------------------DIRECT CONDITIONAL BRANCH PREDICTION MEASUREMENTS (Full Simulation i.e. Counts Not Reset When Warmup Ends)-------------------------------------
       Instr       Cycles      IPC      NumBr     MispBr BrPerCyc MispBrPerCyc        MR     MPKI      CycWP   CycWPAvg   CycWPPKI
    40000052     15572296   2.5687    4219863     476224   0.2710       0.0306  11.2853%  11.9056   11649821    24.4629   291.2451
------------------------------------------------------------------------------------------------------------------------------------------------------------------------------------
 Read 40000052 instrs 

 (TAGE 1169584) (SC 29531)(SCGH 141398)(IMLI 49628)(LOCAL 177840) (TOTAL 1567981, 1531 Kbits)
  
ExecTime = 666.7597301006317
