CMD:bin/cbp.seznec traces/int/int_0_trace.gz
15 25 35 45 55 65 80 95 110 130 155 180 215 250 300 350 415 490 580 680 805 950 1125 1325 1845 2575 3590 5000 
 (TOTAL 1567981 1531 Kbits)
  5000000 instrs 
10000000 instrs 
15000000 instrs 
20000000 instrs 
25000000 instrs 
30000000 instrs 
35000000 instrs 
40000000 instrs 
EOF
WINDOW_SIZE = 1024
FETCH_WIDTH = 16
FETCH_NUM_BRANCH = 16
FETCH_STOP_AT_INDIRECT = 1
FETCH_STOP_AT_TAKEN = 1
FETCH_MODEL_ICACHE = 1
PERFECT_BRANCH_PRED = 0
PERFECT_INDIRECT_PRED = 1
PIPELINE_FILL_LATENCY = 10
NUM_LDST_LANES = 8
NUM_ALU_LANES = 16
MEMORY HIERARCHY CONFIGURATION---------------------
STRIDE Prefetcher = 1
PERFECT_CACHE = 0
WRITE_ALLOCATE = 1
Within-pipeline factors:
	AGEN latency = 1 cycle
	Store Queue (SQ): SQ size = window size, oracle memory disambiguation, store-load forwarding = 1 cycle after store's or load's agen.
	* Note: A store searches the L1$ at commit. The store is released
	* from the SQ and window, whether it hits or misses. Store misses
	* are buffered until the block is allocated and the store is
	* performed in the L1$. While buffered, conflicting loads get
	* the store's data as they would from the SQ.
I$: 128 KB, 8-way set-assoc., 64B block size
L1$: 128 KB, 8-way set-assoc., 64B block size, 3-cycle search latency
L2$: 4 MB, 8-way set-assoc., 64B block size, 12-cycle search latency
L3$: 32 MB, 16-way set-assoc., 128B block size, 50-cycle search latency
Main Memory: 150-cycle fixed search time
---------------------------STORE QUEUE MEASUREMENTS (Full Simulation i.e. Counts Not Reset When Warmup Ends)---------------------------
Number of loads: 6413385
Number of loads that miss in SQ: 6061266 (94.51%)
Number of PFs issued to the memory system 2379240
---------------------------------------------------------------------------------------------------------------------------------------
------------------------MEMORY HIERARCHY MEASUREMENTS (Full Simulation i.e. Counts Not Reset When Warmup Ends)-------------------------
I$:
	accesses   = 41766665
	misses     = 608
	miss ratio = 0.00%
	pf accesses   = 0
	pf misses     = 0
	pf miss ratio = -nan%
L1$:
	accesses   = 8536931
	misses     = 574872
	miss ratio = 6.73%
	pf accesses   = 2379240
	pf misses     = 33002
	pf miss ratio = 1.39%
L2$:
	accesses   = 575480
	misses     = 164915
	miss ratio = 28.66%
	pf accesses   = 33002
	pf misses     = 14348
	pf miss ratio = 43.48%
L3$:
	accesses   = 164915
	misses     = 102098
	miss ratio = 61.91%
	pf accesses   = 14348
	pf misses     = 3790
	pf miss ratio = 26.41%
---------------------------------------------------------------------------------------------------------------------------------------
----------------------------------------------Prefetcher (Full Simulation i.e. No Warmup)----------------------------------------------
Num Trainings :6413385
Num Prefetches generated :2381146
Num Prefetches issued :3334452
Num Prefetches filtered by PF queue :26439
Num untimely prefetches dropped from PF queue :1906
Num prefetches not issued LDST contention :955212
Num prefetches not issued stride 0 :1353510
---------------------------------------------------------------------------------------------------------------------------------------

-------------------------------ILP LIMIT STUDY (Full Simulation i.e. Counts Not Reset When Warmup Ends)--------------------------------
instructions = 40000041
cycles       = 14460536
CycWP        = 9739199
IPC          = 2.7662

---------------------------------------------------------------------------------------------------------------------------------------

-----------------------------------------------BRANCH PREDICTION MEASUREMENTS (Full Simulation i.e. Counts Not Reset When Warmup Ends)----------------------------------------------
Type                   NumBr     MispBr        mr     mpki
CondDirect          6223265     189991   3.0529%   4.7498
JumpDirect           199871          0   0.0000%   0.0000
JumpIndirect             58          0   0.0000%   0.0000
JumpReturn              774          0   0.0000%   0.0000
Not control        35342697          0   0.0000%   0.0000
------------------------------------------------------------------------------------------------------------------------------------------------------------------------------------

------------------------------------------------------DIRECT CONDITIONAL BRANCH PREDICTION MEASUREMENTS (Last 10M instructions)-----------------------------------------------------
       Instr       Cycles      IPC      NumBr     MispBr BrPerCyc MispBrPerCyc        MR     MPKI      CycWP   CycWPAvg   CycWPPKI
    10000041      3174000   3.1506    1602431      47562   0.5049       0.0150   2.9681%   4.7562    2068731    43.4955   206.8723
------------------------------------------------------------------------------------------------------------------------------------------------------------------------------------

------------------------------------------------------DIRECT CONDITIONAL BRANCH PREDICTION MEASUREMENTS (Last 25M instructions)-----------------------------------------------------
       Instr       Cycles      IPC      NumBr     MispBr BrPerCyc MispBrPerCyc        MR     MPKI      CycWP   CycWPAvg   CycWPPKI
    25000041      8350129   2.9940    3884210     117326   0.4652       0.0141   3.0206%   4.6930    5527882    47.1156   221.1149
-------------------------------------------------------------------------------------------------------------------------------------------------------------------------------------

---------------------------------------------------------DIRECT CONDITIONAL BRANCH PREDICTION MEASUREMENTS (50 Perc instructions)---------------------------------------------------
       Instr       Cycles      IPC      NumBr     MispBr BrPerCyc MispBrPerCyc        MR     MPKI      CycWP   CycWPAvg   CycWPPKI
    20000041      6410184   3.1200    3076555      92605   0.4799       0.0144   3.0100%   4.6302    4167948    45.0078   208.3970
------------------------------------------------------------------------------------------------------------------------------------------------------------------------------------

-------------------------------------DIRECT CONDITIONAL BRANCH PREDICTION MEASUREMENTS (Full Simulation i.e. Counts Not Reset When Warmup Ends)-------------------------------------
       Instr       Cycles      IPC      NumBr     MispBr BrPerCyc MispBrPerCyc        MR     MPKI      CycWP   CycWPAvg   CycWPPKI
    40000041     14460536   2.7662    6223265     189991   0.4304       0.0131   3.0529%   4.7498    9739199    51.2614   243.4797
------------------------------------------------------------------------------------------------------------------------------------------------------------------------------------
 Read 40000041 instrs 

 (TAGE 1169584) (SC 29531)(SCGH 141398)(IMLI 49628)(LOCAL 177840) (TOTAL 1567981, 1531 Kbits)
  
ExecTime = 620.6860802173615
