CMD:bin/cbp.seznec traces/int/int_18_trace.gz
15 25 35 45 55 65 80 95 110 130 155 180 215 250 300 350 415 490 580 680 805 950 1125 1325 1845 2575 3590 5000 
 (TOTAL 1567981 1531 Kbits)
  5000000 instrs 
10000000 instrs 
15000000 instrs 
20000000 instrs 
25000000 instrs 
30000000 instrs 
35000000 instrs 
EOF
WINDOW_SIZE = 1024
FETCH_WIDTH = 16
FETCH_NUM_BRANCH = 16
FETCH_STOP_AT_INDIRECT = 1
FETCH_STOP_AT_TAKEN = 1
FETCH_MODEL_ICACHE = 1
PERFECT_BRANCH_PRED = 0
PERFECT_INDIRECT_PRED = 1
PIPELINE_FILL_LATENCY = 10
NUM_LDST_LANES = 8
NUM_ALU_LANES = 16
MEMORY HIERARCHY CONFIGURATION---------------------
STRIDE Prefetcher = 1
PERFECT_CACHE = 0
WRITE_ALLOCATE = 1
Within-pipeline factors:
	AGEN latency = 1 cycle
	Store Queue (SQ): SQ size = window size, oracle memory disambiguation, store-load forwarding = 1 cycle after store's or load's agen.
	* Note: A store searches the L1$ at commit. The store is released
	* from the SQ and window, whether it hits or misses. Store misses
	* are buffered until the block is allocated and the store is
	* performed in the L1$. While buffered, conflicting loads get
	* the store's data as they would from the SQ.
I$: 128 KB, 8-way set-assoc., 64B block size
L1$: 128 KB, 8-way set-assoc., 64B block size, 3-cycle search latency
L2$: 4 MB, 8-way set-assoc., 64B block size, 12-cycle search latency
L3$: 32 MB, 16-way set-assoc., 128B block size, 50-cycle search latency
Main Memory: 150-cycle fixed search time
---------------------------STORE QUEUE MEASUREMENTS (Full Simulation i.e. Counts Not Reset When Warmup Ends)---------------------------
Number of loads: 14249040
Number of loads that miss in SQ: 13407530 (94.09%)
Number of PFs issued to the memory system 10347195
---------------------------------------------------------------------------------------------------------------------------------------
------------------------MEMORY HIERARCHY MEASUREMENTS (Full Simulation i.e. Counts Not Reset When Warmup Ends)-------------------------
I$:
	accesses   = 41040961
	misses     = 612
	miss ratio = 0.00%
	pf accesses   = 0
	pf misses     = 0
	pf miss ratio = -nan%
L1$:
	accesses   = 15445011
	misses     = 259132
	miss ratio = 1.68%
	pf accesses   = 10347195
	pf misses     = 746517
	pf miss ratio = 7.21%
L2$:
	accesses   = 259744
	misses     = 70008
	miss ratio = 26.95%
	pf accesses   = 746517
	pf misses     = 222831
	pf miss ratio = 29.85%
L3$:
	accesses   = 70008
	misses     = 15570
	miss ratio = 22.24%
	pf accesses   = 222831
	pf misses     = 35273
	pf miss ratio = 15.83%
---------------------------------------------------------------------------------------------------------------------------------------
----------------------------------------------Prefetcher (Full Simulation i.e. No Warmup)----------------------------------------------
Num Trainings :14249040
Num Prefetches generated :10351345
Num Prefetches issued :12038712
Num Prefetches filtered by PF queue :132964
Num untimely prefetches dropped from PF queue :4150
Num prefetches not issued LDST contention :1691517
Num prefetches not issued stride 0 :1111401
---------------------------------------------------------------------------------------------------------------------------------------

-------------------------------ILP LIMIT STUDY (Full Simulation i.e. Counts Not Reset When Warmup Ends)--------------------------------
instructions = 39999864
cycles       = 10612414
CycWP        = 1248923
IPC          = 3.7692

---------------------------------------------------------------------------------------------------------------------------------------

-----------------------------------------------BRANCH PREDICTION MEASUREMENTS (Full Simulation i.e. Counts Not Reset When Warmup Ends)----------------------------------------------
Type                   NumBr     MispBr        mr     mpki
CondDirect          9457814      26616   0.2814%   0.6654
JumpDirect           248177          0   0.0000%   0.0000
JumpIndirect            790          0   0.0000%   0.0000
JumpReturn           136312          0   0.0000%   0.0000
Not control        31197868          0   0.0000%   0.0000
------------------------------------------------------------------------------------------------------------------------------------------------------------------------------------

------------------------------------------------------DIRECT CONDITIONAL BRANCH PREDICTION MEASUREMENTS (Last 10M instructions)-----------------------------------------------------
       Instr       Cycles      IPC      NumBr     MispBr BrPerCyc MispBrPerCyc        MR     MPKI      CycWP   CycWPAvg   CycWPPKI
    10999864      2868167   3.8352    2658320       6890   0.9268       0.0024   0.2592%   0.6264     312705    45.3853    28.4281
------------------------------------------------------------------------------------------------------------------------------------------------------------------------------------

------------------------------------------------------DIRECT CONDITIONAL BRANCH PREDICTION MEASUREMENTS (Last 25M instructions)-----------------------------------------------------
       Instr       Cycles      IPC      NumBr     MispBr BrPerCyc MispBrPerCyc        MR     MPKI      CycWP   CycWPAvg   CycWPPKI
    25999864      6170294   4.2137    6178823      13713   1.0014       0.0022   0.2219%   0.5274     566351    41.3003    21.7828
-------------------------------------------------------------------------------------------------------------------------------------------------------------------------------------

---------------------------------------------------------DIRECT CONDITIONAL BRANCH PREDICTION MEASUREMENTS (50 Perc instructions)---------------------------------------------------
       Instr       Cycles      IPC      NumBr     MispBr BrPerCyc MispBrPerCyc        MR     MPKI      CycWP   CycWPAvg   CycWPPKI
    20999864      5043833   4.1635    4985263      10344   0.9884       0.0021   0.2075%   0.4926     438491    42.3909    20.8807
------------------------------------------------------------------------------------------------------------------------------------------------------------------------------------

-------------------------------------DIRECT CONDITIONAL BRANCH PREDICTION MEASUREMENTS (Full Simulation i.e. Counts Not Reset When Warmup Ends)-------------------------------------
       Instr       Cycles      IPC      NumBr     MispBr BrPerCyc MispBrPerCyc        MR     MPKI      CycWP   CycWPAvg   CycWPPKI
    39999864     10612414   3.7692    9457814      26616   0.8912       0.0025   0.2814%   0.6654    1248923    46.9238    31.2232
------------------------------------------------------------------------------------------------------------------------------------------------------------------------------------
 Read 39999864 instrs 

 (TAGE 1169584) (SC 29531)(SCGH 141398)(IMLI 49628)(LOCAL 177840) (TOTAL 1567981, 1531 Kbits)
  
ExecTime = 764.9641582965851
