CMD:bin/cbp.man traces/media/media_0_trace.gz
 (TAGE 1217581)  (LOOP 3648)  (SC 197568) 
 (TOTAL 1418797 bits 173.192993 KB) 
 TAGE Low Bank Used: 6
 TAGE High Bank Used: 15
 (Hard Branch Table 4559)  (Correlation Table 108576)  (Load Value Correlated Predictor Top 40041) 
 (Load Value Correlated Predictor TOTAL 18.698242 KB) 
 (Hard Branch Table 4559)  (Correlation Table 108576)  (Load Value Correlated Predictor Top 40041) 
 (Load Value Correlated Predictor TOTAL 18.698242 KB) 
[0, 0x80002ba0], 33554607
[0xffff7f74f030, 0xffff800010010c04], 288223779119837297
[0xffff7fe117e0, 0xffff800010010c04], 288223779119726546
[0xffff7fe117e4, 0xffff800010010c04], 288223779119726546
[0xffff7f750050, 0xffff800010010c04], 288223779119837232
[0xffff7f74f030, 0xffff800010010c04], 288223779119837297
5000000 instrs 
[0xffff7fd40840, 0x80000d00], 288225978172354580
10000000 instrs 
[0xffff7f74f0cc, 0xffff800010010c04], 288223779119837294
15000000 instrs 
[0xffff7f74f030, 0xffff800010010c04], 288223779119837297
[0xffff7fe117e0, 0xffff800010010c04], 288223779119726546
20000000 instrs 
[0xffff7fd32f30, 0x80000d00], 288225978172355449
EOF
-----------------------------------Load Value Correlated Predictor Stats-----------------------------------
Branch Entangling Table Touch: 0
Branch Entangling Table Insert: 0
Branch Entangling Table Load PC Changed: 0
Load-Branch Entangling Table Touch: 0
Load-Branch Entangling Table Insert: 0
Load-Branch Entangling Table Load PC Changed: 0
Load Value Correlated Predictor Predicted: 0
Load Value Correlated Predictor Predicted By Value: 24999
Load Value Correlated Predictor Predicted By Addr: 0
Load Value Correlated Predictor Not Predicted: 0
Load Value Correlated Predictor Not Predicted Due to Entangling Table Miss: 0
Load Value Correlated Predictor Not Predicted Due to Correlation Table Miss: 0
Load Value Correlated Predictor Not Predicted Due to Load Value Tracking Miss: 0
Load Value Correlated Predictor No Load Or Value Late: 0
Load Value Correlated Predictor Load Value Provided by DVTAGE: 0
Load Value Correlated Predictor Not Predicted Due to TAGE High Confidence: 0
Load Value Correlated Predictor Not Predicted Due to Low Correlation Confidence: 0
Load Value Correlated Predictor Correct: 23196
Load Value Correlated Predictor Incorrect: 381
Load Value Correlated Predictor Correct TAGE Correct: 22804
Load Value Correlated Predictor Correct TAGE Incorrect: 392
Load Value Correlated Predictor Incorrect TAGE Correct: 205
Load Value Correlated Predictor Incorrect TAGE Incorrect: 176
Load Inst Bitmap Miss: 880882
Load Inst Bitmap Hit: 3238853
Load Inst Bitmap Max Usage: 1024
Load Value Correlated Predictor Accuracy: Nan
Branch Entangling Table Load PC Changed Ratio: Nan
Load Branch Entangling Table Load PC Changed Ratio: Nan
-----------------------------------------------------------------------------------------------------------
------------------------------------------- Hard Branch Table Stats --------------------------------------
  Update branches:                         1125034
  Update replaces:                            2461
  Update replaces failed:                   627362
  Update decays:                                56
  Update decayed to zero:                     2334
  Update saturated:                          13713
  Query branches:                          2250069
  Query hard:                               443503
  Query not hard:                          1806566
------------------------------------------------------------------------------------------------

-------------------------------------- Correlation Table Stats ----------------------------------
  Total storage:                                        12.5 KB
  Total table entries:                                  4096
  Update count:                                      6812424
  Update hit:                                        1586425
  Update allocate:                                    375674
  Update dir changed:                                1245311
  Update replacement:                                  80331
  Update inserts:                                      84427
  Update inserts failed:                              120618
  Query hit:                                          567063
  Query miss:                                        1426345
  Query conf saturated:                                24999
  Query conf low:                                     542064
  Query direction changed:                            461580
  Query high conf & direction changed:                     0
-------------------------------------------------------------------------------------------------
WINDOW_SIZE = 1024
FETCH_WIDTH = 16
FETCH_NUM_BRANCH = 16
FETCH_STOP_AT_INDIRECT = 1
FETCH_STOP_AT_TAKEN = 1
FETCH_MODEL_ICACHE = 1
PERFECT_BRANCH_PRED = 0
PERFECT_INDIRECT_PRED = 1
PIPELINE_FILL_LATENCY = 10
NUM_LDST_LANES = 8
NUM_ALU_LANES = 16
MEMORY HIERARCHY CONFIGURATION---------------------
STRIDE Prefetcher = 1
PERFECT_CACHE = 0
WRITE_ALLOCATE = 1
Within-pipeline factors:
	AGEN latency = 1 cycle
	Store Queue (SQ): SQ size = window size, oracle memory disambiguation, store-load forwarding = 1 cycle after store's or load's agen.
	* Note: A store searches the L1$ at commit. The store is released
	* from the SQ and window, whether it hits or misses. Store misses
	* are buffered until the block is allocated and the store is
	* performed in the L1$. While buffered, conflicting loads get
	* the store's data as they would from the SQ.
I$: 128 KB, 8-way set-assoc., 64B block size
L1$: 128 KB, 8-way set-assoc., 64B block size, 3-cycle search latency
L2$: 4 MB, 8-way set-assoc., 64B block size, 12-cycle search latency
L3$: 32 MB, 16-way set-assoc., 128B block size, 50-cycle search latency
Main Memory: 150-cycle fixed search time
---------------------------STORE QUEUE MEASUREMENTS (Full Simulation i.e. Counts Not Reset When Warmup Ends)---------------------------
Number of loads: 5594292
Number of loads that miss in SQ: 4148706 (74.16%)
Number of PFs issued to the memory system 589705
---------------------------------------------------------------------------------------------------------------------------------------
------------------------MEMORY HIERARCHY MEASUREMENTS (Full Simulation i.e. Counts Not Reset When Warmup Ends)-------------------------
I$:
	accesses   = 25800588
	misses     = 4262
	miss ratio = 0.02%
	pf accesses   = 0
	pf misses     = 0
	pf miss ratio = -nan%
L1$:
	accesses   = 7898045
	misses     = 12115
	miss ratio = 0.15%
	pf accesses   = 589705
	pf misses     = 1748
	pf miss ratio = 0.30%
L2$:
	accesses   = 16377
	misses     = 6091
	miss ratio = 37.19%
	pf accesses   = 1748
	pf misses     = 738
	pf miss ratio = 42.22%
L3$:
	accesses   = 6091
	misses     = 3431
	miss ratio = 56.33%
	pf accesses   = 738
	pf misses     = 451
	pf miss ratio = 61.11%
---------------------------------------------------------------------------------------------------------------------------------------
----------------------------------------------Prefetcher (Full Simulation i.e. No Warmup)----------------------------------------------
Num Trainings :5594292
Num Prefetches generated :632225
Num Prefetches issued :3541542
Num Prefetches filtered by PF queue :307043
Num untimely prefetches dropped from PF queue :42520
Num prefetches not issued LDST contention :2951837
Num prefetches not issued stride 0 :1364117
---------------------------------------------------------------------------------------------------------------------------------------

-------------------------------ILP LIMIT STUDY (Full Simulation i.e. Counts Not Reset When Warmup Ends)--------------------------------
instructions = 20000044
cycles       = 3389512
CycWP        = 621250
IPC          = 5.9006

---------------------------------------------------------------------------------------------------------------------------------------

-----------------------------------------------BRANCH PREDICTION MEASUREMENTS (Full Simulation i.e. Counts Not Reset When Warmup Ends)----------------------------------------------
Type                   NumBr     MispBr        mr     mpki
CondDirect          1125035      23568   2.0949%   1.1784
JumpDirect           254376          0   0.0000%   0.0000
JumpIndirect         101890          0   0.0000%   0.0000
JumpReturn           223232          0   0.0000%   0.0000
Not control        24096055          0   0.0000%   0.0000
------------------------------------------------------------------------------------------------------------------------------------------------------------------------------------

------------------------------------------------------DIRECT CONDITIONAL BRANCH PREDICTION MEASUREMENTS (Last 10M instructions)-----------------------------------------------------
       Instr       Cycles      IPC      NumBr     MispBr BrPerCyc MispBrPerCyc        MR     MPKI      CycWP   CycWPAvg   CycWPPKI
    10000044      1494395   6.6917     559613       9008   0.3745       0.0060   1.6097%   0.9008     245367    27.2388    24.5366
------------------------------------------------------------------------------------------------------------------------------------------------------------------------------------

------------------------------------------------------DIRECT CONDITIONAL BRANCH PREDICTION MEASUREMENTS (Last 25M instructions)-----------------------------------------------------
       Instr       Cycles      IPC      NumBr     MispBr BrPerCyc MispBrPerCyc        MR     MPKI      CycWP   CycWPAvg   CycWPPKI
    20000044      3389512   5.9006    1125035      23568   0.3319       0.0070   2.0949%   1.1784     621250    26.3599    31.0624
-------------------------------------------------------------------------------------------------------------------------------------------------------------------------------------

---------------------------------------------------------DIRECT CONDITIONAL BRANCH PREDICTION MEASUREMENTS (50 Perc instructions)---------------------------------------------------
       Instr       Cycles      IPC      NumBr     MispBr BrPerCyc MispBrPerCyc        MR     MPKI      CycWP   CycWPAvg   CycWPPKI
    10000044      1494395   6.6917     559613       9008   0.3745       0.0060   1.6097%   0.9008     245367    27.2388    24.5366
------------------------------------------------------------------------------------------------------------------------------------------------------------------------------------

-------------------------------------DIRECT CONDITIONAL BRANCH PREDICTION MEASUREMENTS (Full Simulation i.e. Counts Not Reset When Warmup Ends)-------------------------------------
       Instr       Cycles      IPC      NumBr     MispBr BrPerCyc MispBrPerCyc        MR     MPKI      CycWP   CycWPAvg   CycWPPKI
    20000044      3389512   5.9006    1125035      23568   0.3319       0.0070   2.0949%   1.1784     621250    26.3599    31.0624
------------------------------------------------------------------------------------------------------------------------------------------------------------------------------------
 Read 20000044 instrs 

ExecTime = 200.70725631713867
