CMD:bin/cbp.behrendt traces/web/web_10_trace.gz
L_PERCEP PC=0xAAAAB2C8C260, theta= 261, max bias=   3, baseline_comp=  0, stable_cnt=255, grace_period=511, time_alive=  0
G_PERCEP PC=0xAAAAB2C8C260, theta= 320, max bias=   9, baseline_comp=  0, stable_cnt=255, grace_period=511, time_alive=  0
5000000 instrs 
L_PERCEP PC=0xFFFFDEED7EDC, theta= 261, max bias=  25, baseline_comp=  0, stable_cnt=255, grace_period=511, time_alive=  0
G_PERCEP PC=0xFFFFDEED7EDC, theta= 312, max bias=  21, baseline_comp=  0, stable_cnt=255, grace_period=511, time_alive=  0
G_PERCEP PC=0xFFFF8000801F2154, theta= 320, max bias=  14, baseline_comp=  0, stable_cnt=255, grace_period=511, time_alive=  0
10000000 instrs 
L_PERCEP PC=0xFFFF800080A30ACC, theta= 261, max bias=  21, baseline_comp=  0, stable_cnt=255, grace_period=511, time_alive=  0
G_PERCEP PC=0xFFFF800080A30ACC, theta= 312, max bias=  30, baseline_comp=  0, stable_cnt=255, grace_period=511, time_alive=  0
L_PERCEP PC=0xAAAAB1816FC0, theta= 261, max bias=  14, baseline_comp=  0, stable_cnt=255, grace_period=511, time_alive=  0
G_PERCEP PC=0xAAAAB1816FC0, theta= 336, max bias=  14, baseline_comp=  0, stable_cnt=255, grace_period=511, time_alive=  0
G_PERCEP PC=0xAAAAB18158D4, theta= 320, max bias=  35, baseline_comp=  0, stable_cnt=255, grace_period=511, time_alive=  0
G_PERCEP PC=0xAAAAB18158E4, theta= 344, max bias=  33, baseline_comp=  0, stable_cnt=255, grace_period=511, time_alive=  0
L_PERCEP PC=0xAAAAB1816FC0, theta= 261, max bias=  12, baseline_comp=  0, stable_cnt=255, grace_period=511, time_alive=  0
L_PERCEP PC=0xAAAAB18158E4, theta= 165, max bias=  14, baseline_comp=  0, stable_cnt=255, grace_period=511, time_alive=  0
L_PERCEP PC=0xAAAAB2C8C260, theta= 261, max bias=   8, baseline_comp=  2, stable_cnt=  0, grace_period=132, time_alive=65535
15000000 instrs 
L_PERCEP PC=0xAAAAB18158E4, theta= 253, max bias=  13, baseline_comp=  0, stable_cnt=255, grace_period=511, time_alive=  0
G_PERCEP PC=0xAAAAB18158E4, theta= 320, max bias=   2, baseline_comp=  0, stable_cnt=255, grace_period=511, time_alive=  0
G_PERCEP PC=0xAAAAB2C8C260, theta= 336, max bias=  10, baseline_comp=  0, stable_cnt=255, grace_period=511, time_alive=  0
G_PERCEP PC=0xAAAAB0C292F8, theta= 320, max bias=  23, baseline_comp=  0, stable_cnt=255, grace_period=511, time_alive=  0
EOF
======== Predictor Memory ========
TAGE-SC-L (bits) = 1305275
TAGE-SC-L (KBytes) = 159.335327
H2P_ID_MEM_BITS = 19456
H2P_ID_MEM (KBytes) = 2.375000
L_PERCEP_MEM_BITS = 176320
L_PERCEP_MEM (KBytes) = 21.523438
G_PERCEP_MEM_BITS = 33184
G_PERCEP_MEM (KBytes) = 4.050781
Total Memory (bits) = 1534235
Total Memory (KBytes) = 187.284546
======== Runtime Statistics ========
COL h2p_insert_cnt = 17
COL h2p_with_tage = 2534929
COL h2p_with_lhist_percep = 8483
COL h2p_with_ghist_percep = 0
COL filtered_updates = 628
COL lhist_percep_evictions = 7
COL ghist_percep_evictions = 10
COL lhist_percep_stale_evictions = 1
COL ghist_percep_stale_evictions = 0
======== End of Statistics ========
WINDOW_SIZE = 1024
FETCH_WIDTH = 16
FETCH_NUM_BRANCH = 16
FETCH_STOP_AT_INDIRECT = 1
FETCH_STOP_AT_TAKEN = 1
FETCH_MODEL_ICACHE = 1
PERFECT_BRANCH_PRED = 0
PERFECT_INDIRECT_PRED = 1
PIPELINE_FILL_LATENCY = 10
NUM_LDST_LANES = 8
NUM_ALU_LANES = 16
MEMORY HIERARCHY CONFIGURATION---------------------
STRIDE Prefetcher = 1
PERFECT_CACHE = 0
WRITE_ALLOCATE = 1
Within-pipeline factors:
	AGEN latency = 1 cycle
	Store Queue (SQ): SQ size = window size, oracle memory disambiguation, store-load forwarding = 1 cycle after store's or load's agen.
	* Note: A store searches the L1$ at commit. The store is released
	* from the SQ and window, whether it hits or misses. Store misses
	* are buffered until the block is allocated and the store is
	* performed in the L1$. While buffered, conflicting loads get
	* the store's data as they would from the SQ.
I$: 128 KB, 8-way set-assoc., 64B block size
L1$: 128 KB, 8-way set-assoc., 64B block size, 3-cycle search latency
L2$: 4 MB, 8-way set-assoc., 64B block size, 12-cycle search latency
L3$: 32 MB, 16-way set-assoc., 128B block size, 50-cycle search latency
Main Memory: 150-cycle fixed search time
---------------------------STORE QUEUE MEASUREMENTS (Full Simulation i.e. Counts Not Reset When Warmup Ends)---------------------------
Number of loads: 4780585
Number of loads that miss in SQ: 3854533 (80.63%)
Number of PFs issued to the memory system 769009
---------------------------------------------------------------------------------------------------------------------------------------
------------------------MEMORY HIERARCHY MEASUREMENTS (Full Simulation i.e. Counts Not Reset When Warmup Ends)-------------------------
I$:
	accesses   = 22980710
	misses     = 120830
	miss ratio = 0.53%
	pf accesses   = 0
	pf misses     = 0
	pf miss ratio = -nan%
L1$:
	accesses   = 7678566
	misses     = 82185
	miss ratio = 1.07%
	pf accesses   = 769009
	pf misses     = 9991
	pf miss ratio = 1.30%
L2$:
	accesses   = 203015
	misses     = 84227
	miss ratio = 41.49%
	pf accesses   = 9991
	pf misses     = 5144
	pf miss ratio = 51.49%
L3$:
	accesses   = 84227
	misses     = 47947
	miss ratio = 56.93%
	pf accesses   = 5144
	pf misses     = 2556
	pf miss ratio = 49.69%
---------------------------------------------------------------------------------------------------------------------------------------
----------------------------------------------Prefetcher (Full Simulation i.e. No Warmup)----------------------------------------------
Num Trainings :4780585
Num Prefetches generated :777871
Num Prefetches issued :1284143
Num Prefetches filtered by PF queue :58939
Num untimely prefetches dropped from PF queue :8862
Num prefetches not issued LDST contention :515134
Num prefetches not issued stride 0 :1250270
---------------------------------------------------------------------------------------------------------------------------------------

-------------------------------ILP LIMIT STUDY (Full Simulation i.e. Counts Not Reset When Warmup Ends)--------------------------------
instructions = 19999796
cycles       = 11035037
CycWP        = 1811869
IPC          = 1.8124

---------------------------------------------------------------------------------------------------------------------------------------

-----------------------------------------------BRANCH PREDICTION MEASUREMENTS (Full Simulation i.e. Counts Not Reset When Warmup Ends)----------------------------------------------
Type                   NumBr     MispBr        mr     mpki
CondDirect          2621960      56338   2.1487%   2.8169
JumpDirect           655800          0   0.0000%   0.0000
JumpIndirect          86298          0   0.0000%   0.0000
JumpReturn           345747          0   0.0000%   0.0000
Not control        19270905          0   0.0000%   0.0000
------------------------------------------------------------------------------------------------------------------------------------------------------------------------------------

------------------------------------------------------DIRECT CONDITIONAL BRANCH PREDICTION MEASUREMENTS (Last 10M instructions)-----------------------------------------------------
       Instr       Cycles      IPC      NumBr     MispBr BrPerCyc MispBrPerCyc        MR     MPKI      CycWP   CycWPAvg   CycWPPKI
    10999796      3281771   3.3518    1436395      23970   0.4377       0.0073   1.6688%   2.1791     662148    27.6240    60.1964
------------------------------------------------------------------------------------------------------------------------------------------------------------------------------------

------------------------------------------------------DIRECT CONDITIONAL BRANCH PREDICTION MEASUREMENTS (Last 25M instructions)-----------------------------------------------------
       Instr       Cycles      IPC      NumBr     MispBr BrPerCyc MispBrPerCyc        MR     MPKI      CycWP   CycWPAvg   CycWPPKI
    19999796     11035037   1.8124    2621960      56338   0.2376       0.0051   2.1487%   2.8169    1811869    32.1607    90.5944
-------------------------------------------------------------------------------------------------------------------------------------------------------------------------------------

---------------------------------------------------------DIRECT CONDITIONAL BRANCH PREDICTION MEASUREMENTS (50 Perc instructions)---------------------------------------------------
       Instr       Cycles      IPC      NumBr     MispBr BrPerCyc MispBrPerCyc        MR     MPKI      CycWP   CycWPAvg   CycWPPKI
    10999796      3281771   3.3518    1436395      23970   0.4377       0.0073   1.6688%   2.1791     662148    27.6240    60.1964
------------------------------------------------------------------------------------------------------------------------------------------------------------------------------------

-------------------------------------DIRECT CONDITIONAL BRANCH PREDICTION MEASUREMENTS (Full Simulation i.e. Counts Not Reset When Warmup Ends)-------------------------------------
       Instr       Cycles      IPC      NumBr     MispBr BrPerCyc MispBrPerCyc        MR     MPKI      CycWP   CycWPAvg   CycWPPKI
    19999796     11035037   1.8124    2621960      56338   0.2376       0.0051   2.1487%   2.8169    1811869    32.1607    90.5944
------------------------------------------------------------------------------------------------------------------------------------------------------------------------------------
 Read 19999796 instrs 
G_PERCEP PC=0xAAAAB289EC98, theta= 312, max bias=   9, baseline_comp=  0, stable_cnt=  7, grace_period=511, time_alive=428
G_PERCEP PC=0xAAAAB1816FC0, theta= 320, max bias=  21, baseline_comp=  9, stable_cnt=  0, grace_period=511, time_alive=11275
G_PERCEP PC=0xAAAAB1816FAC, theta= 360, max bias=  20, baseline_comp=  7, stable_cnt=  0, grace_period=511, time_alive=11279
G_PERCEP PC=0xAAAAB17C0570, theta= 320, max bias=  14, baseline_comp=  0, stable_cnt=  0, grace_period=449, time_alive=  1
G_PERCEP PC=0xFFFFDEED7DD0, theta= 312, max bias=  27, baseline_comp=  0, stable_cnt=  5, grace_period=511, time_alive=  0
G_PERCEP PC=0xAAAAB2C8C260, theta= 320, max bias=  10, baseline_comp=  6, stable_cnt=  0, grace_period=131, time_alive=2039
G_PERCEP PC=0xAAAAB2895C48, theta= 320, max bias=  15, baseline_comp=  6, stable_cnt=  0, grace_period=511, time_alive=399
L_PERCEP PC=0xAAAAB289EC98, theta= 261, max bias=  18, baseline_comp=  0, stable_cnt=  2, grace_period=511, time_alive=636
L_PERCEP PC=0xAAAAB18158D4, theta= 261, max bias=  28, baseline_comp= 19, stable_cnt=  0, grace_period=511, time_alive=12048
L_PERCEP PC=0xAAAAB0C292F8, theta= 261, max bias=  16, baseline_comp=  6, stable_cnt=  0, grace_period=511, time_alive=1465
L_PERCEP PC=0xAAAAB1816FAC, theta= 221, max bias=  23, baseline_comp= 55, stable_cnt=  0, grace_period=511, time_alive=36912
L_PERCEP PC=0xAAAAB17C0570, theta= 261, max bias=   7, baseline_comp=  0, stable_cnt=  0, grace_period=449, time_alive= 54
L_PERCEP PC=0xFFFFDEED7DD0, theta= 261, max bias=   9, baseline_comp=  1, stable_cnt=  8, grace_period=511, time_alive= 53
L_PERCEP PC=0xFFFF8000801F2154, theta= 245, max bias=  22, baseline_comp= 60, stable_cnt=  0, grace_period=511, time_alive=  0
L_PERCEP PC=0xAAAAB2C8C260, theta= 261, max bias=   2, baseline_comp=  6, stable_cnt=  0, grace_period=131, time_alive=6302
L_PERCEP PC=0xAAAAB2895C48, theta= 261, max bias=   4, baseline_comp=  7, stable_cnt=  0, grace_period=511, time_alive=607

ExecTime = 299.3718013763428
