CMD:bin/cbp.behrendt traces/web/web_23_trace.gz
5000000 instrs 
10000000 instrs 
15000000 instrs 
20000000 instrs 
EOF
======== Predictor Memory ========
TAGE-SC-L (bits) = 1305275
TAGE-SC-L (KBytes) = 159.335327
H2P_ID_MEM_BITS = 19456
H2P_ID_MEM (KBytes) = 2.375000
L_PERCEP_MEM_BITS = 176320
L_PERCEP_MEM (KBytes) = 21.523438
G_PERCEP_MEM_BITS = 33184
G_PERCEP_MEM (KBytes) = 4.050781
Total Memory (bits) = 1534235
Total Memory (KBytes) = 187.284546
======== Runtime Statistics ========
COL h2p_insert_cnt = 2
COL h2p_with_tage = 3249996
COL h2p_with_lhist_percep = 0
COL h2p_with_ghist_percep = 0
COL filtered_updates = 0
COL lhist_percep_evictions = 0
COL ghist_percep_evictions = 0
COL lhist_percep_stale_evictions = 0
COL ghist_percep_stale_evictions = 0
======== End of Statistics ========
WINDOW_SIZE = 1024
FETCH_WIDTH = 16
FETCH_NUM_BRANCH = 16
FETCH_STOP_AT_INDIRECT = 1
FETCH_STOP_AT_TAKEN = 1
FETCH_MODEL_ICACHE = 1
PERFECT_BRANCH_PRED = 0
PERFECT_INDIRECT_PRED = 1
PIPELINE_FILL_LATENCY = 10
NUM_LDST_LANES = 8
NUM_ALU_LANES = 16
MEMORY HIERARCHY CONFIGURATION---------------------
STRIDE Prefetcher = 1
PERFECT_CACHE = 0
WRITE_ALLOCATE = 1
Within-pipeline factors:
	AGEN latency = 1 cycle
	Store Queue (SQ): SQ size = window size, oracle memory disambiguation, store-load forwarding = 1 cycle after store's or load's agen.
	* Note: A store searches the L1$ at commit. The store is released
	* from the SQ and window, whether it hits or misses. Store misses
	* are buffered until the block is allocated and the store is
	* performed in the L1$. While buffered, conflicting loads get
	* the store's data as they would from the SQ.
I$: 128 KB, 8-way set-assoc., 64B block size
L1$: 128 KB, 8-way set-assoc., 64B block size, 3-cycle search latency
L2$: 4 MB, 8-way set-assoc., 64B block size, 12-cycle search latency
L3$: 32 MB, 16-way set-assoc., 128B block size, 50-cycle search latency
Main Memory: 150-cycle fixed search time
---------------------------STORE QUEUE MEASUREMENTS (Full Simulation i.e. Counts Not Reset When Warmup Ends)---------------------------
Number of loads: 6243550
Number of loads that miss in SQ: 5064806 (81.12%)
Number of PFs issued to the memory system 547195
---------------------------------------------------------------------------------------------------------------------------------------
------------------------MEMORY HIERARCHY MEASUREMENTS (Full Simulation i.e. Counts Not Reset When Warmup Ends)-------------------------
I$:
	accesses   = 22072562
	misses     = 51822
	miss ratio = 0.23%
	pf accesses   = 0
	pf misses     = 0
	pf miss ratio = -nan%
L1$:
	accesses   = 8828104
	misses     = 80768
	miss ratio = 0.91%
	pf accesses   = 547195
	pf misses     = 13596
	pf miss ratio = 2.48%
L2$:
	accesses   = 132590
	misses     = 49705
	miss ratio = 37.49%
	pf accesses   = 13596
	pf misses     = 7052
	pf miss ratio = 51.87%
L3$:
	accesses   = 49705
	misses     = 30204
	miss ratio = 60.77%
	pf accesses   = 7052
	pf misses     = 4042
	pf miss ratio = 57.32%
---------------------------------------------------------------------------------------------------------------------------------------
----------------------------------------------Prefetcher (Full Simulation i.e. No Warmup)----------------------------------------------
Num Trainings :6243550
Num Prefetches generated :565020
Num Prefetches issued :2782377
Num Prefetches filtered by PF queue :101911
Num untimely prefetches dropped from PF queue :17825
Num prefetches not issued LDST contention :2235182
Num prefetches not issued stride 0 :2770812
---------------------------------------------------------------------------------------------------------------------------------------

-------------------------------ILP LIMIT STUDY (Full Simulation i.e. Counts Not Reset When Warmup Ends)--------------------------------
instructions = 20000047
cycles       = 6263749
CycWP        = 719075
IPC          = 3.1930

---------------------------------------------------------------------------------------------------------------------------------------

-----------------------------------------------BRANCH PREDICTION MEASUREMENTS (Full Simulation i.e. Counts Not Reset When Warmup Ends)----------------------------------------------
Type                   NumBr     MispBr        mr     mpki
CondDirect          3286069      19309   0.5876%   0.9654
JumpDirect           222629          0   0.0000%   0.0000
JumpIndirect          32133          0   0.0000%   0.0000
JumpReturn           121702          0   0.0000%   0.0000
Not control        18410029          0   0.0000%   0.0000
------------------------------------------------------------------------------------------------------------------------------------------------------------------------------------

------------------------------------------------------DIRECT CONDITIONAL BRANCH PREDICTION MEASUREMENTS (Last 10M instructions)-----------------------------------------------------
       Instr       Cycles      IPC      NumBr     MispBr BrPerCyc MispBrPerCyc        MR     MPKI      CycWP   CycWPAvg   CycWPPKI
    10000047      4551850   2.1969    1544231      14853   0.3393       0.0033   0.9618%   1.4853     539293    36.3087    53.9290
------------------------------------------------------------------------------------------------------------------------------------------------------------------------------------

------------------------------------------------------DIRECT CONDITIONAL BRANCH PREDICTION MEASUREMENTS (Last 25M instructions)-----------------------------------------------------
       Instr       Cycles      IPC      NumBr     MispBr BrPerCyc MispBrPerCyc        MR     MPKI      CycWP   CycWPAvg   CycWPPKI
    20000047      6263749   3.1930    3286069      19309   0.5246       0.0031   0.5876%   0.9654     719075    37.2404    35.9537
-------------------------------------------------------------------------------------------------------------------------------------------------------------------------------------

---------------------------------------------------------DIRECT CONDITIONAL BRANCH PREDICTION MEASUREMENTS (50 Perc instructions)---------------------------------------------------
       Instr       Cycles      IPC      NumBr     MispBr BrPerCyc MispBrPerCyc        MR     MPKI      CycWP   CycWPAvg   CycWPPKI
    10000047      4551850   2.1969    1544231      14853   0.3393       0.0033   0.9618%   1.4853     539293    36.3087    53.9290
------------------------------------------------------------------------------------------------------------------------------------------------------------------------------------

-------------------------------------DIRECT CONDITIONAL BRANCH PREDICTION MEASUREMENTS (Full Simulation i.e. Counts Not Reset When Warmup Ends)-------------------------------------
       Instr       Cycles      IPC      NumBr     MispBr BrPerCyc MispBrPerCyc        MR     MPKI      CycWP   CycWPAvg   CycWPPKI
    20000047      6263749   3.1930    3286069      19309   0.5246       0.0031   0.5876%   0.9654     719075    37.2404    35.9537
------------------------------------------------------------------------------------------------------------------------------------------------------------------------------------
 Read 20000047 instrs 
G_PERCEP PC=0xAAAAB20BF59C, theta= 320, max bias=  20, baseline_comp=  0, stable_cnt= 82, grace_period=511, time_alive=  0
G_PERCEP PC=0xFFFFDEED90DC, theta= 320, max bias=  47, baseline_comp=  2, stable_cnt=  0, grace_period=281, time_alive=593
L_PERCEP PC=0xAAAAB20BF59C, theta= 261, max bias=  26, baseline_comp=  1, stable_cnt= 82, grace_period=511, time_alive=  0
L_PERCEP PC=0xFFFFDEED90DC, theta= 261, max bias=  16, baseline_comp=  4, stable_cnt=  0, grace_period=281, time_alive=593

ExecTime = 302.6294279098511
