CMD:bin/cbp.behrendt traces/web/web_15_trace.gz
5000000 instrs 
10000000 instrs 
L_PERCEP PC=0xAAAAB1A14CF4, theta= 253, max bias=  25, baseline_comp=  0, stable_cnt=255, grace_period=511, time_alive=  0
G_PERCEP PC=0xAAAAB1A14CF4, theta= 304, max bias=  20, baseline_comp=  0, stable_cnt=255, grace_period=511, time_alive=  0
EOF
======== Predictor Memory ========
TAGE-SC-L (bits) = 1305275
TAGE-SC-L (KBytes) = 159.335327
H2P_ID_MEM_BITS = 19456
H2P_ID_MEM (KBytes) = 2.375000
L_PERCEP_MEM_BITS = 176320
L_PERCEP_MEM (KBytes) = 21.523438
G_PERCEP_MEM_BITS = 33184
G_PERCEP_MEM (KBytes) = 4.050781
Total Memory (bits) = 1534235
Total Memory (KBytes) = 187.284546
======== Runtime Statistics ========
COL h2p_insert_cnt = 8
COL h2p_with_tage = 2298660
COL h2p_with_lhist_percep = 0
COL h2p_with_ghist_percep = 0
COL filtered_updates = 0
COL lhist_percep_evictions = 1
COL ghist_percep_evictions = 1
COL lhist_percep_stale_evictions = 0
COL ghist_percep_stale_evictions = 0
======== End of Statistics ========
WINDOW_SIZE = 1024
FETCH_WIDTH = 16
FETCH_NUM_BRANCH = 16
FETCH_STOP_AT_INDIRECT = 1
FETCH_STOP_AT_TAKEN = 1
FETCH_MODEL_ICACHE = 1
PERFECT_BRANCH_PRED = 0
PERFECT_INDIRECT_PRED = 1
PIPELINE_FILL_LATENCY = 10
NUM_LDST_LANES = 8
NUM_ALU_LANES = 16
MEMORY HIERARCHY CONFIGURATION---------------------
STRIDE Prefetcher = 1
PERFECT_CACHE = 0
WRITE_ALLOCATE = 1
Within-pipeline factors:
	AGEN latency = 1 cycle
	Store Queue (SQ): SQ size = window size, oracle memory disambiguation, store-load forwarding = 1 cycle after store's or load's agen.
	* Note: A store searches the L1$ at commit. The store is released
	* from the SQ and window, whether it hits or misses. Store misses
	* are buffered until the block is allocated and the store is
	* performed in the L1$. While buffered, conflicting loads get
	* the store's data as they would from the SQ.
I$: 128 KB, 8-way set-assoc., 64B block size
L1$: 128 KB, 8-way set-assoc., 64B block size, 3-cycle search latency
L2$: 4 MB, 8-way set-assoc., 64B block size, 12-cycle search latency
L3$: 32 MB, 16-way set-assoc., 128B block size, 50-cycle search latency
Main Memory: 150-cycle fixed search time
---------------------------STORE QUEUE MEASUREMENTS (Full Simulation i.e. Counts Not Reset When Warmup Ends)---------------------------
Number of loads: 4154910
Number of loads that miss in SQ: 3435763 (82.69%)
Number of PFs issued to the memory system 234279
---------------------------------------------------------------------------------------------------------------------------------------
------------------------MEMORY HIERARCHY MEASUREMENTS (Full Simulation i.e. Counts Not Reset When Warmup Ends)-------------------------
I$:
	accesses   = 16436949
	misses     = 80352
	miss ratio = 0.49%
	pf accesses   = 0
	pf misses     = 0
	pf miss ratio = -nan%
L1$:
	accesses   = 6166859
	misses     = 70832
	miss ratio = 1.15%
	pf accesses   = 234279
	pf misses     = 13256
	pf miss ratio = 5.66%
L2$:
	accesses   = 151184
	misses     = 52716
	miss ratio = 34.87%
	pf accesses   = 13256
	pf misses     = 5539
	pf miss ratio = 41.78%
L3$:
	accesses   = 52716
	misses     = 29550
	miss ratio = 56.06%
	pf accesses   = 5539
	pf misses     = 3092
	pf miss ratio = 55.82%
---------------------------------------------------------------------------------------------------------------------------------------
----------------------------------------------Prefetcher (Full Simulation i.e. No Warmup)----------------------------------------------
Num Trainings :4154910
Num Prefetches generated :237111
Num Prefetches issued :567012
Num Prefetches filtered by PF queue :16157
Num untimely prefetches dropped from PF queue :2832
Num prefetches not issued LDST contention :332733
Num prefetches not issued stride 0 :1089220
---------------------------------------------------------------------------------------------------------------------------------------

-------------------------------ILP LIMIT STUDY (Full Simulation i.e. Counts Not Reset When Warmup Ends)--------------------------------
instructions = 14999858
cycles       = 7896424
CycWP        = 2307654
IPC          = 1.8996

---------------------------------------------------------------------------------------------------------------------------------------

-----------------------------------------------BRANCH PREDICTION MEASUREMENTS (Full Simulation i.e. Counts Not Reset When Warmup Ends)----------------------------------------------
Type                   NumBr     MispBr        mr     mpki
CondDirect          2411251      76499   3.1726%   5.1000
JumpDirect           291746          0   0.0000%   0.0000
JumpIndirect         102563          0   0.0000%   0.0000
JumpReturn           146373          0   0.0000%   0.0000
Not control        13485016          0   0.0000%   0.0000
------------------------------------------------------------------------------------------------------------------------------------------------------------------------------------

------------------------------------------------------DIRECT CONDITIONAL BRANCH PREDICTION MEASUREMENTS (Last 10M instructions)-----------------------------------------------------
       Instr       Cycles      IPC      NumBr     MispBr BrPerCyc MispBrPerCyc        MR     MPKI      CycWP   CycWPAvg   CycWPPKI
    10999858      5061110   2.1734    1712337      46467   0.3383       0.0092   2.7137%   4.2243    1315482    28.3100   119.5908
------------------------------------------------------------------------------------------------------------------------------------------------------------------------------------

------------------------------------------------------DIRECT CONDITIONAL BRANCH PREDICTION MEASUREMENTS (Last 25M instructions)-----------------------------------------------------
       Instr       Cycles      IPC      NumBr     MispBr BrPerCyc MispBrPerCyc        MR     MPKI      CycWP   CycWPAvg   CycWPPKI
    14999858      7896424   1.8996    2411251      76499   0.3054       0.0097   3.1726%   5.1000    2307654    30.1658   153.8451
-------------------------------------------------------------------------------------------------------------------------------------------------------------------------------------

---------------------------------------------------------DIRECT CONDITIONAL BRANCH PREDICTION MEASUREMENTS (50 Perc instructions)---------------------------------------------------
       Instr       Cycles      IPC      NumBr     MispBr BrPerCyc MispBrPerCyc        MR     MPKI      CycWP   CycWPAvg   CycWPPKI
     7999858      3225182   2.4804    1229867      33762   0.3813       0.0105   2.7452%   4.2203     899893    26.6540   112.4886
------------------------------------------------------------------------------------------------------------------------------------------------------------------------------------

-------------------------------------DIRECT CONDITIONAL BRANCH PREDICTION MEASUREMENTS (Full Simulation i.e. Counts Not Reset When Warmup Ends)-------------------------------------
       Instr       Cycles      IPC      NumBr     MispBr BrPerCyc MispBrPerCyc        MR     MPKI      CycWP   CycWPAvg   CycWPPKI
    14999858      7896424   1.8996    2411251      76499   0.3054       0.0097   3.1726%   5.1000    2307654    30.1658   153.8451
------------------------------------------------------------------------------------------------------------------------------------------------------------------------------------
 Read 14999858 instrs 
G_PERCEP PC=0xAAAAB1DEEEE8, theta= 320, max bias=   6, baseline_comp= 15, stable_cnt=  0, grace_period=498, time_alive=2739
G_PERCEP PC=0xAAAAB2AB6364, theta= 320, max bias=  24, baseline_comp=  4, stable_cnt=  0, grace_period=383, time_alive=2893
G_PERCEP PC=0xAAAAB1A1D14C, theta= 312, max bias=  11, baseline_comp=  0, stable_cnt=  0, grace_period=511, time_alive=  0
G_PERCEP PC=0xAAAAB17DC5F0, theta= 320, max bias=  24, baseline_comp=  2, stable_cnt=  0, grace_period=511, time_alive=2742
G_PERCEP PC=0xAAAAACEEF220, theta= 320, max bias=   8, baseline_comp=  0, stable_cnt=  0, grace_period=223, time_alive=2516
G_PERCEP PC=0xAAAAB2AB6234, theta= 320, max bias=   8, baseline_comp=  1, stable_cnt=  0, grace_period=511, time_alive=3356
G_PERCEP PC=0xAAAAB20FA2FC, theta= 320, max bias=  10, baseline_comp=  2, stable_cnt=  0, grace_period=147, time_alive=2917
L_PERCEP PC=0xAAAAB1DEEEE8, theta= 261, max bias=   9, baseline_comp= 11, stable_cnt=  0, grace_period=498, time_alive=2676
L_PERCEP PC=0xAAAAB2AB6364, theta= 261, max bias=  33, baseline_comp=  4, stable_cnt=  0, grace_period=383, time_alive=2830
L_PERCEP PC=0xAAAAB1A1D14C, theta= 253, max bias=  28, baseline_comp=  0, stable_cnt=  0, grace_period=511, time_alive=  0
L_PERCEP PC=0xAAAAB17DC5F0, theta= 261, max bias=  18, baseline_comp=  2, stable_cnt=  0, grace_period=511, time_alive=2679
L_PERCEP PC=0xAAAAACEEF220, theta= 261, max bias=   2, baseline_comp=  0, stable_cnt=  0, grace_period=223, time_alive=2453
L_PERCEP PC=0xAAAAB2AB6234, theta= 261, max bias=  31, baseline_comp= 17, stable_cnt=  0, grace_period=511, time_alive=3293
L_PERCEP PC=0xAAAAB20FA2FC, theta= 261, max bias=  17, baseline_comp=  5, stable_cnt=  0, grace_period=147, time_alive=2854

ExecTime = 149.5590009689331
