CMD:bin/cbp.behrendt traces/web/web_25_trace.gz
5000000 instrs 
G_PERCEP PC=0xAAAAB2742500, theta= 320, max bias=  31, baseline_comp=  0, stable_cnt=255, grace_period=511, time_alive=  0
L_PERCEP PC=0xAAAAB1C7F834, theta= 261, max bias=   2, baseline_comp=  0, stable_cnt=255, grace_period=511, time_alive=  0
G_PERCEP PC=0xAAAAB1C7F834, theta= 320, max bias=   7, baseline_comp=  0, stable_cnt=255, grace_period=511, time_alive=  0
L_PERCEP PC=0xAAAAACECA054, theta= 261, max bias=  25, baseline_comp=  0, stable_cnt=  0, grace_period=310, time_alive=65535
L_PERCEP PC=0xAAAAB17FADB8, theta= 261, max bias=  14, baseline_comp=  0, stable_cnt=255, grace_period=511, time_alive=  0
G_PERCEP PC=0xAAAAB17FADB8, theta= 320, max bias=  11, baseline_comp=  0, stable_cnt=255, grace_period=511, time_alive=  0
G_PERCEP PC=0xAAAAACECA054, theta= 320, max bias=   7, baseline_comp=  0, stable_cnt=  0, grace_period=310, time_alive=65535
L_PERCEP PC=0xAAAAB1E9E484, theta= 261, max bias=  13, baseline_comp=  0, stable_cnt=255, grace_period=511, time_alive=  0
G_PERCEP PC=0xAAAAB1E9E484, theta= 312, max bias=  14, baseline_comp=  0, stable_cnt=255, grace_period=511, time_alive=  0
10000000 instrs 
L_PERCEP PC=0xAAAAB1E8DB6C, theta= 261, max bias=  20, baseline_comp=  0, stable_cnt=  0, grace_period=229, time_alive=65535
G_PERCEP PC=0xAAAAB1E8DB6C, theta= 320, max bias=   5, baseline_comp=  0, stable_cnt=  0, grace_period=229, time_alive=65535
G_PERCEP PC=0xAAAAB17FADB0, theta= 320, max bias=  18, baseline_comp=  0, stable_cnt=255, grace_period=511, time_alive=  0
L_PERCEP PC=0xAAAAB17FADB0, theta= 261, max bias=  29, baseline_comp=  0, stable_cnt=255, grace_period=511, time_alive=  0
G_PERCEP PC=0xAAAAB17FAE2C, theta= 288, max bias=  30, baseline_comp=  0, stable_cnt=255, grace_period=511, time_alive=  0
L_PERCEP PC=0xAAAAB2742554, theta= 253, max bias=  29, baseline_comp=  0, stable_cnt= 33, grace_period=511, time_alive=65535
L_PERCEP PC=0xAAAAB27425A0, theta= 261, max bias=  31, baseline_comp=  4, stable_cnt=  0, grace_period=511, time_alive=65535
L_PERCEP PC=0xAAAAB17FB10C, theta= 253, max bias=  31, baseline_comp=  0, stable_cnt=255, grace_period=511, time_alive=  0
L_PERCEP PC=0xAAAAB27424E8, theta= 261, max bias=  16, baseline_comp=  0, stable_cnt=105, grace_period=511, time_alive=65535
L_PERCEP PC=0xAAAAB2742504, theta= 269, max bias=  26, baseline_comp=  1, stable_cnt=  0, grace_period=511, time_alive=65535
L_PERCEP PC=0xAAAAB2742500, theta= 261, max bias=  37, baseline_comp=  7, stable_cnt=  0, grace_period=511, time_alive=65535
L_PERCEP PC=0xAAAAB17FADB0, theta= 261, max bias=  14, baseline_comp=  0, stable_cnt=255, grace_period=511, time_alive=  0
L_PERCEP PC=0xAAAAB1C7F788, theta= 253, max bias=  23, baseline_comp=  0, stable_cnt= 59, grace_period=511, time_alive=65535
L_PERCEP PC=0xAAAAB1C7F81C, theta= 261, max bias=  19, baseline_comp= 11, stable_cnt=  0, grace_period=511, time_alive=65535
G_PERCEP PC=0xAAAAB2742554, theta= 312, max bias=  49, baseline_comp=  0, stable_cnt=  1, grace_period=511, time_alive=65535
G_PERCEP PC=0xAAAAB27425A0, theta= 320, max bias=  47, baseline_comp=  0, stable_cnt=  9, grace_period=511, time_alive=65535
EOF
======== Predictor Memory ========
TAGE-SC-L (bits) = 1305275
TAGE-SC-L (KBytes) = 159.335327
H2P_ID_MEM_BITS = 19456
H2P_ID_MEM (KBytes) = 2.375000
L_PERCEP_MEM_BITS = 176320
L_PERCEP_MEM (KBytes) = 21.523438
G_PERCEP_MEM_BITS = 33184
G_PERCEP_MEM (KBytes) = 4.050781
Total Memory (bits) = 1534235
Total Memory (KBytes) = 187.284546
======== Runtime Statistics ========
COL h2p_insert_cnt = 33
COL h2p_with_tage = 2458402
COL h2p_with_lhist_percep = 167
COL h2p_with_ghist_percep = 0
COL filtered_updates = 0
COL lhist_percep_evictions = 6
COL ghist_percep_evictions = 6
COL lhist_percep_stale_evictions = 9
COL ghist_percep_stale_evictions = 4
======== End of Statistics ========
WINDOW_SIZE = 1024
FETCH_WIDTH = 16
FETCH_NUM_BRANCH = 16
FETCH_STOP_AT_INDIRECT = 1
FETCH_STOP_AT_TAKEN = 1
FETCH_MODEL_ICACHE = 1
PERFECT_BRANCH_PRED = 0
PERFECT_INDIRECT_PRED = 1
PIPELINE_FILL_LATENCY = 10
NUM_LDST_LANES = 8
NUM_ALU_LANES = 16
MEMORY HIERARCHY CONFIGURATION---------------------
STRIDE Prefetcher = 1
PERFECT_CACHE = 0
WRITE_ALLOCATE = 1
Within-pipeline factors:
	AGEN latency = 1 cycle
	Store Queue (SQ): SQ size = window size, oracle memory disambiguation, store-load forwarding = 1 cycle after store's or load's agen.
	* Note: A store searches the L1$ at commit. The store is released
	* from the SQ and window, whether it hits or misses. Store misses
	* are buffered until the block is allocated and the store is
	* performed in the L1$. While buffered, conflicting loads get
	* the store's data as they would from the SQ.
I$: 128 KB, 8-way set-assoc., 64B block size
L1$: 128 KB, 8-way set-assoc., 64B block size, 3-cycle search latency
L2$: 4 MB, 8-way set-assoc., 64B block size, 12-cycle search latency
L3$: 32 MB, 16-way set-assoc., 128B block size, 50-cycle search latency
Main Memory: 150-cycle fixed search time
---------------------------STORE QUEUE MEASUREMENTS (Full Simulation i.e. Counts Not Reset When Warmup Ends)---------------------------
Number of loads: 4415777
Number of loads that miss in SQ: 3472800 (78.65%)
Number of PFs issued to the memory system 213173
---------------------------------------------------------------------------------------------------------------------------------------
------------------------MEMORY HIERARCHY MEASUREMENTS (Full Simulation i.e. Counts Not Reset When Warmup Ends)-------------------------
I$:
	accesses   = 16640979
	misses     = 62955
	miss ratio = 0.38%
	pf accesses   = 0
	pf misses     = 0
	pf miss ratio = -nan%
L1$:
	accesses   = 6143019
	misses     = 121321
	miss ratio = 1.97%
	pf accesses   = 213173
	pf misses     = 5094
	pf miss ratio = 2.39%
L2$:
	accesses   = 184276
	misses     = 39226
	miss ratio = 21.29%
	pf accesses   = 5094
	pf misses     = 398
	pf miss ratio = 7.81%
L3$:
	accesses   = 39226
	misses     = 22065
	miss ratio = 56.25%
	pf accesses   = 398
	pf misses     = 204
	pf miss ratio = 51.26%
---------------------------------------------------------------------------------------------------------------------------------------
----------------------------------------------Prefetcher (Full Simulation i.e. No Warmup)----------------------------------------------
Num Trainings :4415777
Num Prefetches generated :215212
Num Prefetches issued :699938
Num Prefetches filtered by PF queue :12628
Num untimely prefetches dropped from PF queue :2039
Num prefetches not issued LDST contention :486765
Num prefetches not issued stride 0 :1145425
---------------------------------------------------------------------------------------------------------------------------------------

-------------------------------ILP LIMIT STUDY (Full Simulation i.e. Counts Not Reset When Warmup Ends)--------------------------------
instructions = 14999989
cycles       = 7258399
CycWP        = 3013157
IPC          = 2.0666

---------------------------------------------------------------------------------------------------------------------------------------

-----------------------------------------------BRANCH PREDICTION MEASUREMENTS (Full Simulation i.e. Counts Not Reset When Warmup Ends)----------------------------------------------
Type                   NumBr     MispBr        mr     mpki
CondDirect          2548670      87579   3.4363%   5.8386
JumpDirect           181682          0   0.0000%   0.0000
JumpIndirect          98902          0   0.0000%   0.0000
JumpReturn           139852          0   0.0000%   0.0000
Not control        13671873          0   0.0000%   0.0000
------------------------------------------------------------------------------------------------------------------------------------------------------------------------------------

------------------------------------------------------DIRECT CONDITIONAL BRANCH PREDICTION MEASUREMENTS (Last 10M instructions)-----------------------------------------------------
       Instr       Cycles      IPC      NumBr     MispBr BrPerCyc MispBrPerCyc        MR     MPKI      CycWP   CycWPAvg   CycWPPKI
    10999989      4125890   2.6661    1870860      70176   0.4534       0.0170   3.7510%   6.3796    2326148    33.1473   211.4682
------------------------------------------------------------------------------------------------------------------------------------------------------------------------------------

------------------------------------------------------DIRECT CONDITIONAL BRANCH PREDICTION MEASUREMENTS (Last 25M instructions)-----------------------------------------------------
       Instr       Cycles      IPC      NumBr     MispBr BrPerCyc MispBrPerCyc        MR     MPKI      CycWP   CycWPAvg   CycWPPKI
    14999989      7258399   2.0666    2548670      87579   0.3511       0.0121   3.4363%   5.8386    3013157    34.4050   200.8773
-------------------------------------------------------------------------------------------------------------------------------------------------------------------------------------

---------------------------------------------------------DIRECT CONDITIONAL BRANCH PREDICTION MEASUREMENTS (50 Perc instructions)---------------------------------------------------
       Instr       Cycles      IPC      NumBr     MispBr BrPerCyc MispBrPerCyc        MR     MPKI      CycWP   CycWPAvg   CycWPPKI
     7999989      2974665   2.6894    1342253      52138   0.4512       0.0175   3.8844%   6.5173    1734130    33.2604   216.7665
------------------------------------------------------------------------------------------------------------------------------------------------------------------------------------

-------------------------------------DIRECT CONDITIONAL BRANCH PREDICTION MEASUREMENTS (Full Simulation i.e. Counts Not Reset When Warmup Ends)-------------------------------------
       Instr       Cycles      IPC      NumBr     MispBr BrPerCyc MispBrPerCyc        MR     MPKI      CycWP   CycWPAvg   CycWPPKI
    14999989      7258399   2.0666    2548670      87579   0.3511       0.0121   3.4363%   5.8386    3013157    34.4050   200.8773
------------------------------------------------------------------------------------------------------------------------------------------------------------------------------------
 Read 14999989 instrs 
G_PERCEP PC=0xAAAAB1D2CB8C, theta= 320, max bias=   0, baseline_comp=  0, stable_cnt=  0, grace_period=  0, time_alive=258
G_PERCEP PC=0xAAAAB2269D54, theta= 320, max bias=   0, baseline_comp=  0, stable_cnt=  0, grace_period=  0, time_alive=20829
G_PERCEP PC=0xAAAAB2269F54, theta= 320, max bias=   0, baseline_comp=  0, stable_cnt=  0, grace_period=  0, time_alive=23374
G_PERCEP PC=0xAAAAB2269F28, theta= 312, max bias=  17, baseline_comp=  0, stable_cnt= 22, grace_period=511, time_alive=31140
G_PERCEP PC=0xAAAAB2269D40, theta= 320, max bias=  42, baseline_comp=  0, stable_cnt= 26, grace_period=511, time_alive=31139
G_PERCEP PC=0xAAAAB1D2CBB8, theta= 320, max bias=   0, baseline_comp=  0, stable_cnt=  0, grace_period=  0, time_alive=254
G_PERCEP PC=0xAAAAB17FB10C, theta= 288, max bias=  13, baseline_comp=  1, stable_cnt=  0, grace_period=511, time_alive= 29
G_PERCEP PC=0xAAAAB17FAE14, theta= 360, max bias=  26, baseline_comp=  2, stable_cnt=  0, grace_period=511, time_alive=  0
G_PERCEP PC=0xAAAAB17FAE24, theta= 304, max bias=  58, baseline_comp=  2, stable_cnt=  0, grace_period=511, time_alive=  4
G_PERCEP PC=0xAAAAB2269D18, theta= 312, max bias=  57, baseline_comp=  0, stable_cnt=  0, grace_period=511, time_alive=31138
G_PERCEP PC=0xAAAAB2742504, theta= 352, max bias=  23, baseline_comp=  2, stable_cnt=  0, grace_period=511, time_alive=60951
G_PERCEP PC=0xAAAAB1C7F81C, theta= 336, max bias=   3, baseline_comp=  3, stable_cnt=  0, grace_period=511, time_alive=52019
G_PERCEP PC=0xAAAAB17FB0BC, theta= 312, max bias=  16, baseline_comp=  5, stable_cnt=  0, grace_period=511, time_alive= 31
G_PERCEP PC=0xAAAAB27424E8, theta= 320, max bias=  14, baseline_comp=  1, stable_cnt=  0, grace_period=511, time_alive=60952
G_PERCEP PC=0xAAAAB17FAE60, theta= 288, max bias=  33, baseline_comp=  0, stable_cnt=  9, grace_period=511, time_alive= 36
G_PERCEP PC=0xAAAAB1C7F788, theta= 312, max bias=  22, baseline_comp=  0, stable_cnt=  7, grace_period=511, time_alive=52025
L_PERCEP PC=0xAAAAB2832190, theta= 261, max bias=  15, baseline_comp=  0, stable_cnt= 19, grace_period=511, time_alive=2262
L_PERCEP PC=0xAAAAB1E9E200, theta= 261, max bias=  30, baseline_comp=  0, stable_cnt=  9, grace_period=511, time_alive=  9
L_PERCEP PC=0xAAAAB1BD5E90, theta= 269, max bias=  29, baseline_comp=  0, stable_cnt=  8, grace_period=511, time_alive=23426
L_PERCEP PC=0xAAAAB1D2CB8C, theta= 261, max bias=  25, baseline_comp=  3, stable_cnt=  0, grace_period=511, time_alive=30048
L_PERCEP PC=0xAAAAB2269D54, theta= 261, max bias=  15, baseline_comp=  0, stable_cnt=  0, grace_period=511, time_alive=44793
L_PERCEP PC=0xAAAAB1D2DD00, theta= 261, max bias=  22, baseline_comp=  0, stable_cnt= 58, grace_period=511, time_alive=26549
L_PERCEP PC=0xAAAAB2269F54, theta= 261, max bias=  35, baseline_comp=  0, stable_cnt=  4, grace_period=511, time_alive=44794
L_PERCEP PC=0xAAAAB2269F28, theta= 261, max bias=  23, baseline_comp=  0, stable_cnt=  8, grace_period=511, time_alive=44795
L_PERCEP PC=0xAAAAB2269D40, theta= 269, max bias=  34, baseline_comp=  0, stable_cnt= 13, grace_period=511, time_alive=44792
L_PERCEP PC=0xAAAAB17FAE2C, theta= 261, max bias=  17, baseline_comp=  0, stable_cnt= 14, grace_period=511, time_alive=  8
L_PERCEP PC=0xAAAAB17FB098, theta= 261, max bias=  14, baseline_comp=  1, stable_cnt=  0, grace_period=339, time_alive= 35
L_PERCEP PC=0xAAAAB1D2CBB8, theta= 261, max bias=  31, baseline_comp=  1, stable_cnt=  1, grace_period=511, time_alive=30052
L_PERCEP PC=0xAAAAB1D2DD24, theta= 261, max bias=  27, baseline_comp=  0, stable_cnt=  2, grace_period=511, time_alive=26545
L_PERCEP PC=0xAAAAB17FAE14, theta= 221, max bias=  36, baseline_comp=  2, stable_cnt=  0, grace_period=511, time_alive=  0
L_PERCEP PC=0xAAAAB17FAE24, theta= 197, max bias=  16, baseline_comp=  0, stable_cnt=  5, grace_period=511, time_alive=  4
L_PERCEP PC=0xAAAAB2269D18, theta= 261, max bias=  16, baseline_comp=  0, stable_cnt= 48, grace_period=511, time_alive=44791
L_PERCEP PC=0xAAAAB17FB0BC, theta= 261, max bias=  19, baseline_comp=  3, stable_cnt=  0, grace_period=511, time_alive= 34
L_PERCEP PC=0xAAAAB17FAE60, theta= 245, max bias=  23, baseline_comp=  0, stable_cnt= 24, grace_period=511, time_alive= 44

ExecTime = 266.3643248081207
