CMD:bin/cbp.behrendt traces/web/web_19_trace.gz
L_PERCEP PC=0xAAAAAE2B0C50, theta= 253, max bias=  13, baseline_comp=  0, stable_cnt=255, grace_period=511, time_alive=  0
G_PERCEP PC=0xAAAAAE2B0C50, theta= 312, max bias=  23, baseline_comp=  0, stable_cnt=255, grace_period=511, time_alive=  0
L_PERCEP PC=0xAAAAAE2B6F38, theta= 253, max bias=  19, baseline_comp=  0, stable_cnt=255, grace_period=511, time_alive=  0
G_PERCEP PC=0xAAAAAE2B6F38, theta= 304, max bias=  17, baseline_comp=  0, stable_cnt=255, grace_period=511, time_alive=  0
L_PERCEP PC=0xAAAAAE2B7104, theta= 261, max bias=  22, baseline_comp=  0, stable_cnt=255, grace_period=511, time_alive=  0
G_PERCEP PC=0xAAAAAE2B7104, theta= 312, max bias=  11, baseline_comp=  0, stable_cnt=255, grace_period=511, time_alive=  0
G_PERCEP PC=0xAAAAAE2B0DDC, theta= 320, max bias=  35, baseline_comp=  0, stable_cnt=255, grace_period=511, time_alive=  0
L_PERCEP PC=0xAAAAAE2B0DDC, theta= 261, max bias=  15, baseline_comp=  0, stable_cnt=255, grace_period=511, time_alive=  0
5000000 instrs 
10000000 instrs 
15000000 instrs 
EOF
======== Predictor Memory ========
TAGE-SC-L (bits) = 1305275
TAGE-SC-L (KBytes) = 159.335327
H2P_ID_MEM_BITS = 19456
H2P_ID_MEM (KBytes) = 2.375000
L_PERCEP_MEM_BITS = 176320
L_PERCEP_MEM (KBytes) = 21.523438
G_PERCEP_MEM_BITS = 33184
G_PERCEP_MEM (KBytes) = 4.050781
Total Memory (bits) = 1534235
Total Memory (KBytes) = 187.284546
======== Runtime Statistics ========
COL h2p_insert_cnt = 12
COL h2p_with_tage = 2446763
COL h2p_with_lhist_percep = 0
COL h2p_with_ghist_percep = 0
COL filtered_updates = 0
COL lhist_percep_evictions = 4
COL ghist_percep_evictions = 4
COL lhist_percep_stale_evictions = 0
COL ghist_percep_stale_evictions = 0
======== End of Statistics ========
WINDOW_SIZE = 1024
FETCH_WIDTH = 16
FETCH_NUM_BRANCH = 16
FETCH_STOP_AT_INDIRECT = 1
FETCH_STOP_AT_TAKEN = 1
FETCH_MODEL_ICACHE = 1
PERFECT_BRANCH_PRED = 0
PERFECT_INDIRECT_PRED = 1
PIPELINE_FILL_LATENCY = 10
NUM_LDST_LANES = 8
NUM_ALU_LANES = 16
MEMORY HIERARCHY CONFIGURATION---------------------
STRIDE Prefetcher = 1
PERFECT_CACHE = 0
WRITE_ALLOCATE = 1
Within-pipeline factors:
	AGEN latency = 1 cycle
	Store Queue (SQ): SQ size = window size, oracle memory disambiguation, store-load forwarding = 1 cycle after store's or load's agen.
	* Note: A store searches the L1$ at commit. The store is released
	* from the SQ and window, whether it hits or misses. Store misses
	* are buffered until the block is allocated and the store is
	* performed in the L1$. While buffered, conflicting loads get
	* the store's data as they would from the SQ.
I$: 128 KB, 8-way set-assoc., 64B block size
L1$: 128 KB, 8-way set-assoc., 64B block size, 3-cycle search latency
L2$: 4 MB, 8-way set-assoc., 64B block size, 12-cycle search latency
L3$: 32 MB, 16-way set-assoc., 128B block size, 50-cycle search latency
Main Memory: 150-cycle fixed search time
---------------------------STORE QUEUE MEASUREMENTS (Full Simulation i.e. Counts Not Reset When Warmup Ends)---------------------------
Number of loads: 4198118
Number of loads that miss in SQ: 3407375 (81.16%)
Number of PFs issued to the memory system 303565
---------------------------------------------------------------------------------------------------------------------------------------
------------------------MEMORY HIERARCHY MEASUREMENTS (Full Simulation i.e. Counts Not Reset When Warmup Ends)-------------------------
I$:
	accesses   = 16653833
	misses     = 85591
	miss ratio = 0.51%
	pf accesses   = 0
	pf misses     = 0
	pf miss ratio = -nan%
L1$:
	accesses   = 6084931
	misses     = 80928
	miss ratio = 1.33%
	pf accesses   = 303565
	pf misses     = 10415
	pf miss ratio = 3.43%
L2$:
	accesses   = 166519
	misses     = 67898
	miss ratio = 40.77%
	pf accesses   = 10415
	pf misses     = 6418
	pf miss ratio = 61.62%
L3$:
	accesses   = 67898
	misses     = 39279
	miss ratio = 57.85%
	pf accesses   = 6418
	pf misses     = 3293
	pf miss ratio = 51.31%
---------------------------------------------------------------------------------------------------------------------------------------
----------------------------------------------Prefetcher (Full Simulation i.e. No Warmup)----------------------------------------------
Num Trainings :4198118
Num Prefetches generated :305352
Num Prefetches issued :708437
Num Prefetches filtered by PF queue :16392
Num untimely prefetches dropped from PF queue :1787
Num prefetches not issued LDST contention :404872
Num prefetches not issued stride 0 :1319287
---------------------------------------------------------------------------------------------------------------------------------------

-------------------------------ILP LIMIT STUDY (Full Simulation i.e. Counts Not Reset When Warmup Ends)--------------------------------
instructions = 15000016
cycles       = 9436047
CycWP        = 2362774
IPC          = 1.5897

---------------------------------------------------------------------------------------------------------------------------------------

-----------------------------------------------BRANCH PREDICTION MEASUREMENTS (Full Simulation i.e. Counts Not Reset When Warmup Ends)----------------------------------------------
Type                   NumBr     MispBr        mr     mpki
CondDirect          2562002      76354   2.9802%   5.0903
JumpDirect           354292          0   0.0000%   0.0000
JumpIndirect          96038          0   0.0000%   0.0000
JumpReturn           193495          0   0.0000%   0.0000
Not control        13448006          0   0.0000%   0.0000
------------------------------------------------------------------------------------------------------------------------------------------------------------------------------------

------------------------------------------------------DIRECT CONDITIONAL BRANCH PREDICTION MEASUREMENTS (Last 10M instructions)-----------------------------------------------------
       Instr       Cycles      IPC      NumBr     MispBr BrPerCyc MispBrPerCyc        MR     MPKI      CycWP   CycWPAvg   CycWPPKI
    10000016      6400066   1.5625    1714065      61519   0.2678       0.0096   3.5891%   6.1519    1654029    26.8865   165.4026
------------------------------------------------------------------------------------------------------------------------------------------------------------------------------------

------------------------------------------------------DIRECT CONDITIONAL BRANCH PREDICTION MEASUREMENTS (Last 25M instructions)-----------------------------------------------------
       Instr       Cycles      IPC      NumBr     MispBr BrPerCyc MispBrPerCyc        MR     MPKI      CycWP   CycWPAvg   CycWPPKI
    15000016      9436047   1.5897    2562002      76354   0.2715       0.0081   2.9802%   5.0903    2362774    30.9450   157.5181
-------------------------------------------------------------------------------------------------------------------------------------------------------------------------------------

---------------------------------------------------------DIRECT CONDITIONAL BRANCH PREDICTION MEASUREMENTS (50 Perc instructions)---------------------------------------------------
       Instr       Cycles      IPC      NumBr     MispBr BrPerCyc MispBrPerCyc        MR     MPKI      CycWP   CycWPAvg   CycWPPKI
     8000016      4287065   1.8661    1380363      49814   0.3220       0.0116   3.6088%   6.2267    1193448    23.9581   149.1807
------------------------------------------------------------------------------------------------------------------------------------------------------------------------------------

-------------------------------------DIRECT CONDITIONAL BRANCH PREDICTION MEASUREMENTS (Full Simulation i.e. Counts Not Reset When Warmup Ends)-------------------------------------
       Instr       Cycles      IPC      NumBr     MispBr BrPerCyc MispBrPerCyc        MR     MPKI      CycWP   CycWPAvg   CycWPPKI
    15000016      9436047   1.5897    2562002      76354   0.2715       0.0081   2.9802%   5.0903    2362774    30.9450   157.5181
------------------------------------------------------------------------------------------------------------------------------------------------------------------------------------
 Read 15000016 instrs 
G_PERCEP PC=0xFFFFDEED7DD8, theta= 320, max bias=   9, baseline_comp=  0, stable_cnt=  0, grace_period= 59, time_alive=  1
G_PERCEP PC=0xAAAAB1A88E9C, theta= 320, max bias=  22, baseline_comp=  1, stable_cnt= 12, grace_period=511, time_alive=133
G_PERCEP PC=0xAAAAB17FAE24, theta= 320, max bias=  27, baseline_comp=  0, stable_cnt=  8, grace_period=511, time_alive=1695
G_PERCEP PC=0xAAAAB17FAE14, theta= 320, max bias=  15, baseline_comp=  6, stable_cnt=  0, grace_period=511, time_alive=1692
G_PERCEP PC=0xAAAAF04F0C34, theta= 320, max bias=   3, baseline_comp=  0, stable_cnt=  0, grace_period=  3, time_alive=  0
G_PERCEP PC=0xAAAAACF8B0A8, theta= 320, max bias=   5, baseline_comp=  0, stable_cnt=  0, grace_period= 71, time_alive=  5
G_PERCEP PC=0xAAAAAE2B0C3C, theta= 320, max bias=  11, baseline_comp=  1, stable_cnt=  0, grace_period=511, time_alive=6693
G_PERCEP PC=0xAAAAAE2B6F38, theta= 320, max bias=   3, baseline_comp=  0, stable_cnt= 47, grace_period=511, time_alive=6688
L_PERCEP PC=0xFFFFDEED7DD8, theta= 261, max bias=   2, baseline_comp=  0, stable_cnt=  0, grace_period= 59, time_alive=  1
L_PERCEP PC=0xAAAAB1A88E9C, theta= 261, max bias=  20, baseline_comp=  6, stable_cnt=  0, grace_period=511, time_alive=133
L_PERCEP PC=0xAAAAB17FAE24, theta= 245, max bias=  28, baseline_comp=  2, stable_cnt=  0, grace_period=511, time_alive=1695
L_PERCEP PC=0xAAAAB17FAE14, theta= 237, max bias=  28, baseline_comp= 13, stable_cnt=  0, grace_period=511, time_alive=1692
L_PERCEP PC=0xAAAAF04F0C34, theta= 261, max bias=   2, baseline_comp=  0, stable_cnt=  0, grace_period=  3, time_alive=  0
L_PERCEP PC=0xAAAAACF8B0A8, theta= 261, max bias=   2, baseline_comp=  0, stable_cnt=  0, grace_period= 71, time_alive=  5
L_PERCEP PC=0xAAAAAE2B0C3C, theta= 261, max bias=  14, baseline_comp=  1, stable_cnt=  0, grace_period=511, time_alive=6693
L_PERCEP PC=0xAAAAAE2B6F38, theta= 261, max bias=   9, baseline_comp=  5, stable_cnt=  0, grace_period=511, time_alive=6688

ExecTime = 157.43362140655518
