CMD:bin/cbp.behrendt traces/web/web_6_trace.gz
L_PERCEP PC=0xAAAAAB10B624, theta= 261, max bias=  33, baseline_comp=  0, stable_cnt=255, grace_period=511, time_alive=  0
G_PERCEP PC=0xAAAAAB10B624, theta= 320, max bias=   9, baseline_comp=  0, stable_cnt=255, grace_period=511, time_alive=  0
L_PERCEP PC=0xAAAAAB10B2A0, theta= 261, max bias=  35, baseline_comp=  0, stable_cnt=255, grace_period=511, time_alive=  0
G_PERCEP PC=0xAAAAAB10B2A0, theta= 320, max bias=  25, baseline_comp=  0, stable_cnt=255, grace_period=511, time_alive=  0
L_PERCEP PC=0xAAAAAB10B284, theta= 261, max bias=  16, baseline_comp=  0, stable_cnt=255, grace_period=511, time_alive=  0
G_PERCEP PC=0xAAAAAB10B284, theta= 320, max bias=  28, baseline_comp=  0, stable_cnt=255, grace_period=511, time_alive=  0
G_PERCEP PC=0xAAAAAB10B2A0, theta= 320, max bias=  38, baseline_comp=  0, stable_cnt=255, grace_period=511, time_alive=  0
L_PERCEP PC=0xAAAAAB10B2A0, theta= 261, max bias=  27, baseline_comp=  0, stable_cnt=255, grace_period=511, time_alive=  0
5000000 instrs 
L_PERCEP PC=0xAAAAAB4B300C, theta= 261, max bias=   9, baseline_comp=  0, stable_cnt=255, grace_period=511, time_alive=  0
G_PERCEP PC=0xAAAAAB4B300C, theta= 312, max bias=  34, baseline_comp=  0, stable_cnt=255, grace_period=511, time_alive=  0
L_PERCEP PC=0xAAAAAB10B624, theta= 261, max bias=  12, baseline_comp=  0, stable_cnt=255, grace_period=511, time_alive=  0
L_PERCEP PC=0xAAAAAB10B284, theta= 261, max bias=   9, baseline_comp=  0, stable_cnt=255, grace_period=511, time_alive=  0
G_PERCEP PC=0xAAAAAB10B284, theta= 320, max bias=  27, baseline_comp=  0, stable_cnt=255, grace_period=511, time_alive=  0
G_PERCEP PC=0xAAAAAB10B624, theta= 320, max bias=  12, baseline_comp=  0, stable_cnt=255, grace_period=511, time_alive=  0
L_PERCEP PC=0xAAAAAB3B38DC, theta= 261, max bias=  16, baseline_comp=  0, stable_cnt=255, grace_period=511, time_alive=  0
10000000 instrs 
L_PERCEP PC=0xAAAAAB4A2CB0, theta= 261, max bias=  30, baseline_comp=  0, stable_cnt=255, grace_period=511, time_alive=  0
G_PERCEP PC=0xAAAAAB4A2CB0, theta= 304, max bias=  21, baseline_comp=  0, stable_cnt=255, grace_period=511, time_alive=  0
G_PERCEP PC=0xAAAAAB49AB28, theta= 312, max bias=  18, baseline_comp=  0, stable_cnt=255, grace_period=511, time_alive=  0
L_PERCEP PC=0xAAAAAB49AB28, theta= 261, max bias=   8, baseline_comp=  0, stable_cnt=255, grace_period=511, time_alive=  0
L_PERCEP PC=0xAAAAAB3B4234, theta= 261, max bias=  27, baseline_comp=  0, stable_cnt=255, grace_period=511, time_alive=  0
G_PERCEP PC=0xAAAAAB3B38DC, theta= 312, max bias=  55, baseline_comp=  0, stable_cnt=255, grace_period=511, time_alive=  0
G_PERCEP PC=0xAAAAAB4A2D24, theta= 312, max bias=  24, baseline_comp=  0, stable_cnt=255, grace_period=511, time_alive=  0
L_PERCEP PC=0xAAAAAB4A2D24, theta= 253, max bias=  36, baseline_comp=  0, stable_cnt=255, grace_period=511, time_alive=  0
G_PERCEP PC=0xAAAAAB3B40A0, theta= 304, max bias=  38, baseline_comp=  0, stable_cnt=255, grace_period=511, time_alive=  0
G_PERCEP PC=0xAAAAAB3B4234, theta= 312, max bias=  49, baseline_comp=  0, stable_cnt=255, grace_period=511, time_alive=  0
15000000 instrs 
G_PERCEP PC=0xAAAAAB3B3A18, theta= 312, max bias=  11, baseline_comp=  0, stable_cnt=255, grace_period=511, time_alive=  0
G_PERCEP PC=0xAAAAAB3B3908, theta= 328, max bias=  52, baseline_comp=  0, stable_cnt=255, grace_period=511, time_alive=  0
G_PERCEP PC=0xAAAAAB10B2A0, theta= 312, max bias=  22, baseline_comp=  0, stable_cnt= 40, grace_period=511, time_alive=65535
G_PERCEP PC=0xAAAAAB10A074, theta= 312, max bias=  41, baseline_comp=  0, stable_cnt= 16, grace_period=511, time_alive=65535
G_PERCEP PC=0xAAAAAB45DE88, theta= 312, max bias=  11, baseline_comp=  0, stable_cnt=255, grace_period=511, time_alive=  0
L_PERCEP PC=0xAAAAAB10B2A0, theta= 261, max bias=  15, baseline_comp=  0, stable_cnt= 11, grace_period=511, time_alive=65535
L_PERCEP PC=0xAAAAAB10A074, theta= 229, max bias=  17, baseline_comp=  1, stable_cnt=  0, grace_period=511, time_alive=65535
L_PERCEP PC=0xAAAAAB10A064, theta= 261, max bias=   4, baseline_comp=  0, stable_cnt=  0, grace_period=  9, time_alive=65535
G_PERCEP PC=0xAAAAAB10A064, theta= 320, max bias=   3, baseline_comp=  0, stable_cnt=  0, grace_period=  9, time_alive=65535
L_PERCEP PC=0xAAAAAB4A2D24, theta= 261, max bias=  12, baseline_comp=  0, stable_cnt=255, grace_period=511, time_alive=  0
G_PERCEP PC=0xAAAAAB4A2D24, theta= 320, max bias=  33, baseline_comp=  0, stable_cnt=255, grace_period=511, time_alive=  0
20000000 instrs 
L_PERCEP PC=0xAAAAAB3A1B9C, theta= 253, max bias=  11, baseline_comp=  0, stable_cnt=255, grace_period=511, time_alive=  0
G_PERCEP PC=0xAAAAAB3B38B0, theta= 312, max bias=  30, baseline_comp=  0, stable_cnt=255, grace_period=511, time_alive=  0
L_PERCEP PC=0xAAAAAB3B38B0, theta= 261, max bias=  12, baseline_comp=  0, stable_cnt=255, grace_period=511, time_alive=  0
L_PERCEP PC=0xAAAAAB4A2CB0, theta= 261, max bias=   3, baseline_comp=  0, stable_cnt=255, grace_period=511, time_alive=  0
L_PERCEP PC=0xAAAAAB4FA3FC, theta= 261, max bias=  33, baseline_comp=  0, stable_cnt=255, grace_period=511, time_alive=  0
L_PERCEP PC=0xAAAAAB3B40A0, theta= 253, max bias=  36, baseline_comp=  1, stable_cnt=110, grace_period=511, time_alive=65535
L_PERCEP PC=0xAAAAAB3B40B4, theta= 261, max bias=  27, baseline_comp=  0, stable_cnt= 13, grace_period=511, time_alive=65535
L_PERCEP PC=0xAAAAAB3B425C, theta= 269, max bias=  25, baseline_comp=  1, stable_cnt=  0, grace_period=511, time_alive=65535
L_PERCEP PC=0xAAAAAB3B389C, theta= 261, max bias=  11, baseline_comp=  0, stable_cnt=255, grace_period=511, time_alive=  0
25000000 instrs 
L_PERCEP PC=0xAAAAAB468AEC, theta= 253, max bias=  18, baseline_comp=  2, stable_cnt=  0, grace_period=511, time_alive=65535
L_PERCEP PC=0xAAAAAB468BA8, theta= 261, max bias=  28, baseline_comp=  0, stable_cnt= 54, grace_period=511, time_alive=65535
L_PERCEP PC=0xAAAAAB469348, theta= 261, max bias=   4, baseline_comp=  0, stable_cnt=  0, grace_period= 40, time_alive=65535
L_PERCEP PC=0xAAAAAB49AA70, theta= 253, max bias=  19, baseline_comp=  0, stable_cnt=255, grace_period=511, time_alive=  0
L_PERCEP PC=0xAAAAAB45DE88, theta= 237, max bias=  28, baseline_comp= 50, stable_cnt=  0, grace_period=511, time_alive=65535
G_PERCEP PC=0xAAAAAB3B425C, theta= 312, max bias=  84, baseline_comp=  0, stable_cnt=255, grace_period=511, time_alive=  0
L_PERCEP PC=0xAAAAAB3A2EA0, theta= 261, max bias=  12, baseline_comp=  1, stable_cnt=  1, grace_period=511, time_alive=65535
L_PERCEP PC=0xAAAAAB3A2F7C, theta= 261, max bias=  21, baseline_comp=  3, stable_cnt=  0, grace_period=511, time_alive=65535
L_PERCEP PC=0xAAAAAB3A2E64, theta= 253, max bias=  21, baseline_comp=  1, stable_cnt=  4, grace_period=511, time_alive=65535
G_PERCEP PC=0xAAAAAB4A2CB0, theta= 320, max bias=  11, baseline_comp=  0, stable_cnt=255, grace_period=511, time_alive=  0
L_PERCEP PC=0xAAAAAB3182F0, theta= 261, max bias=  20, baseline_comp=  1, stable_cnt=  0, grace_period=389, time_alive=65535
L_PERCEP PC=0xAAAAAB318314, theta= 261, max bias=  34, baseline_comp=  3, stable_cnt=  0, grace_period=420, time_alive=65535
L_PERCEP PC=0xAAAAAB3A24F0, theta= 245, max bias=  29, baseline_comp=  1, stable_cnt=  1, grace_period=511, time_alive=65535
L_PERCEP PC=0xAAAAAB4B3024, theta= 221, max bias=  29, baseline_comp=  4, stable_cnt=  0, grace_period=511, time_alive=65535
L_PERCEP PC=0xAAAAAB4FA434, theta= 261, max bias=  24, baseline_comp=  1, stable_cnt=  0, grace_period=213, time_alive=65535
L_PERCEP PC=0xAAAAAB3B39EC, theta= 261, max bias=  21, baseline_comp=  0, stable_cnt=255, grace_period=511, time_alive=  0
L_PERCEP PC=0xAAAAAB385604, theta= 261, max bias=  31, baseline_comp=  0, stable_cnt=255, grace_period=511, time_alive=  0
L_PERCEP PC=0xAAAAAB5208A4, theta= 269, max bias=  26, baseline_comp=  0, stable_cnt= 88, grace_period=511, time_alive=65535
L_PERCEP PC=0xAAAAAB499D24, theta= 261, max bias=  23, baseline_comp=  0, stable_cnt=255, grace_period=511, time_alive=  0
L_PERCEP PC=0xAAAAAB3B30DC, theta= 269, max bias=  36, baseline_comp=  0, stable_cnt=255, grace_period=511, time_alive=  0
30000000 instrs 
L_PERCEP PC=0xAAAAAB3B38DC, theta= 261, max bias=  14, baseline_comp=  0, stable_cnt=255, grace_period=511, time_alive=  0
L_PERCEP PC=0xAAAAAB4C1B14, theta= 261, max bias=  18, baseline_comp=  1, stable_cnt=  0, grace_period=511, time_alive=65535
L_PERCEP PC=0xAAAAAB4C1BD0, theta= 261, max bias=  16, baseline_comp=  0, stable_cnt=  0, grace_period=497, time_alive=65535
L_PERCEP PC=0xAAAAAB3B4280, theta= 261, max bias=  14, baseline_comp=  0, stable_cnt=255, grace_period=511, time_alive=  0
L_PERCEP PC=0xAAAAAB4BD7C8, theta= 261, max bias=  24, baseline_comp=  1, stable_cnt=  0, grace_period=511, time_alive=65535
L_PERCEP PC=0xAAAAAB4BD76C, theta= 269, max bias=  23, baseline_comp=  3, stable_cnt=  2, grace_period=511, time_alive=65535
L_PERCEP PC=0xAAAAAB4BD7A8, theta= 261, max bias=  19, baseline_comp=  1, stable_cnt=  0, grace_period=511, time_alive=65535
L_PERCEP PC=0xAAAAAB4BE688, theta= 261, max bias=   4, baseline_comp=  0, stable_cnt=  0, grace_period= 44, time_alive=65535
L_PERCEP PC=0xAAAAAB4BE630, theta= 261, max bias=   4, baseline_comp=  0, stable_cnt=  0, grace_period= 64, time_alive=65535
L_PERCEP PC=0xAAAAAB4B7E60, theta= 261, max bias=  27, baseline_comp=  1, stable_cnt=  6, grace_period=511, time_alive=65535
L_PERCEP PC=0xAAAAAB39BD8C, theta= 261, max bias=  13, baseline_comp=  0, stable_cnt= 21, grace_period=511, time_alive=65535
L_PERCEP PC=0xAAAAAB3B38B0, theta= 261, max bias=  15, baseline_comp=  0, stable_cnt=255, grace_period=511, time_alive=  0
G_PERCEP PC=0xAAAAAB468AEC, theta= 304, max bias=  26, baseline_comp=  3, stable_cnt=  0, grace_period=511, time_alive=65535
G_PERCEP PC=0xAAAAAB468BA8, theta= 320, max bias=  12, baseline_comp=  4, stable_cnt=  0, grace_period=511, time_alive=65535
G_PERCEP PC=0xAAAAAB469348, theta= 320, max bias=   3, baseline_comp=  0, stable_cnt=  0, grace_period= 40, time_alive=65535
L_PERCEP PC=0xAAAAAB4BD784, theta= 261, max bias=  37, baseline_comp=  0, stable_cnt=255, grace_period=511, time_alive=  0
L_PERCEP PC=0xAAAAAB4B7E54, theta= 253, max bias=  17, baseline_comp=  0, stable_cnt=255, grace_period=511, time_alive=  0
35000000 instrs 
40000000 instrs 
EOF
======== Predictor Memory ========
TAGE-SC-L (bits) = 1305275
TAGE-SC-L (KBytes) = 159.335327
H2P_ID_MEM_BITS = 19456
H2P_ID_MEM (KBytes) = 2.375000
L_PERCEP_MEM_BITS = 176320
L_PERCEP_MEM (KBytes) = 21.523438
G_PERCEP_MEM_BITS = 33184
G_PERCEP_MEM (KBytes) = 4.050781
Total Memory (bits) = 1534235
Total Memory (KBytes) = 187.284546
======== Runtime Statistics ========
COL h2p_insert_cnt = 96
COL h2p_with_tage = 5818114
COL h2p_with_lhist_percep = 3460
COL h2p_with_ghist_percep = 0
COL filtered_updates = 0
COL lhist_percep_evictions = 28
COL ghist_percep_evictions = 20
COL lhist_percep_stale_evictions = 28
COL ghist_percep_stale_evictions = 6
======== End of Statistics ========
WINDOW_SIZE = 1024
FETCH_WIDTH = 16
FETCH_NUM_BRANCH = 16
FETCH_STOP_AT_INDIRECT = 1
FETCH_STOP_AT_TAKEN = 1
FETCH_MODEL_ICACHE = 1
PERFECT_BRANCH_PRED = 0
PERFECT_INDIRECT_PRED = 1
PIPELINE_FILL_LATENCY = 10
NUM_LDST_LANES = 8
NUM_ALU_LANES = 16
MEMORY HIERARCHY CONFIGURATION---------------------
STRIDE Prefetcher = 1
PERFECT_CACHE = 0
WRITE_ALLOCATE = 1
Within-pipeline factors:
	AGEN latency = 1 cycle
	Store Queue (SQ): SQ size = window size, oracle memory disambiguation, store-load forwarding = 1 cycle after store's or load's agen.
	* Note: A store searches the L1$ at commit. The store is released
	* from the SQ and window, whether it hits or misses. Store misses
	* are buffered until the block is allocated and the store is
	* performed in the L1$. While buffered, conflicting loads get
	* the store's data as they would from the SQ.
I$: 128 KB, 8-way set-assoc., 64B block size
L1$: 128 KB, 8-way set-assoc., 64B block size, 3-cycle search latency
L2$: 4 MB, 8-way set-assoc., 64B block size, 12-cycle search latency
L3$: 32 MB, 16-way set-assoc., 128B block size, 50-cycle search latency
Main Memory: 150-cycle fixed search time
---------------------------STORE QUEUE MEASUREMENTS (Full Simulation i.e. Counts Not Reset When Warmup Ends)---------------------------
Number of loads: 11955308
Number of loads that miss in SQ: 9533920 (79.75%)
Number of PFs issued to the memory system 956944
---------------------------------------------------------------------------------------------------------------------------------------
------------------------MEMORY HIERARCHY MEASUREMENTS (Full Simulation i.e. Counts Not Reset When Warmup Ends)-------------------------
I$:
	accesses   = 45357017
	misses     = 17914
	miss ratio = 0.04%
	pf accesses   = 0
	pf misses     = 0
	pf miss ratio = -nan%
L1$:
	accesses   = 17360024
	misses     = 209732
	miss ratio = 1.21%
	pf accesses   = 956944
	pf misses     = 24232
	pf miss ratio = 2.53%
L2$:
	accesses   = 227646
	misses     = 44900
	miss ratio = 19.72%
	pf accesses   = 24232
	pf misses     = 2694
	pf miss ratio = 11.12%
L3$:
	accesses   = 44900
	misses     = 24049
	miss ratio = 53.56%
	pf accesses   = 2694
	pf misses     = 1447
	pf miss ratio = 53.71%
---------------------------------------------------------------------------------------------------------------------------------------
----------------------------------------------Prefetcher (Full Simulation i.e. No Warmup)----------------------------------------------
Num Trainings :11955308
Num Prefetches generated :960679
Num Prefetches issued :1626059
Num Prefetches filtered by PF queue :25464
Num untimely prefetches dropped from PF queue :3735
Num prefetches not issued LDST contention :669115
Num prefetches not issued stride 0 :3306443
---------------------------------------------------------------------------------------------------------------------------------------

-------------------------------ILP LIMIT STUDY (Full Simulation i.e. Counts Not Reset When Warmup Ends)--------------------------------
instructions = 40000022
cycles       = 12969078
CycWP        = 5471345
IPC          = 3.0843

---------------------------------------------------------------------------------------------------------------------------------------

-----------------------------------------------BRANCH PREDICTION MEASUREMENTS (Full Simulation i.e. Counts Not Reset When Warmup Ends)----------------------------------------------
Type                   NumBr     MispBr        mr     mpki
CondDirect          6002648     184334   3.0709%   4.6083
JumpDirect          1518631          0   0.0000%   0.0000
JumpIndirect         155535          0   0.0000%   0.0000
JumpReturn          1105549          0   0.0000%   0.0000
Not control        36574654          0   0.0000%   0.0000
------------------------------------------------------------------------------------------------------------------------------------------------------------------------------------

------------------------------------------------------DIRECT CONDITIONAL BRANCH PREDICTION MEASUREMENTS (Last 10M instructions)-----------------------------------------------------
       Instr       Cycles      IPC      NumBr     MispBr BrPerCyc MispBrPerCyc        MR     MPKI      CycWP   CycWPAvg   CycWPPKI
    10000022      3368051   2.9691    1565176      60568   0.4647       0.0180   3.8697%   6.0568    1681967    27.7699   168.1963
------------------------------------------------------------------------------------------------------------------------------------------------------------------------------------

------------------------------------------------------DIRECT CONDITIONAL BRANCH PREDICTION MEASUREMENTS (Last 25M instructions)-----------------------------------------------------
       Instr       Cycles      IPC      NumBr     MispBr BrPerCyc MispBrPerCyc        MR     MPKI      CycWP   CycWPAvg   CycWPPKI
    25000022      8351422   2.9935    3842017     138346   0.4600       0.0166   3.6009%   5.5338    4000664    28.9178   160.0264
-------------------------------------------------------------------------------------------------------------------------------------------------------------------------------------

---------------------------------------------------------DIRECT CONDITIONAL BRANCH PREDICTION MEASUREMENTS (50 Perc instructions)---------------------------------------------------
       Instr       Cycles      IPC      NumBr     MispBr BrPerCyc MispBrPerCyc        MR     MPKI      CycWP   CycWPAvg   CycWPPKI
    20000022      6766390   2.9558    2962421     114064   0.4378       0.0169   3.8504%   5.7032    3354075    29.4052   167.7036
------------------------------------------------------------------------------------------------------------------------------------------------------------------------------------

-------------------------------------DIRECT CONDITIONAL BRANCH PREDICTION MEASUREMENTS (Full Simulation i.e. Counts Not Reset When Warmup Ends)-------------------------------------
       Instr       Cycles      IPC      NumBr     MispBr BrPerCyc MispBrPerCyc        MR     MPKI      CycWP   CycWPAvg   CycWPPKI
    40000022     12969078   3.0843    6002648     184334   0.4628       0.0142   3.0709%   4.6083    5471345    29.6817   136.7835
------------------------------------------------------------------------------------------------------------------------------------------------------------------------------------
 Read 40000022 instrs 
G_PERCEP PC=0xAAAAAB4FA3FC, theta= 320, max bias=   0, baseline_comp=  0, stable_cnt=  0, grace_period=  0, time_alive=6258
G_PERCEP PC=0xAAAAAB318314, theta= 320, max bias=   0, baseline_comp=  0, stable_cnt=  0, grace_period=  0, time_alive=18263
G_PERCEP PC=0xAAAAAB3A2EA0, theta= 320, max bias=  23, baseline_comp=  1, stable_cnt=  0, grace_period=511, time_alive=47434
G_PERCEP PC=0xAAAAAB3A24F0, theta= 296, max bias=  42, baseline_comp=  1, stable_cnt=  1, grace_period=511, time_alive=40808
G_PERCEP PC=0xAAAAAB3A1B9C, theta= 320, max bias=   0, baseline_comp=  0, stable_cnt=  0, grace_period=  0, time_alive=43391
G_PERCEP PC=0xAAAAAB498240, theta= 312, max bias=  34, baseline_comp=  0, stable_cnt= 16, grace_period=511, time_alive=6663
G_PERCEP PC=0xAAAAAB3A2E64, theta= 304, max bias=  34, baseline_comp=  1, stable_cnt=  0, grace_period=511, time_alive=47428
G_PERCEP PC=0xAAAAAB3A2F7C, theta= 312, max bias=  20, baseline_comp=  9, stable_cnt=  0, grace_period=511, time_alive=47430
G_PERCEP PC=0xAAAAAB3B30DC, theta= 312, max bias=  33, baseline_comp=  2, stable_cnt=  0, grace_period=511, time_alive=4397
G_PERCEP PC=0xAAAAAB3182F0, theta= 320, max bias=   0, baseline_comp=  0, stable_cnt=  0, grace_period=  0, time_alive=6262
G_PERCEP PC=0xAAAAAB3B3B80, theta= 312, max bias=  37, baseline_comp=  1, stable_cnt=  0, grace_period=511, time_alive=10932
G_PERCEP PC=0xAAAAAB4FA434, theta= 320, max bias=   0, baseline_comp=  0, stable_cnt=  0, grace_period=  0, time_alive=6218
G_PERCEP PC=0xAAAAAB4B3024, theta= 280, max bias=  68, baseline_comp=  0, stable_cnt=  0, grace_period=511, time_alive=40776
G_PERCEP PC=0xAAAAAB3B38E8, theta= 304, max bias=  45, baseline_comp=  0, stable_cnt=  5, grace_period=511, time_alive=3674
G_PERCEP PC=0xAAAAAB3B40B4, theta= 352, max bias=  35, baseline_comp=  0, stable_cnt= 21, grace_period=511, time_alive=343
G_PERCEP PC=0xAAAAAB49BBF0, theta= 304, max bias=  19, baseline_comp=  3, stable_cnt=  0, grace_period=511, time_alive=  0
L_PERCEP PC=0xAAAAAB4C2774, theta= 261, max bias=   5, baseline_comp=  0, stable_cnt=  0, grace_period= 27, time_alive=291
L_PERCEP PC=0xAAAAAB4C30FC, theta= 261, max bias=  17, baseline_comp=  0, stable_cnt=226, grace_period=511, time_alive= 13
L_PERCEP PC=0xAAAAAB4B7E44, theta= 261, max bias=   2, baseline_comp=  0, stable_cnt=  1, grace_period=511, time_alive= 12
L_PERCEP PC=0xAAAAAB4C1B4C, theta= 261, max bias=   9, baseline_comp=  0, stable_cnt=  0, grace_period= 41, time_alive=15002
L_PERCEP PC=0xAAAAAB4B9FFC, theta= 261, max bias=  10, baseline_comp=  0, stable_cnt= 33, grace_period=511, time_alive=874
L_PERCEP PC=0xAAAAAB3B4064, theta= 261, max bias=  12, baseline_comp=  0, stable_cnt=  0, grace_period=359, time_alive=26834
L_PERCEP PC=0xAAAAAB496B0C, theta= 261, max bias=  22, baseline_comp=  0, stable_cnt=  0, grace_period=393, time_alive=30519
L_PERCEP PC=0xAAAAAB523F70, theta= 261, max bias=  11, baseline_comp=  3, stable_cnt=  0, grace_period=234, time_alive=33698
L_PERCEP PC=0xAAAAAB523FC4, theta= 261, max bias=  30, baseline_comp=  0, stable_cnt=  6, grace_period=511, time_alive=33692
L_PERCEP PC=0xAAAAAB3B4214, theta= 261, max bias=  26, baseline_comp=  1, stable_cnt=  0, grace_period=511, time_alive=18931
L_PERCEP PC=0xAAAAAB4BE5D0, theta= 269, max bias=  10, baseline_comp=  1, stable_cnt=  0, grace_period=511, time_alive=1788
L_PERCEP PC=0xAAAAAB499C6C, theta= 277, max bias=  13, baseline_comp=  0, stable_cnt=129, grace_period=511, time_alive=31038
L_PERCEP PC=0xAAAAAB524110, theta= 261, max bias=  25, baseline_comp=  2, stable_cnt=  0, grace_period=511, time_alive=31051
L_PERCEP PC=0xAAAAAB499D90, theta= 269, max bias=  25, baseline_comp=  0, stable_cnt=  2, grace_period=511, time_alive=31047
L_PERCEP PC=0xAAAAAB5240D4, theta= 261, max bias=  19, baseline_comp=  2, stable_cnt=  0, grace_period=511, time_alive=31048
L_PERCEP PC=0xAAAAAB4982E0, theta= 261, max bias=  16, baseline_comp=  2, stable_cnt=  0, grace_period=511, time_alive=45678
L_PERCEP PC=0xAAAAAB498258, theta= 261, max bias=  31, baseline_comp=  0, stable_cnt=121, grace_period=511, time_alive=44905
L_PERCEP PC=0xAAAAAB49B7E8, theta= 261, max bias=   4, baseline_comp=  0, stable_cnt=  0, grace_period= 11, time_alive=45668
L_PERCEP PC=0xAAAAAB49AB28, theta= 261, max bias=   9, baseline_comp=  2, stable_cnt=  0, grace_period= 87, time_alive=871
L_PERCEP PC=0xAAAAAB4A2D24, theta= 261, max bias=  19, baseline_comp=  6, stable_cnt=  0, grace_period=511, time_alive=318
L_PERCEP PC=0xAAAAAB49BBCC, theta= 261, max bias=  34, baseline_comp=  0, stable_cnt=234, grace_period=511, time_alive=  1
L_PERCEP PC=0xAAAAAB3B3908, theta= 245, max bias=  46, baseline_comp=  2, stable_cnt=  0, grace_period=511, time_alive=30912
L_PERCEP PC=0xAAAAAB49BBF0, theta= 269, max bias=  14, baseline_comp=  2, stable_cnt=  0, grace_period=511, time_alive=  0
L_PERCEP PC=0xAAAAAB4C3034, theta= 261, max bias=  29, baseline_comp= 12, stable_cnt=  0, grace_period=511, time_alive= 14
L_PERCEP PC=0xAAAAAB3B40A0, theta= 245, max bias=  22, baseline_comp=  1, stable_cnt=  0, grace_period=511, time_alive=26829
L_PERCEP PC=0xAAAAAB3B38E8, theta= 261, max bias=  13, baseline_comp=  4, stable_cnt=  0, grace_period=511, time_alive=30913
L_PERCEP PC=0xAAAAAB3B3B80, theta= 277, max bias=  22, baseline_comp=  1, stable_cnt=  3, grace_period=511, time_alive=59127
L_PERCEP PC=0xAAAAAB498300, theta= 261, max bias=  21, baseline_comp=  0, stable_cnt=  0, grace_period= 97, time_alive=45676
L_PERCEP PC=0xAAAAAB3B3A18, theta= 261, max bias=   9, baseline_comp=  0, stable_cnt= 10, grace_period=511, time_alive=30940
L_PERCEP PC=0xAAAAAB498240, theta= 261, max bias=  35, baseline_comp=  0, stable_cnt= 37, grace_period=511, time_alive=44907
L_PERCEP PC=0xAAAAAB3B425C, theta= 269, max bias=  12, baseline_comp=  1, stable_cnt=  0, grace_period=511, time_alive=18930
L_PERCEP PC=0xAAAAAB3B4234, theta= 269, max bias=  35, baseline_comp=  1, stable_cnt=  0, grace_period=511, time_alive=18927

ExecTime = 464.41740560531616
