CMD:bin/cbp.behrendt traces/web/web_18_trace.gz
L_PERCEP PC=0xAAAAB1F50A20, theta= 261, max bias=  22, baseline_comp=  0, stable_cnt=255, grace_period=511, time_alive=  0
G_PERCEP PC=0xAAAAB1F50A20, theta= 304, max bias=  22, baseline_comp=  0, stable_cnt=255, grace_period=511, time_alive=  0
G_PERCEP PC=0xAAAAB1F4EDCC, theta= 320, max bias=   4, baseline_comp=  0, stable_cnt=255, grace_period=511, time_alive=  0
L_PERCEP PC=0xAAAAB1F50A20, theta= 253, max bias=  10, baseline_comp=  0, stable_cnt=255, grace_period=511, time_alive=  0
G_PERCEP PC=0xAAAAB1F50A20, theta= 304, max bias=  24, baseline_comp=  0, stable_cnt=255, grace_period=511, time_alive=  0
L_PERCEP PC=0xAAAAB1F50A20, theta= 261, max bias=  13, baseline_comp=  0, stable_cnt=255, grace_period=511, time_alive=  0
G_PERCEP PC=0xAAAAB2628200, theta= 344, max bias=  17, baseline_comp=  0, stable_cnt=255, grace_period=511, time_alive=  0
L_PERCEP PC=0xAAAAB2627E24, theta= 261, max bias=  28, baseline_comp=  0, stable_cnt=255, grace_period=511, time_alive=  0
G_PERCEP PC=0xAAAAB2627E24, theta= 320, max bias=  21, baseline_comp=  0, stable_cnt=255, grace_period=511, time_alive=  0
5000000 instrs 
G_PERCEP PC=0xAAAAB1F50A20, theta= 288, max bias=  39, baseline_comp=  0, stable_cnt=255, grace_period=511, time_alive=  0
L_PERCEP PC=0xAAAAB1F4EDCC, theta= 133, max bias=   7, baseline_comp=  0, stable_cnt=255, grace_period=511, time_alive=  0
L_PERCEP PC=0xAAAAB2628240, theta= 261, max bias=  20, baseline_comp=  0, stable_cnt=255, grace_period=511, time_alive=  0
G_PERCEP PC=0xAAAAB2628240, theta= 320, max bias=  21, baseline_comp=  0, stable_cnt=255, grace_period=511, time_alive=  0
G_PERCEP PC=0xAAAAB1F50A20, theta= 304, max bias=  18, baseline_comp=  0, stable_cnt=255, grace_period=511, time_alive=  0
L_PERCEP PC=0xAAAAB1F50A20, theta= 261, max bias=   9, baseline_comp=  0, stable_cnt=255, grace_period=511, time_alive=  0
L_PERCEP PC=0xAAAAB2627D90, theta= 261, max bias=  15, baseline_comp=  0, stable_cnt=255, grace_period=511, time_alive=  0
G_PERCEP PC=0xAAAAB2627D90, theta= 320, max bias=   9, baseline_comp=  0, stable_cnt=255, grace_period=511, time_alive=  0
G_PERCEP PC=0xAAAAB2627E24, theta= 320, max bias=  19, baseline_comp=  0, stable_cnt=255, grace_period=511, time_alive=  0
L_PERCEP PC=0xAAAAB2627E24, theta= 261, max bias=  19, baseline_comp=  0, stable_cnt=255, grace_period=511, time_alive=  0
L_PERCEP PC=0xAAAAB1F50970, theta= 261, max bias=   5, baseline_comp=  0, stable_cnt=255, grace_period=511, time_alive=  0
G_PERCEP PC=0xAAAAB1F50970, theta= 320, max bias=   8, baseline_comp=  0, stable_cnt=255, grace_period=511, time_alive=  0
G_PERCEP PC=0xAAAAB1F50A20, theta= 320, max bias=  11, baseline_comp=  0, stable_cnt=255, grace_period=511, time_alive=  0
L_PERCEP PC=0xAAAAB1F50A20, theta= 261, max bias=   6, baseline_comp=  0, stable_cnt=255, grace_period=511, time_alive=  0
L_PERCEP PC=0xAAAAB2627E24, theta= 261, max bias=  14, baseline_comp=  0, stable_cnt=255, grace_period=511, time_alive=  0
G_PERCEP PC=0xAAAAB2627E24, theta= 320, max bias=   6, baseline_comp=  0, stable_cnt=255, grace_period=511, time_alive=  0
10000000 instrs 
L_PERCEP PC=0xAAAAB1F50A20, theta= 261, max bias=   5, baseline_comp=  0, stable_cnt=255, grace_period=511, time_alive=  0
L_PERCEP PC=0xAAAAB1978DBC, theta= 261, max bias=  26, baseline_comp=  0, stable_cnt=255, grace_period=511, time_alive=  0
G_PERCEP PC=0xAAAAB1978DBC, theta= 320, max bias=   9, baseline_comp=  0, stable_cnt=255, grace_period=511, time_alive=  0
L_PERCEP PC=0xAAAAB2627E24, theta= 261, max bias=  12, baseline_comp=  0, stable_cnt=255, grace_period=511, time_alive=  0
G_PERCEP PC=0xAAAAB2627E24, theta= 320, max bias=   5, baseline_comp=  0, stable_cnt=255, grace_period=511, time_alive=  0
L_PERCEP PC=0xAAAAB1F507EC, theta= 221, max bias=  18, baseline_comp=  0, stable_cnt=255, grace_period=511, time_alive=  0
G_PERCEP PC=0xAAAAB1F50A20, theta= 296, max bias=  38, baseline_comp=  0, stable_cnt=255, grace_period=511, time_alive=  0
G_PERCEP PC=0xAAAAB1F4EDCC, theta= 320, max bias=  27, baseline_comp=  0, stable_cnt=255, grace_period=511, time_alive=  0
L_PERCEP PC=0xAAAAB1F4EDCC, theta= 245, max bias=   7, baseline_comp=  0, stable_cnt=255, grace_period=511, time_alive=  0
L_PERCEP PC=0xAAAAB2627E24, theta= 261, max bias=   6, baseline_comp=  0, stable_cnt=255, grace_period=511, time_alive=  0
G_PERCEP PC=0xAAAAB2627E24, theta= 320, max bias=  10, baseline_comp=  0, stable_cnt=255, grace_period=511, time_alive=  0
L_PERCEP PC=0xAAAAB1F50A20, theta= 261, max bias=   7, baseline_comp=  0, stable_cnt=255, grace_period=511, time_alive=  0
G_PERCEP PC=0xAAAAB1F507EC, theta= 296, max bias=  24, baseline_comp=  0, stable_cnt=255, grace_period=511, time_alive=  0
G_PERCEP PC=0xAAAAB1F50A20, theta= 304, max bias=  33, baseline_comp=  0, stable_cnt=255, grace_period=511, time_alive=  0
L_PERCEP PC=0xAAAAB2627E24, theta= 261, max bias=   4, baseline_comp=  0, stable_cnt=255, grace_period=511, time_alive=  0
G_PERCEP PC=0xAAAAB2627E24, theta= 320, max bias=   5, baseline_comp=  0, stable_cnt=255, grace_period=511, time_alive=  0
15000000 instrs 
EOF
======== Predictor Memory ========
TAGE-SC-L (bits) = 1305275
TAGE-SC-L (KBytes) = 159.335327
H2P_ID_MEM_BITS = 19456
H2P_ID_MEM (KBytes) = 2.375000
L_PERCEP_MEM_BITS = 176320
L_PERCEP_MEM (KBytes) = 21.523438
G_PERCEP_MEM_BITS = 33184
G_PERCEP_MEM (KBytes) = 4.050781
Total Memory (bits) = 1534235
Total Memory (KBytes) = 187.284546
======== Runtime Statistics ========
COL h2p_insert_cnt = 30
COL h2p_with_tage = 1827615
COL h2p_with_lhist_percep = 3756
COL h2p_with_ghist_percep = 0
COL filtered_updates = 1
COL lhist_percep_evictions = 20
COL ghist_percep_evictions = 21
COL lhist_percep_stale_evictions = 0
COL ghist_percep_stale_evictions = 0
======== End of Statistics ========
WINDOW_SIZE = 1024
FETCH_WIDTH = 16
FETCH_NUM_BRANCH = 16
FETCH_STOP_AT_INDIRECT = 1
FETCH_STOP_AT_TAKEN = 1
FETCH_MODEL_ICACHE = 1
PERFECT_BRANCH_PRED = 0
PERFECT_INDIRECT_PRED = 1
PIPELINE_FILL_LATENCY = 10
NUM_LDST_LANES = 8
NUM_ALU_LANES = 16
MEMORY HIERARCHY CONFIGURATION---------------------
STRIDE Prefetcher = 1
PERFECT_CACHE = 0
WRITE_ALLOCATE = 1
Within-pipeline factors:
	AGEN latency = 1 cycle
	Store Queue (SQ): SQ size = window size, oracle memory disambiguation, store-load forwarding = 1 cycle after store's or load's agen.
	* Note: A store searches the L1$ at commit. The store is released
	* from the SQ and window, whether it hits or misses. Store misses
	* are buffered until the block is allocated and the store is
	* performed in the L1$. While buffered, conflicting loads get
	* the store's data as they would from the SQ.
I$: 128 KB, 8-way set-assoc., 64B block size
L1$: 128 KB, 8-way set-assoc., 64B block size, 3-cycle search latency
L2$: 4 MB, 8-way set-assoc., 64B block size, 12-cycle search latency
L3$: 32 MB, 16-way set-assoc., 128B block size, 50-cycle search latency
Main Memory: 150-cycle fixed search time
---------------------------STORE QUEUE MEASUREMENTS (Full Simulation i.e. Counts Not Reset When Warmup Ends)---------------------------
Number of loads: 3697981
Number of loads that miss in SQ: 3057259 (82.67%)
Number of PFs issued to the memory system 497364
---------------------------------------------------------------------------------------------------------------------------------------
------------------------MEMORY HIERARCHY MEASUREMENTS (Full Simulation i.e. Counts Not Reset When Warmup Ends)-------------------------
I$:
	accesses   = 15645981
	misses     = 6016
	miss ratio = 0.04%
	pf accesses   = 0
	pf misses     = 0
	pf miss ratio = -nan%
L1$:
	accesses   = 4748976
	misses     = 19428
	miss ratio = 0.41%
	pf accesses   = 497364
	pf misses     = 161
	pf miss ratio = 0.03%
L2$:
	accesses   = 25444
	misses     = 18012
	miss ratio = 70.79%
	pf accesses   = 161
	pf misses     = 135
	pf miss ratio = 83.85%
L3$:
	accesses   = 18012
	misses     = 9930
	miss ratio = 55.13%
	pf accesses   = 135
	pf misses     = 73
	pf miss ratio = 54.07%
---------------------------------------------------------------------------------------------------------------------------------------
----------------------------------------------Prefetcher (Full Simulation i.e. No Warmup)----------------------------------------------
Num Trainings :3697981
Num Prefetches generated :497416
Num Prefetches issued :966340
Num Prefetches filtered by PF queue :20519
Num untimely prefetches dropped from PF queue :52
Num prefetches not issued LDST contention :468976
Num prefetches not issued stride 0 :1390797
---------------------------------------------------------------------------------------------------------------------------------------

-------------------------------ILP LIMIT STUDY (Full Simulation i.e. Counts Not Reset When Warmup Ends)--------------------------------
instructions = 15000059
cycles       = 3924393
CycWP        = 2042664
IPC          = 3.8223

---------------------------------------------------------------------------------------------------------------------------------------

-----------------------------------------------BRANCH PREDICTION MEASUREMENTS (Full Simulation i.e. Counts Not Reset When Warmup Ends)----------------------------------------------
Type                   NumBr     MispBr        mr     mpki
CondDirect          1853795      41173   2.2210%   2.7449
JumpDirect            95737          0   0.0000%   0.0000
JumpIndirect           6432          0   0.0000%   0.0000
JumpReturn            32032          0   0.0000%   0.0000
Not control        13657985          0   0.0000%   0.0000
------------------------------------------------------------------------------------------------------------------------------------------------------------------------------------

------------------------------------------------------DIRECT CONDITIONAL BRANCH PREDICTION MEASUREMENTS (Last 10M instructions)-----------------------------------------------------
       Instr       Cycles      IPC      NumBr     MispBr BrPerCyc MispBrPerCyc        MR     MPKI      CycWP   CycWPAvg   CycWPPKI
    10000059      2467420   4.0528    1240675      26361   0.5028       0.0107   2.1247%   2.6361    1311079    49.7356   131.1071
------------------------------------------------------------------------------------------------------------------------------------------------------------------------------------

------------------------------------------------------DIRECT CONDITIONAL BRANCH PREDICTION MEASUREMENTS (Last 25M instructions)-----------------------------------------------------
       Instr       Cycles      IPC      NumBr     MispBr BrPerCyc MispBrPerCyc        MR     MPKI      CycWP   CycWPAvg   CycWPPKI
    15000059      3924393   3.8223    1853795      41173   0.4724       0.0105   2.2210%   2.7449    2042664    49.6117   136.1771
-------------------------------------------------------------------------------------------------------------------------------------------------------------------------------------

---------------------------------------------------------DIRECT CONDITIONAL BRANCH PREDICTION MEASUREMENTS (50 Perc instructions)---------------------------------------------------
       Instr       Cycles      IPC      NumBr     MispBr BrPerCyc MispBrPerCyc        MR     MPKI      CycWP   CycWPAvg   CycWPPKI
     8000059      1977739   4.0451     994147      20547   0.5027       0.0104   2.0668%   2.5684    1028862    50.0736   128.6068
------------------------------------------------------------------------------------------------------------------------------------------------------------------------------------

-------------------------------------DIRECT CONDITIONAL BRANCH PREDICTION MEASUREMENTS (Full Simulation i.e. Counts Not Reset When Warmup Ends)-------------------------------------
       Instr       Cycles      IPC      NumBr     MispBr BrPerCyc MispBrPerCyc        MR     MPKI      CycWP   CycWPAvg   CycWPPKI
    15000059      3924393   3.8223    1853795      41173   0.4724       0.0105   2.2210%   2.7449    2042664    49.6117   136.1771
------------------------------------------------------------------------------------------------------------------------------------------------------------------------------------
 Read 15000059 instrs 
G_PERCEP PC=0xAAAAB1F50A20, theta= 320, max bias=   1, baseline_comp=  0, stable_cnt=  0, grace_period= 36, time_alive=  0
G_PERCEP PC=0xAAAAB1F4EDCC, theta= 320, max bias=  11, baseline_comp=  0, stable_cnt=  0, grace_period=298, time_alive=649
G_PERCEP PC=0xAAAAB2627D90, theta= 320, max bias=  10, baseline_comp=  2, stable_cnt=  0, grace_period=511, time_alive=  2
G_PERCEP PC=0xAAAAB2628240, theta= 320, max bias=  20, baseline_comp=  1, stable_cnt=  0, grace_period=511, time_alive= 84
G_PERCEP PC=0xAAAAB2627F70, theta= 320, max bias=  17, baseline_comp=  1, stable_cnt=  0, grace_period=511, time_alive=368
G_PERCEP PC=0xAAAAB2627DD0, theta= 312, max bias=   9, baseline_comp=  3, stable_cnt=  0, grace_period=511, time_alive=  3
G_PERCEP PC=0xAAAAB1F509BC, theta= 320, max bias=  34, baseline_comp= 24, stable_cnt=  0, grace_period=511, time_alive=  1
G_PERCEP PC=0xAAAAB2628168, theta= 320, max bias=  30, baseline_comp=  5, stable_cnt=  0, grace_period=511, time_alive=107
G_PERCEP PC=0xAAAAB2628238, theta= 424, max bias=  51, baseline_comp=  2, stable_cnt=  0, grace_period=511, time_alive= 85
L_PERCEP PC=0xAAAAB1F50A20, theta= 261, max bias=   8, baseline_comp=  0, stable_cnt=  0, grace_period= 36, time_alive=  0
L_PERCEP PC=0xAAAAB1F4EDCC, theta= 261, max bias=  18, baseline_comp=  0, stable_cnt=  0, grace_period=298, time_alive=1007
L_PERCEP PC=0xAAAAB2627D90, theta= 261, max bias=  15, baseline_comp=  2, stable_cnt=  0, grace_period=511, time_alive=  2
L_PERCEP PC=0xAAAAB2628240, theta= 261, max bias=   8, baseline_comp=  1, stable_cnt=  0, grace_period=511, time_alive= 84
L_PERCEP PC=0xAAAAB2627F70, theta= 261, max bias=  38, baseline_comp=  0, stable_cnt= 29, grace_period=511, time_alive=457
L_PERCEP PC=0xAAAAB2627DD0, theta= 253, max bias=  45, baseline_comp=  1, stable_cnt=  0, grace_period=511, time_alive=  3
L_PERCEP PC=0xAAAAB1F509BC, theta= 253, max bias=  60, baseline_comp= 29, stable_cnt=  0, grace_period=511, time_alive=  1
L_PERCEP PC=0xAAAAB2628168, theta= 261, max bias=  30, baseline_comp=  3, stable_cnt=  0, grace_period=511, time_alive=115
L_PERCEP PC=0xAAAAB2628238, theta= 237, max bias=  19, baseline_comp= 14, stable_cnt=  0, grace_period=511, time_alive= 85
L_PERCEP PC=0xAAAAB2628200, theta= 221, max bias=  14, baseline_comp=  2, stable_cnt=  0, grace_period=511, time_alive= 90

ExecTime = 142.11517691612244
