CMD:bin/cbp.behrendt traces/web/web_20_trace.gz
L_PERCEP PC=0xAAAAACECA0B4, theta= 261, max bias=  18, baseline_comp=  0, stable_cnt=255, grace_period=511, time_alive=  0
G_PERCEP PC=0xAAAAACECA0B4, theta= 312, max bias=  26, baseline_comp=  0, stable_cnt=255, grace_period=511, time_alive=  0
5000000 instrs 
L_PERCEP PC=0xAAAAACEDE24C, theta= 261, max bias=  17, baseline_comp=  0, stable_cnt=255, grace_period=511, time_alive=  0
G_PERCEP PC=0xAAAAACEDE24C, theta= 320, max bias=  32, baseline_comp=  0, stable_cnt=255, grace_period=511, time_alive=  0
L_PERCEP PC=0xAAAAACECA054, theta= 261, max bias=  24, baseline_comp=  0, stable_cnt=255, grace_period=511, time_alive=  0
G_PERCEP PC=0xAAAAACECA054, theta= 312, max bias=  20, baseline_comp=  0, stable_cnt=255, grace_period=511, time_alive=  0
10000000 instrs 
15000000 instrs 
20000000 instrs 
EOF
======== Predictor Memory ========
TAGE-SC-L (bits) = 1305275
TAGE-SC-L (KBytes) = 159.335327
H2P_ID_MEM_BITS = 19456
H2P_ID_MEM (KBytes) = 2.375000
L_PERCEP_MEM_BITS = 176320
L_PERCEP_MEM (KBytes) = 21.523438
G_PERCEP_MEM_BITS = 33184
G_PERCEP_MEM (KBytes) = 4.050781
Total Memory (bits) = 1534235
Total Memory (KBytes) = 187.284546
======== Runtime Statistics ========
COL h2p_insert_cnt = 11
COL h2p_with_tage = 3084388
COL h2p_with_lhist_percep = 0
COL h2p_with_ghist_percep = 0
COL filtered_updates = 0
COL lhist_percep_evictions = 3
COL ghist_percep_evictions = 3
COL lhist_percep_stale_evictions = 0
COL ghist_percep_stale_evictions = 0
======== End of Statistics ========
WINDOW_SIZE = 1024
FETCH_WIDTH = 16
FETCH_NUM_BRANCH = 16
FETCH_STOP_AT_INDIRECT = 1
FETCH_STOP_AT_TAKEN = 1
FETCH_MODEL_ICACHE = 1
PERFECT_BRANCH_PRED = 0
PERFECT_INDIRECT_PRED = 1
PIPELINE_FILL_LATENCY = 10
NUM_LDST_LANES = 8
NUM_ALU_LANES = 16
MEMORY HIERARCHY CONFIGURATION---------------------
STRIDE Prefetcher = 1
PERFECT_CACHE = 0
WRITE_ALLOCATE = 1
Within-pipeline factors:
	AGEN latency = 1 cycle
	Store Queue (SQ): SQ size = window size, oracle memory disambiguation, store-load forwarding = 1 cycle after store's or load's agen.
	* Note: A store searches the L1$ at commit. The store is released
	* from the SQ and window, whether it hits or misses. Store misses
	* are buffered until the block is allocated and the store is
	* performed in the L1$. While buffered, conflicting loads get
	* the store's data as they would from the SQ.
I$: 128 KB, 8-way set-assoc., 64B block size
L1$: 128 KB, 8-way set-assoc., 64B block size, 3-cycle search latency
L2$: 4 MB, 8-way set-assoc., 64B block size, 12-cycle search latency
L3$: 32 MB, 16-way set-assoc., 128B block size, 50-cycle search latency
Main Memory: 150-cycle fixed search time
---------------------------STORE QUEUE MEASUREMENTS (Full Simulation i.e. Counts Not Reset When Warmup Ends)---------------------------
Number of loads: 5290864
Number of loads that miss in SQ: 4537427 (85.76%)
Number of PFs issued to the memory system 187520
---------------------------------------------------------------------------------------------------------------------------------------
------------------------MEMORY HIERARCHY MEASUREMENTS (Full Simulation i.e. Counts Not Reset When Warmup Ends)-------------------------
I$:
	accesses   = 21915752
	misses     = 279179
	miss ratio = 1.27%
	pf accesses   = 0
	pf misses     = 0
	pf miss ratio = -nan%
L1$:
	accesses   = 7991231
	misses     = 171503
	miss ratio = 2.15%
	pf accesses   = 187520
	pf misses     = 3976
	pf miss ratio = 2.12%
L2$:
	accesses   = 450682
	misses     = 50120
	miss ratio = 11.12%
	pf accesses   = 3976
	pf misses     = 1327
	pf miss ratio = 33.38%
L3$:
	accesses   = 50120
	misses     = 28077
	miss ratio = 56.02%
	pf accesses   = 1327
	pf misses     = 762
	pf miss ratio = 57.42%
---------------------------------------------------------------------------------------------------------------------------------------
----------------------------------------------Prefetcher (Full Simulation i.e. No Warmup)----------------------------------------------
Num Trainings :5290864
Num Prefetches generated :188859
Num Prefetches issued :388803
Num Prefetches filtered by PF queue :5873
Num untimely prefetches dropped from PF queue :1339
Num prefetches not issued LDST contention :201283
Num prefetches not issued stride 0 :920207
---------------------------------------------------------------------------------------------------------------------------------------

-------------------------------ILP LIMIT STUDY (Full Simulation i.e. Counts Not Reset When Warmup Ends)--------------------------------
instructions = 20000004
cycles       = 10232554
CycWP        = 1996108
IPC          = 1.9545

---------------------------------------------------------------------------------------------------------------------------------------

-----------------------------------------------BRANCH PREDICTION MEASUREMENTS (Full Simulation i.e. Counts Not Reset When Warmup Ends)----------------------------------------------
Type                   NumBr     MispBr        mr     mpki
CondDirect          3186911      64779   2.0327%   3.2389
JumpDirect           438678          0   0.0000%   0.0000
JumpIndirect         165799          0   0.0000%   0.0000
JumpReturn           242119          0   0.0000%   0.0000
Not control        17882245          0   0.0000%   0.0000
------------------------------------------------------------------------------------------------------------------------------------------------------------------------------------

------------------------------------------------------DIRECT CONDITIONAL BRANCH PREDICTION MEASUREMENTS (Last 10M instructions)-----------------------------------------------------
       Instr       Cycles      IPC      NumBr     MispBr BrPerCyc MispBrPerCyc        MR     MPKI      CycWP   CycWPAvg   CycWPPKI
    10000004      3737263   2.6758    1586755      18185   0.4246       0.0049   1.1460%   1.8185     572267    31.4692    57.2267
------------------------------------------------------------------------------------------------------------------------------------------------------------------------------------

------------------------------------------------------DIRECT CONDITIONAL BRANCH PREDICTION MEASUREMENTS (Last 25M instructions)-----------------------------------------------------
       Instr       Cycles      IPC      NumBr     MispBr BrPerCyc MispBrPerCyc        MR     MPKI      CycWP   CycWPAvg   CycWPPKI
    20000004     10232554   1.9545    3186911      64779   0.3114       0.0063   2.0327%   3.2389    1996108    30.8141    99.8054
-------------------------------------------------------------------------------------------------------------------------------------------------------------------------------------

---------------------------------------------------------DIRECT CONDITIONAL BRANCH PREDICTION MEASUREMENTS (50 Perc instructions)---------------------------------------------------
       Instr       Cycles      IPC      NumBr     MispBr BrPerCyc MispBrPerCyc        MR     MPKI      CycWP   CycWPAvg   CycWPPKI
    10000004      3737263   2.6758    1586755      18185   0.4246       0.0049   1.1460%   1.8185     572267    31.4692    57.2267
------------------------------------------------------------------------------------------------------------------------------------------------------------------------------------

-------------------------------------DIRECT CONDITIONAL BRANCH PREDICTION MEASUREMENTS (Full Simulation i.e. Counts Not Reset When Warmup Ends)-------------------------------------
       Instr       Cycles      IPC      NumBr     MispBr BrPerCyc MispBrPerCyc        MR     MPKI      CycWP   CycWPAvg   CycWPPKI
    20000004     10232554   1.9545    3186911      64779   0.3114       0.0063   2.0327%   3.2389    1996108    30.8141    99.8054
------------------------------------------------------------------------------------------------------------------------------------------------------------------------------------
 Read 20000004 instrs 
G_PERCEP PC=0xAAAAACEDC5E0, theta= 320, max bias=   2, baseline_comp=  0, stable_cnt=  0, grace_period=  3, time_alive=  1
G_PERCEP PC=0xAAAAB1DEF004, theta= 320, max bias=   1, baseline_comp=  4, stable_cnt=  0, grace_period=112, time_alive=162
G_PERCEP PC=0xAAAAB19BDF3C, theta= 320, max bias=  35, baseline_comp=  5, stable_cnt=  0, grace_period=511, time_alive=276
G_PERCEP PC=0xFFFFDEF709AC, theta= 320, max bias=  13, baseline_comp=  3, stable_cnt=  0, grace_period=511, time_alive=  0
G_PERCEP PC=0xAAAAB1DEF208, theta= 320, max bias=  11, baseline_comp=  0, stable_cnt=  0, grace_period=320, time_alive=159
G_PERCEP PC=0xAAAAB17DC53C, theta= 320, max bias=   7, baseline_comp=  4, stable_cnt=  0, grace_period=210, time_alive=278
G_PERCEP PC=0xAAAAB19BE104, theta= 312, max bias=  25, baseline_comp=  3, stable_cnt=  0, grace_period=511, time_alive=784
G_PERCEP PC=0xAAAAB1DEEEE8, theta= 320, max bias=  13, baseline_comp=  1, stable_cnt=  0, grace_period=511, time_alive=160
L_PERCEP PC=0xAAAAACEDC5E0, theta= 261, max bias=   2, baseline_comp=  0, stable_cnt=  0, grace_period=  3, time_alive=  1
L_PERCEP PC=0xAAAAB1DEF004, theta= 261, max bias=   7, baseline_comp=  4, stable_cnt=  0, grace_period=112, time_alive=162
L_PERCEP PC=0xAAAAB19BDF3C, theta= 261, max bias=  22, baseline_comp=  4, stable_cnt=  0, grace_period=511, time_alive=276
L_PERCEP PC=0xFFFFDEF709AC, theta= 261, max bias=   3, baseline_comp=  3, stable_cnt=  0, grace_period=511, time_alive=  0
L_PERCEP PC=0xAAAAB1DEF208, theta= 261, max bias=  11, baseline_comp=  0, stable_cnt=  0, grace_period=320, time_alive=159
L_PERCEP PC=0xAAAAB17DC53C, theta= 261, max bias=  15, baseline_comp=  4, stable_cnt=  0, grace_period=210, time_alive=278
L_PERCEP PC=0xAAAAB19BE104, theta= 261, max bias=  18, baseline_comp=  4, stable_cnt=  0, grace_period=511, time_alive=784
L_PERCEP PC=0xAAAAB1DEEEE8, theta= 261, max bias=  21, baseline_comp=  2, stable_cnt=  0, grace_period=511, time_alive=160

ExecTime = 287.50703859329224
