CMD:bin/cbp.jimenez traces/web/web_23_trace.gz
CSC TABLE SIZE: 69125000000 instrs 
10000000 instrs 
15000000 instrs 
20000000 instrs 
EOF
WINDOW_SIZE = 1024
FETCH_WIDTH = 16
FETCH_NUM_BRANCH = 16
FETCH_STOP_AT_INDIRECT = 1
FETCH_STOP_AT_TAKEN = 1
FETCH_MODEL_ICACHE = 1
PERFECT_BRANCH_PRED = 0
PERFECT_INDIRECT_PRED = 1
PIPELINE_FILL_LATENCY = 10
NUM_LDST_LANES = 8
NUM_ALU_LANES = 16
MEMORY HIERARCHY CONFIGURATION---------------------
STRIDE Prefetcher = 1
PERFECT_CACHE = 0
WRITE_ALLOCATE = 1
Within-pipeline factors:
	AGEN latency = 1 cycle
	Store Queue (SQ): SQ size = window size, oracle memory disambiguation, store-load forwarding = 1 cycle after store's or load's agen.
	* Note: A store searches the L1$ at commit. The store is released
	* from the SQ and window, whether it hits or misses. Store misses
	* are buffered until the block is allocated and the store is
	* performed in the L1$. While buffered, conflicting loads get
	* the store's data as they would from the SQ.
I$: 128 KB, 8-way set-assoc., 64B block size
L1$: 128 KB, 8-way set-assoc., 64B block size, 3-cycle search latency
L2$: 4 MB, 8-way set-assoc., 64B block size, 12-cycle search latency
L3$: 32 MB, 16-way set-assoc., 128B block size, 50-cycle search latency
Main Memory: 150-cycle fixed search time
---------------------------STORE QUEUE MEASUREMENTS (Full Simulation i.e. Counts Not Reset When Warmup Ends)---------------------------
Number of loads: 6243550
Number of loads that miss in SQ: 5067567 (81.16%)
Number of PFs issued to the memory system 548133
---------------------------------------------------------------------------------------------------------------------------------------
------------------------MEMORY HIERARCHY MEASUREMENTS (Full Simulation i.e. Counts Not Reset When Warmup Ends)-------------------------
I$:
	accesses   = 22072562
	misses     = 51822
	miss ratio = 0.23%
	pf accesses   = 0
	pf misses     = 0
	pf miss ratio = -nan%
L1$:
	accesses   = 8828104
	misses     = 80778
	miss ratio = 0.92%
	pf accesses   = 548133
	pf misses     = 13581
	pf miss ratio = 2.48%
L2$:
	accesses   = 132600
	misses     = 49708
	miss ratio = 37.49%
	pf accesses   = 13581
	pf misses     = 7049
	pf miss ratio = 51.90%
L3$:
	accesses   = 49708
	misses     = 30204
	miss ratio = 60.76%
	pf accesses   = 7049
	pf misses     = 4042
	pf miss ratio = 57.34%
---------------------------------------------------------------------------------------------------------------------------------------
----------------------------------------------Prefetcher (Full Simulation i.e. No Warmup)----------------------------------------------
Num Trainings :6243550
Num Prefetches generated :565835
Num Prefetches issued :2771839
Num Prefetches filtered by PF queue :101096
Num untimely prefetches dropped from PF queue :17702
Num prefetches not issued LDST contention :2223706
Num prefetches not issued stride 0 :2770812
---------------------------------------------------------------------------------------------------------------------------------------

-------------------------------ILP LIMIT STUDY (Full Simulation i.e. Counts Not Reset When Warmup Ends)--------------------------------
instructions = 20000047
cycles       = 6292806
CycWP        = 761231
IPC          = 3.1782

---------------------------------------------------------------------------------------------------------------------------------------

-----------------------------------------------BRANCH PREDICTION MEASUREMENTS (Full Simulation i.e. Counts Not Reset When Warmup Ends)----------------------------------------------
Type                   NumBr     MispBr        mr     mpki
CondDirect          3286069      21398   0.6512%   1.0699
JumpDirect           222629          0   0.0000%   0.0000
JumpIndirect          32133          0   0.0000%   0.0000
JumpReturn           121702          0   0.0000%   0.0000
Not control        18410029          0   0.0000%   0.0000
------------------------------------------------------------------------------------------------------------------------------------------------------------------------------------

------------------------------------------------------DIRECT CONDITIONAL BRANCH PREDICTION MEASUREMENTS (Last 10M instructions)-----------------------------------------------------
       Instr       Cycles      IPC      NumBr     MispBr BrPerCyc MispBrPerCyc        MR     MPKI      CycWP   CycWPAvg   CycWPPKI
    10000047      4571331   2.1876    1544231      16238   0.3378       0.0036   1.0515%   1.6238     568985    35.0403    56.8982
------------------------------------------------------------------------------------------------------------------------------------------------------------------------------------

------------------------------------------------------DIRECT CONDITIONAL BRANCH PREDICTION MEASUREMENTS (Last 25M instructions)-----------------------------------------------------
       Instr       Cycles      IPC      NumBr     MispBr BrPerCyc MispBrPerCyc        MR     MPKI      CycWP   CycWPAvg   CycWPPKI
    20000047      6292806   3.1782    3286069      21398   0.5222       0.0034   0.6512%   1.0699     761231    35.5749    38.0615
-------------------------------------------------------------------------------------------------------------------------------------------------------------------------------------

---------------------------------------------------------DIRECT CONDITIONAL BRANCH PREDICTION MEASUREMENTS (50 Perc instructions)---------------------------------------------------
       Instr       Cycles      IPC      NumBr     MispBr BrPerCyc MispBrPerCyc        MR     MPKI      CycWP   CycWPAvg   CycWPPKI
    10000047      4571331   2.1876    1544231      16238   0.3378       0.0036   1.0515%   1.6238     568985    35.0403    56.8982
------------------------------------------------------------------------------------------------------------------------------------------------------------------------------------

-------------------------------------DIRECT CONDITIONAL BRANCH PREDICTION MEASUREMENTS (Full Simulation i.e. Counts Not Reset When Warmup Ends)-------------------------------------
       Instr       Cycles      IPC      NumBr     MispBr BrPerCyc MispBrPerCyc        MR     MPKI      CycWP   CycWPAvg   CycWPPKI
    20000047      6292806   3.1782    3286069      21398   0.5222       0.0034   0.6512%   1.0699     761231    35.5749    38.0615
------------------------------------------------------------------------------------------------------------------------------------------------------------------------------------
 Read 20000047 instrs 

ExecTime = 247.40760397911072
